Archive member included to satisfy reference by file (symbol)

../app_rtos_bsp\libucosii_bsp.a(alt_iic.o)
                              obj/default/./app_rtos.o (alt_ic_isr_register)
../app_rtos_bsp\libucosii_bsp.a(alt_iic_isr_register.o)
                              ../app_rtos_bsp\libucosii_bsp.a(alt_iic.o) (alt_iic_isr_register)
../app_rtos_bsp\libucosii_bsp.a(alt_irq_entry.o)
                              ../app_rtos_bsp\libucosii_bsp.a(alt_iic_isr_register.o) (alt_irq_entry)
../app_rtos_bsp\libucosii_bsp.a(alt_irq_handler.o)
                              ../app_rtos_bsp\libucosii_bsp.a(alt_iic_isr_register.o) (alt_irq)
../app_rtos_bsp\libucosii_bsp.a(alt_irq_vars.o)
                              ../app_rtos_bsp\libucosii_bsp.a(alt_iic.o) (alt_irq_active)
../app_rtos_bsp\libucosii_bsp.a(alt_load.o)
                              ../app_rtos_bsp/obj/HAL/src/crt0.o (alt_load)
../app_rtos_bsp\libucosii_bsp.a(alt_main.o)
                              ../app_rtos_bsp/obj/HAL/src/crt0.o (alt_main)
../app_rtos_bsp\libucosii_bsp.a(alt_env_lock.o)
                              ../app_rtos_bsp\libucosii_bsp.a(alt_main.o) (alt_envsem)
../app_rtos_bsp\libucosii_bsp.a(alt_malloc_lock.o)
                              ../app_rtos_bsp\libucosii_bsp.a(alt_main.o) (alt_heapsem)
../app_rtos_bsp\libucosii_bsp.a(os_core.o)
                              ../app_rtos_bsp\libucosii_bsp.a(alt_malloc_lock.o) (OSRunning)
../app_rtos_bsp\libucosii_bsp.a(os_dbg.o)
                              ../app_rtos_bsp\libucosii_bsp.a(os_core.o) (OSDebugInit)
../app_rtos_bsp\libucosii_bsp.a(os_flag.o)
                              ../app_rtos_bsp\libucosii_bsp.a(os_core.o) (OS_FlagInit)
../app_rtos_bsp\libucosii_bsp.a(os_mbox.o)
                              obj/default/./app_rtos.o (OSMboxCreate)
../app_rtos_bsp\libucosii_bsp.a(os_mem.o)
                              ../app_rtos_bsp\libucosii_bsp.a(os_core.o) (OS_MemInit)
../app_rtos_bsp\libucosii_bsp.a(os_q.o)
                              ../app_rtos_bsp\libucosii_bsp.a(os_core.o) (OS_QInit)
../app_rtos_bsp\libucosii_bsp.a(os_sem.o)
                              obj/default/./app_rtos.o (OSSemCreate)
../app_rtos_bsp\libucosii_bsp.a(os_task.o)
                              obj/default/./app_rtos.o (OSTaskCreateExt)
../app_rtos_bsp\libucosii_bsp.a(os_time.o)
                              ../app_rtos_bsp\libucosii_bsp.a(os_core.o) (OSTimeDly)
../app_rtos_bsp\libucosii_bsp.a(alt_sys_init.o)
                              ../app_rtos_bsp\libucosii_bsp.a(alt_main.o) (alt_irq_init)
../app_rtos_bsp\libucosii_bsp.a(altera_avalon_jtag_uart_fd.o)
                              ../app_rtos_bsp\libucosii_bsp.a(alt_sys_init.o) (altera_avalon_jtag_uart_read_fd)
../app_rtos_bsp\libucosii_bsp.a(altera_avalon_jtag_uart_init.o)
                              ../app_rtos_bsp\libucosii_bsp.a(alt_sys_init.o) (altera_avalon_jtag_uart_init)
../app_rtos_bsp\libucosii_bsp.a(altera_avalon_jtag_uart_ioctl.o)
                              ../app_rtos_bsp\libucosii_bsp.a(altera_avalon_jtag_uart_fd.o) (altera_avalon_jtag_uart_ioctl)
../app_rtos_bsp\libucosii_bsp.a(altera_avalon_jtag_uart_read.o)
                              ../app_rtos_bsp\libucosii_bsp.a(altera_avalon_jtag_uart_fd.o) (altera_avalon_jtag_uart_read)
../app_rtos_bsp\libucosii_bsp.a(altera_avalon_jtag_uart_write.o)
                              ../app_rtos_bsp\libucosii_bsp.a(altera_avalon_jtag_uart_fd.o) (altera_avalon_jtag_uart_write)
../app_rtos_bsp\libucosii_bsp.a(altera_avalon_spi.o)
                              obj/default/./app_rtos.o (alt_avalon_spi_command)
../app_rtos_bsp\libucosii_bsp.a(altera_avalon_timer_sc.o)
                              ../app_rtos_bsp\libucosii_bsp.a(alt_sys_init.o) (alt_avalon_timer_sc_init)
../app_rtos_bsp\libucosii_bsp.a(alt_alarm_start.o)
                              ../app_rtos_bsp\libucosii_bsp.a(altera_avalon_jtag_uart_init.o) (alt_alarm_start)
../app_rtos_bsp\libucosii_bsp.a(alt_close.o)
                              ../app_rtos_bsp\libucosii_bsp.a(alt_main.o) (close)
../app_rtos_bsp\libucosii_bsp.a(alt_dcache_flush_all.o)
                              ../app_rtos_bsp\libucosii_bsp.a(alt_load.o) (alt_dcache_flush_all)
../app_rtos_bsp\libucosii_bsp.a(alt_dev.o)
                              ../app_rtos_bsp\libucosii_bsp.a(alt_sys_init.o) (alt_dev_list)
../app_rtos_bsp\libucosii_bsp.a(alt_dev_llist_insert.o)
                              ../app_rtos_bsp\libucosii_bsp.a(alt_sys_init.o) (alt_dev_llist_insert)
../app_rtos_bsp\libucosii_bsp.a(alt_do_ctors.o)
                              ../app_rtos_bsp\libucosii_bsp.a(alt_main.o) (_do_ctors)
../app_rtos_bsp\libucosii_bsp.a(alt_do_dtors.o)
                              ../app_rtos_bsp\libucosii_bsp.a(alt_main.o) (_do_dtors)
../app_rtos_bsp\libucosii_bsp.a(alt_errno.o)
                              ../app_rtos_bsp\libucosii_bsp.a(alt_close.o) (alt_errno)
../app_rtos_bsp\libucosii_bsp.a(alt_exception_entry.o)
[...]
Memory Configuration

Name             Origin             Length             Attributes
reset            0x0000000000040000 0x0000000000000020
onchip_mem       0x0000000000040020 0x00000000000257e0
*default*        0x0000000000000000 0xffffffffffffffff

Linker script and memory map

LOAD ../app_rtos_bsp/obj/HAL/src/crt0.o
LOAD obj/default/./app_rtos.o
LOAD d:/programfiles/intelfpga_lite/18.1/nios2eds/bin/gnu/h-x86_64-mingw32/bin/../lib/gcc/nios2-elf/5.3.0/../../../../../H-x86_64-mingw32/nios2-elf/lib/mno-hw-mul\libstdc++.a
LOAD d:/programfiles/intelfpga_lite/18.1/nios2eds/bin/gnu/h-x86_64-mingw32/bin/../lib/gcc/nios2-elf/5.3.0/../../../../../H-x86_64-mingw32/nios2-elf/lib/mno-hw-mul\libm.a
LOAD d:/programfiles/intelfpga_lite/18.1/nios2eds/bin/gnu/h-x86_64-mingw32/bin/../lib/gcc/nios2-elf/5.3.0/mno-hw-mul\libgcc.a
START GROUP
LOAD d:/programfiles/intelfpga_lite/18.1/nios2eds/bin/gnu/h-x86_64-mingw32/bin/../lib/gcc/nios2-elf/5.3.0/../../../../../H-x86_64-mingw32/nios2-elf/lib/mno-hw-mul\libc.a
LOAD d:/programfiles/intelfpga_lite/18.1/nios2eds/bin/gnu/h-x86_64-mingw32/bin/../lib/gcc/nios2-elf/5.3.0/mno-hw-mul\libgcc.a
LOAD ../app_rtos_bsp\libucosii_bsp.a
LOAD d:/programfiles/intelfpga_lite/18.1/nios2eds/bin/gnu/h-x86_64-mingw32/bin/../lib/gcc/nios2-elf/5.3.0/../../../../../H-x86_64-mingw32/nios2-elf/lib/mno-hw-mul\libm.a
END GROUP
LOAD d:/programfiles/intelfpga_lite/18.1/nios2eds/bin/gnu/h-x86_64-mingw32/bin/../lib/gcc/nios2-elf/5.3.0/mno-hw-mul\libgcc.a
                0x0000000000040000                __alt_mem_onchip_mem = 0x40000

.entry          0x0000000000040000       0x20
 *(.entry)
 .entry         0x0000000000040000       0x20 ../app_rtos_bsp/obj/HAL/src/crt0.o
                0x0000000000040000                __reset

.exceptions     0x0000000000040020      0x210
                0x0000000000040020                PROVIDE (__ram_exceptions_start, ABSOLUTE (.))
                0x0000000000040020                . = ALIGN (0x20)
 *(.irq)
 *(.exceptions.entry.label)
 .exceptions.entry.label
                0x0000000000040020        0x0 ../app_rtos_bsp\libucosii_bsp.a(alt_irq_entry.o)
                0x0000000000040020                alt_irq_entry
 .exceptions.entry.label
                0x0000000000040020        0x0 ../app_rtos_bsp\libucosii_bsp.a(alt_exception_entry.o)
                0x0000000000040020                alt_exception
 *(.exceptions.entry.user)
 *(.exceptions.entry.ecc_fatal)
 *(.exceptions.entry)
 .exceptions.entry
                0x0000000000040020       0x54 ../app_rtos_bsp\libucosii_bsp.a(alt_exception_entry.o)
 *(.exceptions.irqtest.user)
 *(.exceptions.irqtest)
 .exceptions.irqtest
                0x0000000000040074       0x10 ../app_rtos_bsp\libucosii_bsp.a(alt_irq_entry.o)
 *(.exceptions.irqhandler.user)
 *(.exceptions.irqhandler)
 .exceptions.irqhandler
                0x0000000000040084        0x4 ../app_rtos_bsp\libucosii_bsp.a(alt_irq_entry.o)
 *(.exceptions.irqreturn.user)
 *(.exceptions.irqreturn)
 .exceptions.irqreturn
                0x0000000000040088        0x4 ../app_rtos_bsp\libucosii_bsp.a(alt_irq_entry.o)
 *(.exceptions.notirq.label)
 .exceptions.notirq.label
                0x000000000004008c        0x0 ../app_rtos_bsp\libucosii_bsp.a(alt_irq_entry.o)
 *(.exceptions.notirq.user)
 *(.exceptions.notirq)
 .exceptions.notirq
                0x000000000004008c        0x8 ../app_rtos_bsp\libucosii_bsp.a(alt_exception_entry.o)
 *(.exceptions.soft.user)
 *(.exceptions.soft)
 *(.exceptions.unknown.user)
 *(.exceptions.unknown)
 .exceptions.unknown
                0x0000000000040094       0x14 ../app_rtos_bsp\libucosii_bsp.a(alt_exception_entry.o)
 *(.exceptions.exit.label)
 .exceptions.exit.label
                0x00000000000400a8        0x0 ../app_rtos_bsp\libucosii_bsp.a(alt_irq_entry.o)
 .exceptions.exit.label
                0x00000000000400a8        0x0 ../app_rtos_bsp\libucosii_bsp.a(alt_exception_entry.o)
 *(.exceptions.exit.user)
 *(.exceptions.exit)
 .exceptions.exit
                0x00000000000400a8       0x54 ../app_rtos_bsp\libucosii_bsp.a(alt_exception_entry.o)
 *(.exceptions)
 .exceptions    0x00000000000400fc       0xd4 ../app_rtos_bsp\libucosii_bsp.a(alt_irq_handler.o)
                0x00000000000400fc                alt_irq_handler
 .exceptions    0x00000000000401d0       0x60 ../app_rtos_bsp\libucosii_bsp.a(alt_instruction_exception_entry.o)
                0x00000000000401d0                alt_instruction_exception_entry
                0x0000000000040230                PROVIDE (__ram_exceptions_end, ABSOLUTE (.))
                0x0000000000040020                PROVIDE (__flash_exceptions_start, LOADADDR (.exceptions))

.text           0x0000000000040230     0xba30
                [!provide]                        PROVIDE (stext, ABSOLUTE (.))
 *(.interp)
 *(.hash)
 *(.dynsym)
 *(.dynstr)
 *(.gnu.version)
 *(.gnu.version_d)
 *(.gnu.version_r)
 *(.rel.init)
 *(.rela.init)
 *(.rel.text .rel.text.* .rel.gnu.linkonce.t.*)
 *(.rela.text .rela.text.* .rela.gnu.linkonce.t.*)
 *(.rel.fini)
 *(.rela.fini)
 *(.rel.rodata .rel.rodata.* .rel.gnu.linkonce.r.*)
 *(.rela.rodata .rela.rodata.* .rela.gnu.linkonce.r.*)
 *(.rel.data .rel.data.* .rel.gnu.linkonce.d.*)
 *(.rela.data .rela.data.* .rela.gnu.linkonce.d.*)
 *(.rel.tdata .rel.tdata.* .rel.gnu.linkonce.td.*)
 *(.rela.tdata .rela.tdata.* .rela.gnu.linkonce.td.*)
 *(.rel.tbss .rel.tbss.* .rel.gnu.linkonce.tb.*)
 *(.rela.tbss .rela.tbss.* .rela.gnu.linkonce.tb.*)
 *(.rel.ctors)
 *(.rela.ctors)
 *(.rel.dtors)
 *(.rela.dtors)
 *(.rel.got)
 *(.rela.got)
 *(.rel.sdata .rel.sdata.* .rel.gnu.linkonce.s.*)
 *(.rela.sdata .rela.sdata.* .rela.gnu.linkonce.s.*)
 *(.rel.sbss .rel.sbss.* .rel.gnu.linkonce.sb.*)
 *(.rela.sbss .rela.sbss.* .rela.gnu.linkonce.sb.*)
 *(.rel.sdata2 .rel.sdata2.* .rel.gnu.linkonce.s2.*)
 *(.rela.sdata2 .rela.sdata2.* .rela.gnu.linkonce.s2.*)
 *(.rel.sbss2 .rel.sbss2.* .rel.gnu.linkonce.sb2.*)
 *(.rela.sbss2 .rela.sbss2.* .rela.gnu.linkonce.sb2.*)
 *(.rel.bss .rel.bss.* .rel.gnu.linkonce.b.*)
 *(.rela.bss .rela.bss.* .rela.gnu.linkonce.b.*)
 *(.rel.plt)
 *(.rela.plt)
 *(.rel.dyn)
 *(.init)
 *(.plt)
 *(.text .stub .text.* .gnu.linkonce.t.*)
 .text          0x0000000000040230       0x3c ../app_rtos_bsp/obj/HAL/src/crt0.o
                0x0000000000040230                _start
 .text          0x000000000004026c      0x57c obj/default/./app_rtos.o
                0x00000000000403e4                uart_task
                0x00000000000404f4                acc_task
                0x0000000000040714                main
 .text          0x00000000000407e8      0x1b0 ../app_rtos_bsp\libucosii_bsp.a(alt_iic.o)
                0x00000000000407e8                alt_ic_isr_register
                0x0000000000040838                alt_ic_irq_enable
                0x00000000000408c0                alt_ic_irq_disable
                0x000000000004094c                alt_ic_irq_enabled
 .text          0x0000000000040998       0xf0 ../app_rtos_bsp\libucosii_bsp.a(alt_iic_isr_register.o)
                0x0000000000040998                alt_iic_isr_register
 .text          0x0000000000040a88        0x0 ../app_rtos_bsp\libucosii_bsp.a(alt_irq_entry.o)
 .text          0x0000000000040a88        0x0 ../app_rtos_bsp\libucosii_bsp.a(alt_irq_handler.o)
 .text          0x0000000000040a88        0x0 ../app_rtos_bsp\libucosii_bsp.a(alt_irq_vars.o)
 .text          0x0000000000040a88       0xec ../app_rtos_bsp\libucosii_bsp.a(alt_load.o)
                0x0000000000040af0                alt_load
 .text          0x0000000000040b74       0xbc ../app_rtos_bsp\libucosii_bsp.a(alt_main.o)
                0x0000000000040b74                alt_main
 .text          0x0000000000040c30      0x124 ../app_rtos_bsp\libucosii_bsp.a(alt_env_lock.o)
                0x0000000000040c30                __env_lock
                0x0000000000040cf4                __env_unlock
 .text          0x0000000000040d54      0x1ec ../app_rtos_bsp\libucosii_bsp.a(alt_malloc_lock.o)
                0x0000000000040d54                __malloc_lock
                0x0000000000040e74                __malloc_unlock
 .text          0x0000000000040f40     0x2014 ../app_rtos_bsp\libucosii_bsp.a(os_core.o)
                0x0000000000040f40                OSEventNameGet
                0x0000000000041060                OSEventNameSet
                0x00000000000411a0                OSEventPendMulti
                0x00000000000417b0                OSInit
                0x0000000000041808                OSIntEnter
                0x0000000000041854                OSIntExit
                0x000000000004194c                OSSchedLock
                0x00000000000419d8                OSSchedUnlock
                0x0000000000041ab4                OSStart
                0x0000000000041b24                OSStatInit
                0x0000000000041bd4                OSTimeTick
                0x0000000000041df4                OSVersion
                0x0000000000041e14                OS_Dummy
                0x0000000000041e34                OS_EventTaskRdy
                0x0000000000041fcc                OS_EventTaskWait
                0x00000000000420dc                OS_EventTaskWaitMulti
                0x000000000004222c                OS_EventTaskRemove
                0x00000000000422e4                OS_EventTaskRemoveMulti
                0x00000000000423e4                OS_EventWaitListInit
                0x00000000000427c4                OS_MemClr
                0x0000000000042818                OS_MemCopy
                0x0000000000042880                OS_Sched
                0x00000000000429c4                OS_StrCopy
                0x0000000000042a38                OS_StrLen
                0x0000000000042a8c                OS_TaskIdle
                0x0000000000042ae8                OS_TaskStat
                0x0000000000042bb4                OS_TaskStatStkChk
                0x0000000000042c80                OS_TCBInit
 .text          0x0000000000042f54      0x190 ../app_rtos_bsp\libucosii_bsp.a(os_dbg.o)
                0x0000000000042f54                OSDebugInit
 .text          0x00000000000430e4     0x1714 ../app_rtos_bsp\libucosii_bsp.a(os_flag.o)
                0x00000000000430e4                OSFlagAccept
                0x00000000000433ec                OSFlagCreate
                0x00000000000434f4                OSFlagDel
                0x000000000004373c                OSFlagNameGet
                0x0000000000043864                OSFlagNameSet
                0x00000000000439b0                OSFlagPend
                0x0000000000043f68                OSFlagPendGetFlagsRdy
                0x0000000000043fc8                OSFlagPost
                0x000000000004435c                OSFlagQuery
                0x0000000000044580                OS_FlagInit
                0x0000000000044754                OS_FlagUnlink
 .text          0x00000000000447f8      0xac8 ../app_rtos_bsp\libucosii_bsp.a(os_mbox.o)
                0x00000000000447f8                OSMboxAccept
                0x0000000000044890                OSMboxCreate
                0x0000000000044964                OSMboxDel
                0x0000000000044ba4                OSMboxPend
                0x0000000000044dd8                OSMboxPendAbort
                0x0000000000044f44                OSMboxPost
                0x0000000000045054                OSMboxPostOpt
                0x00000000000451b0                OSMboxQuery
 .text          0x00000000000452c0      0x760 ../app_rtos_bsp\libucosii_bsp.a(os_mem.o)
                0x00000000000452c0                OSMemCreate
                0x0000000000045494                OSMemGet
                0x0000000000045584                OSMemNameGet
                0x0000000000045674                OSMemNameSet
                0x0000000000045788                OSMemPut
                0x0000000000045860                OSMemQuery
                0x0000000000045948                OS_MemInit
 .text          0x0000000000045a20     0x1104 ../app_rtos_bsp\libucosii_bsp.a(os_q.o)
                0x0000000000045a20                OSQAccept
                0x0000000000045b60                OSQCreate
                0x0000000000045d0c                OSQDel
                0x0000000000045f8c                OSQFlush
                0x0000000000046044                OSQPend
                0x00000000000462d0                OSQPendAbort
                0x000000000004643c                OSQPost
                0x00000000000465a4                OSQPostFront
                0x0000000000046714                OSQPostOpt
                0x0000000000046920                OSQQuery
                0x0000000000046a7c                OS_QInit
 .text          0x0000000000046b24      0xa60 ../app_rtos_bsp\libucosii_bsp.a(os_sem.o)
                0x0000000000046b24                OSSemAccept
                0x0000000000046bd4                OSSemCreate
                0x0000000000046cac                OSSemDel
                0x0000000000046eec                OSSemPend
                0x00000000000470f8                OSSemPendAbort
                0x0000000000047264                OSSemPost
                0x0000000000047374                OSSemQuery
                0x0000000000047484                OSSemSet
 .text          0x0000000000047584     0x176c ../app_rtos_bsp\libucosii_bsp.a(os_task.o)
                0x0000000000047584                OSTaskChangePrio
                0x0000000000047a74                OSTaskCreate
                0x0000000000047c20                OSTaskCreateExt
                0x0000000000047e04                OSTaskDel
                0x0000000000048148                OSTaskDelReq
                0x0000000000048298                OSTaskNameGet
                0x0000000000048430                OSTaskNameSet
                0x00000000000485e4                OSTaskResume
                0x00000000000487b8                OSTaskStkChk
                0x0000000000048978                OSTaskSuspend
                0x0000000000048b5c                OSTaskQuery
                0x0000000000048c80                OS_TaskStkClr
 .text          0x0000000000048cf0      0x510 ../app_rtos_bsp\libucosii_bsp.a(os_time.o)
                0x0000000000048cf0                OSTimeDly
                0x0000000000048df4                OSTimeDlyHMSM
                0x0000000000048f70                OSTimeDlyResume
                0x0000000000049144                OSTimeGet
                0x00000000000491a0                OSTimeSet
 .text          0x0000000000049200       0xd0 ../app_rtos_bsp\libucosii_bsp.a(alt_sys_init.o)
                0x0000000000049234                alt_irq_init
                0x000000000004926c                alt_sys_init
 .text          0x00000000000492d0      0x164 ../app_rtos_bsp\libucosii_bsp.a(altera_avalon_jtag_uart_fd.o)
                0x00000000000492d0                altera_avalon_jtag_uart_read_fd
                0x0000000000049330                altera_avalon_jtag_uart_write_fd
                0x0000000000049390                altera_avalon_jtag_uart_close_fd
                0x00000000000493e0                altera_avalon_jtag_uart_ioctl_fd
 .text          0x0000000000049434      0x558 ../app_rtos_bsp\libucosii_bsp.a(altera_avalon_jtag_uart_init.o)
                0x0000000000049434                altera_avalon_jtag_uart_init
                0x0000000000049924                altera_avalon_jtag_uart_close
 .text          0x000000000004998c       0xf0 ../app_rtos_bsp\libucosii_bsp.a(altera_avalon_jtag_uart_ioctl.o)
                0x000000000004998c                altera_avalon_jtag_uart_ioctl
 .text          0x0000000000049a7c      0x2bc ../app_rtos_bsp\libucosii_bsp.a(altera_avalon_jtag_uart_read.o)
                0x0000000000049a7c                altera_avalon_jtag_uart_read
 .text          0x0000000000049d38      0x2c4 ../app_rtos_bsp\libucosii_bsp.a(altera_avalon_jtag_uart_write.o)
                0x0000000000049d38                altera_avalon_jtag_uart_write
 .text          0x0000000000049ffc      0x1fc ../app_rtos_bsp\libucosii_bsp.a(altera_avalon_spi.o)
                0x0000000000049ffc                alt_avalon_spi_command
 .text          0x000000000004a1f8       0xf4 ../app_rtos_bsp\libucosii_bsp.a(altera_avalon_timer_sc.o)
                0x000000000004a270                alt_avalon_timer_sc_init
 .text          0x000000000004a2ec      0x12c ../app_rtos_bsp\libucosii_bsp.a(alt_alarm_start.o)
                0x000000000004a2ec                alt_alarm_start
 .text          0x000000000004a418      0x114 ../app_rtos_bsp\libucosii_bsp.a(alt_close.o)
                0x000000000004a454                close
 .text          0x000000000004a52c       0x20 ../app_rtos_bsp\libucosii_bsp.a(alt_dcache_flush_all.o)
                0x000000000004a52c                alt_dcache_flush_all
 .text          0x000000000004a54c       0x2c ../app_rtos_bsp\libucosii_bsp.a(alt_dev.o)
 .text          0x000000000004a578       0xe0 ../app_rtos_bsp\libucosii_bsp.a(alt_dev_llist_insert.o)
                0x000000000004a5b4                alt_dev_llist_insert
 .text          0x000000000004a658       0x60 ../app_rtos_bsp\libucosii_bsp.a(alt_do_ctors.o)
                0x000000000004a658                _do_ctors
 .text          0x000000000004a6b8       0x60 ../app_rtos_bsp\libucosii_bsp.a(alt_do_dtors.o)
                0x000000000004a6b8                _do_dtors
 .text          0x000000000004a718        0x0 ../app_rtos_bsp\libucosii_bsp.a(alt_errno.o)
 .text          0x000000000004a718        0x0 ../app_rtos_bsp\libucosii_bsp.a(alt_exception_entry.o)
 .text          0x000000000004a718       0x20 ../app_rtos_bsp\libucosii_bsp.a(alt_icache_flush_all.o)
                0x000000000004a718                alt_icache_flush_all
 .text          0x000000000004a738       0x9c ../app_rtos_bsp\libucosii_bsp.a(alt_instruction_exception_entry.o)
                0x000000000004a738                alt_exception_cause_generated_bad_addr
 .text          0x000000000004a7d4      0x160 ../app_rtos_bsp\libucosii_bsp.a(alt_io_redirect.o)
                0x000000000004a8b8                alt_io_redirect
 .text          0x000000000004a934      0x284 ../app_rtos_bsp\libucosii_bsp.a(alt_open.o)
                0x000000000004aa5c                open
 .text          0x000000000004abb8       0x84 ../app_rtos_bsp\libucosii_bsp.a(alt_release_fd.o)
                0x000000000004abb8                alt_release_fd
 .text          0x000000000004ac3c      0x1a4 ../app_rtos_bsp\libucosii_bsp.a(alt_tick.o)
                0x000000000004ac3c                alt_alarm_stop
                0x000000000004acd8                alt_tick
 .text          0x000000000004ade0       0x24 ../app_rtos_bsp\libucosii_bsp.a(altera_nios2_gen2_irq.o)
                0x000000000004ade0                altera_nios2_gen2_irq_init
 .text          0x000000000004ae04       0xd0 ../app_rtos_bsp\libucosii_bsp.a(os_cpu_a.o)
                0x000000000004ae04                OSCtxSw
                0x000000000004ae04                OSIntCtxSw
                0x000000000004ae90                OSStartHighRdy
                0x000000000004aeb0                OSStartTsk
 .text          0x000000000004aed4      0x288 ../app_rtos_bsp\libucosii_bsp.a(os_cpu_c.o)
                0x000000000004aed4                OSTaskStkInit
                0x000000000004b030                OSTaskCreateHook
                0x000000000004b054                OSTaskDelHook
                0x000000000004b078                OSTaskSwHook
                0x000000000004b098                OSTaskStatHook
                0x000000000004b0b8                OSTimeTickHook
                0x000000000004b0d8                OSInitHookBegin
                0x000000000004b0f8                OSInitHookEnd
                0x000000000004b118                OSTaskIdleHook
                0x000000000004b138                OSTCBInitHook
 .text          0x000000000004b15c       0x90 ../app_rtos_bsp\libucosii_bsp.a(alt_find_dev.o)
                0x000000000004b15c                alt_find_dev
 .text          0x000000000004b1ec      0x108 ../app_rtos_bsp\libucosii_bsp.a(alt_find_file.o)
                0x000000000004b1ec                alt_find_file
 .text          0x000000000004b2f4       0xf4 ../app_rtos_bsp\libucosii_bsp.a(alt_get_fd.o)
                0x000000000004b2f4                alt_get_fd
 .text          0x000000000004b3e8        0x0 d:/programfiles/intelfpga_lite/18.1/nios2eds/bin/gnu/h-x86_64-mingw32/bin/../lib/gcc/nios2-elf/5.3.0/../../../../../H-x86_64-mingw32/nios2-elf/lib/mno-hw-mul\libc.a(lib_a-atexit.o)
 .text.atexit   0x000000000004b3e8       0x14 d:/programfiles/intelfpga_lite/18.1/nios2eds/bin/gnu/h-x86_64-mingw32/bin/../lib/gcc/nios2-elf/5.3.0/../../../../../H-x86_64-mingw32/nios2-elf/lib/mno-hw-mul\libc.a(lib_a-atexit.o)
                0x000000000004b3e8                atexit
 .text          0x000000000004b3fc        0x0 d:/programfiles/intelfpga_lite/18.1/nios2eds/bin/gnu/h-x86_64-mingw32/bin/../lib/gcc/nios2-elf/5.3.0/../../../../../H-x86_64-mingw32/nios2-elf/lib/mno-hw-mul\libc.a(lib_a-exit.o)
 .text.exit     0x000000000004b3fc       0x38 d:/programfiles/intelfpga_lite/18.1/nios2eds/bin/gnu/h-x86_64-mingw32/bin/../lib/gcc/nios2-elf/5.3.0/../../../../../H-x86_64-mingw32/nios2-elf/lib/mno-hw-mul\libc.a(lib_a-exit.o)
                0x000000000004b3fc                exit
 .text          0x000000000004b434        0x0 d:/programfiles/intelfpga_lite/18.1/nios2eds/bin/gnu/h-x86_64-mingw32/bin/../lib/gcc/nios2-elf/5.3.0/../../../../../H-x86_64-mingw32/nios2-elf/lib/mno-hw-mul\libc.a(lib_a-impure.o)
 .text          0x000000000004b434        0x0 d:/programfiles/intelfpga_lite/18.1/nios2eds/bin/gnu/h-x86_64-mingw32/bin/../lib/gcc/nios2-elf/5.3.0/../../../../../H-x86_64-mingw32/nios2-elf/lib/mno-hw-mul\libc.a(lib_a-int_errno.o)
 .text          0x000000000004b434        0x0 d:/programfiles/intelfpga_lite/18.1/nios2eds/bin/gnu/h-x86_64-mingw32/bin/../lib/gcc/nios2-elf/5.3.0/../../../../../H-x86_64-mingw32/nios2-elf/lib/mno-hw-mul\libc.a(lib_a-memcmp.o)
 .text.memcmp   0x000000000004b434       0x7c d:/programfiles/intelfpga_lite/18.1/nios2eds/bin/gnu/h-x86_64-mingw32/bin/../lib/gcc/nios2-elf/5.3.0/../../../../../H-x86_64-mingw32/nios2-elf/lib/mno-hw-mul\libc.a(lib_a-memcmp.o)
                0x000000000004b434                memcmp
 .text          0x000000000004b4b0        0x0 d:/programfiles/intelfpga_lite/18.1/nios2eds/bin/gnu/h-x86_64-mingw32/bin/../lib/gcc/nios2-elf/5.3.0/../../../../../H-x86_64-mingw32/nios2-elf/lib/mno-hw-mul\libc.a(lib_a-memcpy.o)
 .text.memcpy   0x000000000004b4b0      0x148 d:/programfiles/intelfpga_lite/18.1/nios2eds/bin/gnu/h-x86_64-mingw32/bin/../lib/gcc/nios2-elf/5.3.0/../../../../../H-x86_64-mingw32/nios2-elf/lib/mno-hw-mul\libc.a(lib_a-memcpy.o)
                0x000000000004b4b0                memcpy
 .text          0x000000000004b5f8        0x0 d:/programfiles/intelfpga_lite/18.1/nios2eds/bin/gnu/h-x86_64-mingw32/bin/../lib/gcc/nios2-elf/5.3.0/../../../../../H-x86_64-mingw32/nios2-elf/lib/mno-hw-mul\libc.a(lib_a-memset.o)
 .text.memset   0x000000000004b5f8      0x128 d:/programfiles/intelfpga_lite/18.1/nios2eds/bin/gnu/h-x86_64-mingw32/bin/../lib/gcc/nios2-elf/5.3.0/../../../../../H-x86_64-mingw32/nios2-elf/lib/mno-hw-mul\libc.a(lib_a-memset.o)
                0x000000000004b5f8                memset
 .text          0x000000000004b720        0x0 d:/programfiles/intelfpga_lite/18.1/nios2eds/bin/gnu/h-x86_64-mingw32/bin/../lib/gcc/nios2-elf/5.3.0/../../../../../H-x86_64-mingw32/nios2-elf/lib/mno-hw-mul\libc.a(lib_a-strlen.o)
 .text.strlen   0x000000000004b720       0x98 d:/programfiles/intelfpga_lite/18.1/nios2eds/bin/gnu/h-x86_64-mingw32/bin/../lib/gcc/nios2-elf/5.3.0/../../../../../H-x86_64-mingw32/nios2-elf/lib/mno-hw-mul\libc.a(lib_a-strlen.o)
                0x000000000004b720                strlen
 .text          0x000000000004b7b8        0x0 d:/programfiles/intelfpga_lite/18.1/nios2eds/bin/gnu/h-x86_64-mingw32/bin/../lib/gcc/nios2-elf/5.3.0/../../../../../H-x86_64-mingw32/nios2-elf/lib/mno-hw-mul\libc.a(lib_a-__atexit.o)
 .text.__register_exitproc
                0x000000000004b7b8      0x118 d:/programfiles/intelfpga_lite/18.1/nios2eds/bin/gnu/h-x86_64-mingw32/bin/../lib/gcc/nios2-elf/5.3.0/../../../../../H-x86_64-mingw32/nios2-elf/lib/mno-hw-mul\libc.a(lib_a-__atexit.o)
                0x000000000004b7b8                __register_exitproc
 .text          0x000000000004b8d0        0x0 d:/programfiles/intelfpga_lite/18.1/nios2eds/bin/gnu/h-x86_64-mingw32/bin/../lib/gcc/nios2-elf/5.3.0/../../../../../H-x86_64-mingw32/nios2-elf/lib/mno-hw-mul\libc.a(lib_a-__call_atexit.o)
 .text.__call_exitprocs
                0x000000000004b8d0      0x180 d:/programfiles/intelfpga_lite/18.1/nios2eds/bin/gnu/h-x86_64-mingw32/bin/../lib/gcc/nios2-elf/5.3.0/../../../../../H-x86_64-mingw32/nios2-elf/lib/mno-hw-mul\libc.a(lib_a-__call_atexit.o)
                0x000000000004b8d0                __call_exitprocs
 .text          0x000000000004ba50      0x1b4 d:/programfiles/intelfpga_lite/18.1/nios2eds/bin/gnu/h-x86_64-mingw32/bin/../lib/gcc/nios2-elf/5.3.0/mno-hw-mul\libgcc.a(lib2-divmod.o)
                0x000000000004ba50                __divsi3
                0x000000000004bad4                __modsi3
                0x000000000004bb48                __udivsi3
                0x000000000004bbac                __umodsi3
 .text          0x000000000004bc04       0x28 d:/programfiles/intelfpga_lite/18.1/nios2eds/bin/gnu/h-x86_64-mingw32/bin/../lib/gcc/nios2-elf/5.3.0/mno-hw-mul\libgcc.a(lib2-mul.o)
                0x000000000004bc04                __mulsi3
 .text          0x000000000004bc2c       0x34 ../app_rtos_bsp\libucosii_bsp.a(alt_exit.o)
                0x000000000004bc2c                _exit
 *(.gnu.warning.*)
 *(.fini)
                [!provide]                        PROVIDE (__etext, ABSOLUTE (.))
                [!provide]                        PROVIDE (_etext, ABSOLUTE (.))
                [!provide]                        PROVIDE (etext, ABSOLUTE (.))
 *(.eh_frame_hdr)
                0x000000000004bc60                . = ALIGN (0x4)
                [!provide]                        PROVIDE (__preinit_array_start, ABSOLUTE (.))
 *(.preinit_array)
                [!provide]                        PROVIDE (__preinit_array_end, ABSOLUTE (.))
                [!provide]                        PROVIDE (__init_array_start, ABSOLUTE (.))
 *(.init_array)
                [!provide]                        PROVIDE (__init_array_end, ABSOLUTE (.))
                [!provide]                        PROVIDE (__fini_array_start, ABSOLUTE (.))
 *(.fini_array)
                [!provide]                        PROVIDE (__fini_array_end, ABSOLUTE (.))
 *(.eh_frame)
 *(.gcc_except_table .gcc_except_table.*)
 *(.dynamic)
                0x000000000004bc60                PROVIDE (__CTOR_LIST__, ABSOLUTE (.))
 *(.ctors)
 *(SORT(.ctors.*))
                0x000000000004bc60                PROVIDE (__CTOR_END__, ABSOLUTE (.))
                0x000000000004bc60                PROVIDE (__DTOR_LIST__, ABSOLUTE (.))
 *(.dtors)
 *(SORT(.dtors.*))
                0x000000000004bc60                PROVIDE (__DTOR_END__, ABSOLUTE (.))
 *(.jcr)
                0x000000000004bc60                . = ALIGN (0x4)

.rodata         0x000000000004bc60      0x154
                0x000000000004bc60                PROVIDE (__ram_rodata_start, ABSOLUTE (.))
                0x000000000004bc60                . = ALIGN (0x4)
 *(.rodata .rodata.* .gnu.linkonce.r.*)
 .rodata        0x000000000004bc60        0xf ../app_rtos_bsp\libucosii_bsp.a(alt_main.o)
 *fill*         0x000000000004bc6f        0x1 
 .rodata        0x000000000004bc70      0x11e ../app_rtos_bsp\libucosii_bsp.a(os_core.o)
                0x000000000004bc70                OSUnMapTbl
 *fill*         0x000000000004bd8e        0x2 
 .rodata        0x000000000004bd90        0xf ../app_rtos_bsp\libucosii_bsp.a(alt_sys_init.o)
 *fill*         0x000000000004bd9f        0x1 
 .rodata        0x000000000004bda0        0xa ../app_rtos_bsp\libucosii_bsp.a(alt_dev.o)
 *fill*         0x000000000004bdaa        0x2 
 .rodata        0x000000000004bdac        0x2 ../app_rtos_bsp\libucosii_bsp.a(os_cpu_c.o)
 *fill*         0x000000000004bdae        0x2 
 .rodata.str1.4
                0x000000000004bdb0        0x4 d:/programfiles/intelfpga_lite/18.1/nios2eds/bin/gnu/h-x86_64-mingw32/bin/../lib/gcc/nios2-elf/5.3.0/../../../../../H-x86_64-mingw32/nios2-elf/lib/mno-hw-mul\libc.a(lib_a-impure.o)
                                          0x2 (size before relaxing)
 *(.rodata1)
                0x000000000004bdb4                . = ALIGN (0x4)
                0x000000000004bdb4                PROVIDE (__ram_rodata_end, ABSOLUTE (.))
                0x000000000004bc60                PROVIDE (__flash_rodata_start, LOADADDR (.rodata))

.rwdata         0x000000000004bdb4     0x16e0 load address 0x000000000004d494
                0x000000000004bdb4                PROVIDE (__ram_rwdata_start, ABSOLUTE (.))
                0x000000000004bdb4                . = ALIGN (0x4)
 *(.got.plt)
 *(.got)
 *(.data1)
 *(.data .data.* .gnu.linkonce.d.*)
 .data          0x000000000004bdb4        0x0 ../app_rtos_bsp/obj/HAL/src/crt0.o
 .data          0x000000000004bdb4        0x0 obj/default/./app_rtos.o
 .data          0x000000000004bdb4        0x0 ../app_rtos_bsp\libucosii_bsp.a(alt_iic.o)
 .data          0x000000000004bdb4        0x0 ../app_rtos_bsp\libucosii_bsp.a(alt_iic_isr_register.o)
 .data          0x000000000004bdb4        0x0 ../app_rtos_bsp\libucosii_bsp.a(alt_irq_entry.o)
 .data          0x000000000004bdb4        0x0 ../app_rtos_bsp\libucosii_bsp.a(alt_irq_handler.o)
 .data          0x000000000004bdb4        0x0 ../app_rtos_bsp\libucosii_bsp.a(alt_irq_vars.o)
 .data          0x000000000004bdb4        0x0 ../app_rtos_bsp\libucosii_bsp.a(alt_load.o)
 .data          0x000000000004bdb4        0x0 ../app_rtos_bsp\libucosii_bsp.a(alt_main.o)
 .data          0x000000000004bdb4        0x0 ../app_rtos_bsp\libucosii_bsp.a(alt_env_lock.o)
 .data          0x000000000004bdb4        0x0 ../app_rtos_bsp\libucosii_bsp.a(alt_malloc_lock.o)
 .data          0x000000000004bdb4        0x0 ../app_rtos_bsp\libucosii_bsp.a(os_core.o)
 .data          0x000000000004bdb4        0x0 ../app_rtos_bsp\libucosii_bsp.a(os_dbg.o)
 .data          0x000000000004bdb4        0x0 ../app_rtos_bsp\libucosii_bsp.a(os_flag.o)
 .data          0x000000000004bdb4        0x0 ../app_rtos_bsp\libucosii_bsp.a(os_mbox.o)
 .data          0x000000000004bdb4        0x0 ../app_rtos_bsp\libucosii_bsp.a(os_mem.o)
 .data          0x000000000004bdb4        0x0 ../app_rtos_bsp\libucosii_bsp.a(os_q.o)
 .data          0x000000000004bdb4        0x0 ../app_rtos_bsp\libucosii_bsp.a(os_sem.o)
 .data          0x000000000004bdb4        0x0 ../app_rtos_bsp\libucosii_bsp.a(os_task.o)
 .data          0x000000000004bdb4        0x0 ../app_rtos_bsp\libucosii_bsp.a(os_time.o)
 .data          0x000000000004bdb4     0x106c ../app_rtos_bsp\libucosii_bsp.a(alt_sys_init.o)
 .data          0x000000000004ce20        0x0 ../app_rtos_bsp\libucosii_bsp.a(altera_avalon_jtag_uart_fd.o)
 .data          0x000000000004ce20        0x0 ../app_rtos_bsp\libucosii_bsp.a(altera_avalon_jtag_uart_init.o)
 .data          0x000000000004ce20        0x0 ../app_rtos_bsp\libucosii_bsp.a(altera_avalon_jtag_uart_ioctl.o)
 .data          0x000000000004ce20        0x0 ../app_rtos_bsp\libucosii_bsp.a(altera_avalon_jtag_uart_read.o)
 .data          0x000000000004ce20        0x0 ../app_rtos_bsp\libucosii_bsp.a(altera_avalon_jtag_uart_write.o)
 .data          0x000000000004ce20        0x0 ../app_rtos_bsp\libucosii_bsp.a(altera_avalon_spi.o)
 .data          0x000000000004ce20        0x0 ../app_rtos_bsp\libucosii_bsp.a(altera_avalon_timer_sc.o)
 .data          0x000000000004ce20        0x0 ../app_rtos_bsp\libucosii_bsp.a(alt_alarm_start.o)
 .data          0x000000000004ce20        0x0 ../app_rtos_bsp\libucosii_bsp.a(alt_close.o)
 .data          0x000000000004ce20        0x0 ../app_rtos_bsp\libucosii_bsp.a(alt_dcache_flush_all.o)
 .data          0x000000000004ce20      0x1a8 ../app_rtos_bsp\libucosii_bsp.a(alt_dev.o)
                0x000000000004ce20                alt_dev_null
                0x000000000004ce48                alt_fd_list
 .data          0x000000000004cfc8        0x0 ../app_rtos_bsp\libucosii_bsp.a(alt_dev_llist_insert.o)
 .data          0x000000000004cfc8        0x0 ../app_rtos_bsp\libucosii_bsp.a(alt_do_ctors.o)
 .data          0x000000000004cfc8        0x0 ../app_rtos_bsp\libucosii_bsp.a(alt_do_dtors.o)
 .data          0x000000000004cfc8        0x0 ../app_rtos_bsp\libucosii_bsp.a(alt_errno.o)
 .data          0x000000000004cfc8        0x0 ../app_rtos_bsp\libucosii_bsp.a(alt_exception_entry.o)
 .data          0x000000000004cfc8        0x0 ../app_rtos_bsp\libucosii_bsp.a(alt_icache_flush_all.o)
 .data          0x000000000004cfc8        0x0 ../app_rtos_bsp\libucosii_bsp.a(alt_instruction_exception_entry.o)
 .data          0x000000000004cfc8        0x0 ../app_rtos_bsp\libucosii_bsp.a(alt_io_redirect.o)
 .data          0x000000000004cfc8        0x0 ../app_rtos_bsp\libucosii_bsp.a(alt_open.o)
 .data          0x000000000004cfc8        0x0 ../app_rtos_bsp\libucosii_bsp.a(alt_release_fd.o)
 .data          0x000000000004cfc8        0x0 ../app_rtos_bsp\libucosii_bsp.a(alt_tick.o)
 .data          0x000000000004cfc8        0x0 ../app_rtos_bsp\libucosii_bsp.a(altera_nios2_gen2_irq.o)
 .data          0x000000000004cfc8        0x0 ../app_rtos_bsp\libucosii_bsp.a(os_cpu_a.o)
 .data          0x000000000004cfc8        0x0 ../app_rtos_bsp\libucosii_bsp.a(os_cpu_c.o)
 .data          0x000000000004cfc8        0x0 ../app_rtos_bsp\libucosii_bsp.a(alt_find_dev.o)
 .data          0x000000000004cfc8        0x0 ../app_rtos_bsp\libucosii_bsp.a(alt_find_file.o)
 .data          0x000000000004cfc8        0x0 ../app_rtos_bsp\libucosii_bsp.a(alt_get_fd.o)
 .data          0x000000000004cfc8        0x0 d:/programfiles/intelfpga_lite/18.1/nios2eds/bin/gnu/h-x86_64-mingw32/bin/../lib/gcc/nios2-elf/5.3.0/../../../../../H-x86_64-mingw32/nios2-elf/lib/mno-hw-mul\libc.a(lib_a-atexit.o)
 .data          0x000000000004cfc8        0x0 d:/programfiles/intelfpga_lite/18.1/nios2eds/bin/gnu/h-x86_64-mingw32/bin/../lib/gcc/nios2-elf/5.3.0/../../../../../H-x86_64-mingw32/nios2-elf/lib/mno-hw-mul\libc.a(lib_a-exit.o)
 .data          0x000000000004cfc8        0x0 d:/programfiles/intelfpga_lite/18.1/nios2eds/bin/gnu/h-x86_64-mingw32/bin/../lib/gcc/nios2-elf/5.3.0/../../../../../H-x86_64-mingw32/nios2-elf/lib/mno-hw-mul\libc.a(lib_a-impure.o)
 .data.impure_data
                0x000000000004cfc8      0x424 d:/programfiles/intelfpga_lite/18.1/nios2eds/bin/gnu/h-x86_64-mingw32/bin/../lib/gcc/nios2-elf/5.3.0/../../../../../H-x86_64-mingw32/nios2-elf/lib/mno-hw-mul\libc.a(lib_a-impure.o)
 .data          0x000000000004d3ec        0x0 d:/programfiles/intelfpga_lite/18.1/nios2eds/bin/gnu/h-x86_64-mingw32/bin/../lib/gcc/nios2-elf/5.3.0/../../../../../H-x86_64-mingw32/nios2-elf/lib/mno-hw-mul\libc.a(lib_a-int_errno.o)
 .data          0x000000000004d3ec        0x0 d:/programfiles/intelfpga_lite/18.1/nios2eds/bin/gnu/h-x86_64-mingw32/bin/../lib/gcc/nios2-elf/5.3.0/../../../../../H-x86_64-mingw32/nios2-elf/lib/mno-hw-mul\libc.a(lib_a-memcmp.o)
 .data          0x000000000004d3ec        0x0 d:/programfiles/intelfpga_lite/18.1/nios2eds/bin/gnu/h-x86_64-mingw32/bin/../lib/gcc/nios2-elf/5.3.0/../../../../../H-x86_64-mingw32/nios2-elf/lib/mno-hw-mul\libc.a(lib_a-memcpy.o)
 .data          0x000000000004d3ec        0x0 d:/programfiles/intelfpga_lite/18.1/nios2eds/bin/gnu/h-x86_64-mingw32/bin/../lib/gcc/nios2-elf/5.3.0/../../../../../H-x86_64-mingw32/nios2-elf/lib/mno-hw-mul\libc.a(lib_a-memset.o)
 .data          0x000000000004d3ec        0x0 d:/programfiles/intelfpga_lite/18.1/nios2eds/bin/gnu/h-x86_64-mingw32/bin/../lib/gcc/nios2-elf/5.3.0/../../../../../H-x86_64-mingw32/nios2-elf/lib/mno-hw-mul\libc.a(lib_a-strlen.o)
 .data          0x000000000004d3ec        0x0 d:/programfiles/intelfpga_lite/18.1/nios2eds/bin/gnu/h-x86_64-mingw32/bin/../lib/gcc/nios2-elf/5.3.0/../../../../../H-x86_64-mingw32/nios2-elf/lib/mno-hw-mul\libc.a(lib_a-__atexit.o)
 .data          0x000000000004d3ec        0x0 d:/programfiles/intelfpga_lite/18.1/nios2eds/bin/gnu/h-x86_64-mingw32/bin/../lib/gcc/nios2-elf/5.3.0/../../../../../H-x86_64-mingw32/nios2-elf/lib/mno-hw-mul\libc.a(lib_a-__call_atexit.o)
 .data          0x000000000004d3ec        0x0 d:/programfiles/intelfpga_lite/18.1/nios2eds/bin/gnu/h-x86_64-mingw32/bin/../lib/gcc/nios2-elf/5.3.0/mno-hw-mul\libgcc.a(lib2-divmod.o)
 .data          0x000000000004d3ec        0x0 d:/programfiles/intelfpga_lite/18.1/nios2eds/bin/gnu/h-x86_64-mingw32/bin/../lib/gcc/nios2-elf/5.3.0/mno-hw-mul\libgcc.a(lib2-mul.o)
 .data          0x000000000004d3ec        0x0 ../app_rtos_bsp\libucosii_bsp.a(alt_exit.o)
                0x00000000000553ec                _gp = ABSOLUTE ((. + 0x8000))
                [!provide]                        PROVIDE (gp, _gp)
 *(.rwdata .rwdata.*)
 *(.sdata .sdata.* .gnu.linkonce.s.*)
 .sdata         0x000000000004d3ec        0x4 ../app_rtos_bsp\libucosii_bsp.a(alt_irq_vars.o)
                0x000000000004d3ec                alt_priority_mask
 .sdata         0x000000000004d3f0        0x4 ../app_rtos_bsp\libucosii_bsp.a(alt_env_lock.o)
 .sdata         0x000000000004d3f4        0x4 ../app_rtos_bsp\libucosii_bsp.a(alt_malloc_lock.o)
 .sdata         0x000000000004d3f8       0x72 ../app_rtos_bsp\libucosii_bsp.a(os_dbg.o)
                0x000000000004d3f8                OSDebugEn
                0x000000000004d3fc                OSEndiannessTest
                0x000000000004d400                OSEventEn
                0x000000000004d402                OSEventMax
                0x000000000004d404                OSEventNameSize
                0x000000000004d406                OSEventSize
                0x000000000004d408                OSEventTblSize
                0x000000000004d40a                OSEventMultiEn
                0x000000000004d40c                OSFlagEn
                0x000000000004d40e                OSFlagGrpSize
                0x000000000004d410                OSFlagNodeSize
                0x000000000004d412                OSFlagWidth
                0x000000000004d414                OSFlagMax
                0x000000000004d416                OSFlagNameSize
                0x000000000004d418                OSLowestPrio
                0x000000000004d41a                OSMboxEn
                0x000000000004d41c                OSMemEn
                0x000000000004d41e                OSMemMax
                0x000000000004d420                OSMemNameSize
                0x000000000004d422                OSMemSize
                0x000000000004d424                OSMemTblSize
                0x000000000004d426                OSMutexEn
                0x000000000004d428                OSPtrSize
                0x000000000004d42a                OSQEn
                0x000000000004d42c                OSQMax
                0x000000000004d42e                OSQSize
                0x000000000004d430                OSRdyTblSize
                0x000000000004d432                OSSemEn
                0x000000000004d434                OSStkWidth
                0x000000000004d436                OSTaskCreateEn
                0x000000000004d438                OSTaskCreateExtEn
                0x000000000004d43a                OSTaskDelEn
                0x000000000004d43c                OSTaskIdleStkSize
                0x000000000004d43e                OSTaskProfileEn
                0x000000000004d440                OSTaskMax
                0x000000000004d442                OSTaskNameSize
                0x000000000004d444                OSTaskStatEn
                0x000000000004d446                OSTaskStatStkSize
                0x000000000004d448                OSTaskStatStkChkEn
                0x000000000004d44a                OSTaskSwHookEn
                0x000000000004d44c                OSTCBPrioTblMax
                0x000000000004d44e                OSTCBSize
                0x000000000004d450                OSTicksPerSec
                0x000000000004d452                OSTimeTickHookEn
                0x000000000004d454                OSVersionNbr
                0x000000000004d456                OSTmrEn
                0x000000000004d458                OSTmrCfgMax
                0x000000000004d45a                OSTmrCfgNameSize
                0x000000000004d45c                OSTmrCfgWheelSize
                0x000000000004d45e                OSTmrCfgTicksPerSec
                0x000000000004d460                OSTmrSize
                0x000000000004d462                OSTmrTblSize
                0x000000000004d464                OSTmrWheelSize
                0x000000000004d466                OSTmrWheelTblSize
                0x000000000004d468                OSDataSize
 *fill*         0x000000000004d46a        0x2 
 .sdata         0x000000000004d46c       0x14 ../app_rtos_bsp\libucosii_bsp.a(alt_dev.o)
                0x000000000004d46c                alt_fs_list
                0x000000000004d474                alt_dev_list
                0x000000000004d47c                alt_max_fd
 .sdata         0x000000000004d480        0x4 ../app_rtos_bsp\libucosii_bsp.a(alt_errno.o)
                0x000000000004d480                alt_errno
 .sdata         0x000000000004d484        0x8 ../app_rtos_bsp\libucosii_bsp.a(alt_tick.o)
                0x000000000004d484                alt_alarm_list
 .sdata._global_impure_ptr
                0x000000000004d48c        0x4 d:/programfiles/intelfpga_lite/18.1/nios2eds/bin/gnu/h-x86_64-mingw32/bin/../lib/gcc/nios2-elf/5.3.0/../../../../../H-x86_64-mingw32/nios2-elf/lib/mno-hw-mul\libc.a(lib_a-impure.o)
                0x000000000004d48c                _global_impure_ptr
 .sdata._impure_ptr
                0x000000000004d490        0x4 d:/programfiles/intelfpga_lite/18.1/nios2eds/bin/gnu/h-x86_64-mingw32/bin/../lib/gcc/nios2-elf/5.3.0/../../../../../H-x86_64-mingw32/nios2-elf/lib/mno-hw-mul\libc.a(lib_a-impure.o)
                0x000000000004d490                _impure_ptr
 *(.sdata2 .sdata2.* .gnu.linkonce.s2.*)
                0x000000000004d494                . = ALIGN (0x4)
                0x000000000004d494                _edata = ABSOLUTE (.)
                [!provide]                        PROVIDE (edata, ABSOLUTE (.))
                0x000000000004d494                PROVIDE (__ram_rwdata_end, ABSOLUTE (.))
                0x000000000004d494                PROVIDE (__flash_rwdata_start, LOADADDR (.rwdata))

.bss            0x000000000004eb74     0x72fc
                0x000000000004eb74                __bss_start = ABSOLUTE (.)
                [!provide]                        PROVIDE (__sbss_start, ABSOLUTE (.))
                [!provide]                        PROVIDE (___sbss_start, ABSOLUTE (.))
 *(.dynsbss)
 *(.sbss .sbss.* .gnu.linkonce.sb.*)
 .sbss          0x000000000004eb74       0x14 obj/default/./app_rtos.o
                0x000000000004eb74                tx_complete_sem
                0x000000000004eb78                adxl345_sem
                0x000000000004eb7c                edge_capture
                0x000000000004eb80                uart_status
                0x000000000004eb84                msg_box
 .sbss          0x000000000004eb88        0x4 ../app_rtos_bsp\libucosii_bsp.a(alt_irq_vars.o)
                0x000000000004eb88                alt_irq_active
 .sbss          0x000000000004eb8c        0xc ../app_rtos_bsp\libucosii_bsp.a(alt_main.o)
                0x000000000004eb8c                alt_argc
                0x000000000004eb90                alt_argv
                0x000000000004eb94                alt_envp
 .sbss          0x000000000004eb98        0x8 ../app_rtos_bsp\libucosii_bsp.a(alt_env_lock.o)
                0x000000000004eb9c                alt_envsem
 .sbss          0x000000000004eba0        0x8 ../app_rtos_bsp\libucosii_bsp.a(alt_malloc_lock.o)
                0x000000000004eba4                alt_heapsem
 .sbss          0x000000000004eba8       0x50 ../app_rtos_bsp\libucosii_bsp.a(os_core.o)
                0x000000000004eba8                OSLockNesting
                0x000000000004eba9                OSRunning
                0x000000000004ebac                OSIdleCtr
                0x000000000004ebb0                OSPrioHighRdy
                0x000000000004ebb1                OSPrioCur
                0x000000000004ebb4                OSTCBList
                0x000000000004ebb8                OSTickStepState
                0x000000000004ebbc                OSCtxSwCtr
                0x000000000004ebc0                OSIdleCtrMax
                0x000000000004ebc4                OSTCBFreeList
                0x000000000004ebc8                OSCPUUsage
                0x000000000004ebc9                OSTaskCtr
                0x000000000004ebcc                OSMemFreeList
                0x000000000004ebd0                OSTCBHighRdy
                0x000000000004ebd4                OSQFreeList
                0x000000000004ebd8                OSRdyGrp
                0x000000000004ebd9                OSRdyTbl
                0x000000000004ebdc                OSEventFreeList
                0x000000000004ebe0                OSIntNesting
                0x000000000004ebe4                OSTCBCur
                0x000000000004ebe8                OSTime
                0x000000000004ebec                OSFlagFreeList
                0x000000000004ebf0                OSStatRdy
                0x000000000004ebf4                OSIdleCtrRun
 .sbss          0x000000000004ebf8        0x4 ../app_rtos_bsp\libucosii_bsp.a(alt_dev.o)
                0x000000000004ebf8                alt_fd_list_lock
 .sbss          0x000000000004ebfc        0x4 ../app_rtos_bsp\libucosii_bsp.a(alt_instruction_exception_entry.o)
                0x000000000004ebfc                alt_instruction_exception_handler
 .sbss          0x000000000004ec00        0x8 ../app_rtos_bsp\libucosii_bsp.a(alt_tick.o)
                0x000000000004ec00                _alt_tick_rate
                0x000000000004ec04                _alt_nticks
 .sbss          0x000000000004ec08        0x4 d:/programfiles/intelfpga_lite/18.1/nios2eds/bin/gnu/h-x86_64-mingw32/bin/../lib/gcc/nios2-elf/5.3.0/../../../../../H-x86_64-mingw32/nios2-elf/lib/mno-hw-mul\libc.a(lib_a-int_errno.o)
                0x000000000004ec08                errno
 *(.sbss2 .sbss2.* .gnu.linkonce.sb2.*)
 *(.scommon)
                [!provide]                        PROVIDE (__sbss_end, ABSOLUTE (.))
                [!provide]                        PROVIDE (___sbss_end, ABSOLUTE (.))
 *(.dynbss)
 *(.bss .bss.* .gnu.linkonce.b.*)
 .bss           0x000000000004ec0c        0x0 ../app_rtos_bsp/obj/HAL/src/crt0.o
 .bss           0x000000000004ec0c        0x0 obj/default/./app_rtos.o
 .bss           0x000000000004ec0c        0x0 ../app_rtos_bsp\libucosii_bsp.a(alt_iic.o)
 .bss           0x000000000004ec0c        0x0 ../app_rtos_bsp\libucosii_bsp.a(alt_iic_isr_register.o)
 .bss           0x000000000004ec0c        0x0 ../app_rtos_bsp\libucosii_bsp.a(alt_irq_entry.o)
 .bss           0x000000000004ec0c        0x0 ../app_rtos_bsp\libucosii_bsp.a(alt_irq_handler.o)
 .bss           0x000000000004ec0c        0x0 ../app_rtos_bsp\libucosii_bsp.a(alt_irq_vars.o)
 .bss           0x000000000004ec0c        0x0 ../app_rtos_bsp\libucosii_bsp.a(alt_load.o)
 .bss           0x000000000004ec0c        0x0 ../app_rtos_bsp\libucosii_bsp.a(alt_main.o)
 .bss           0x000000000004ec0c        0x0 ../app_rtos_bsp\libucosii_bsp.a(alt_env_lock.o)
 .bss           0x000000000004ec0c        0x0 ../app_rtos_bsp\libucosii_bsp.a(alt_malloc_lock.o)
 .bss           0x000000000004ec0c        0x0 ../app_rtos_bsp\libucosii_bsp.a(os_core.o)
 .bss           0x000000000004ec0c        0x0 ../app_rtos_bsp\libucosii_bsp.a(os_dbg.o)
 .bss           0x000000000004ec0c        0x0 ../app_rtos_bsp\libucosii_bsp.a(os_flag.o)
 .bss           0x000000000004ec0c        0x0 ../app_rtos_bsp\libucosii_bsp.a(os_mbox.o)
 .bss           0x000000000004ec0c        0x0 ../app_rtos_bsp\libucosii_bsp.a(os_mem.o)
 .bss           0x000000000004ec0c        0x0 ../app_rtos_bsp\libucosii_bsp.a(os_q.o)
 .bss           0x000000000004ec0c        0x0 ../app_rtos_bsp\libucosii_bsp.a(os_sem.o)
 .bss           0x000000000004ec0c        0x0 ../app_rtos_bsp\libucosii_bsp.a(os_task.o)
 .bss           0x000000000004ec0c        0x0 ../app_rtos_bsp\libucosii_bsp.a(os_time.o)
 .bss           0x000000000004ec0c        0x0 ../app_rtos_bsp\libucosii_bsp.a(alt_sys_init.o)
 .bss           0x000000000004ec0c        0x0 ../app_rtos_bsp\libucosii_bsp.a(altera_avalon_jtag_uart_fd.o)
 .bss           0x000000000004ec0c        0x0 ../app_rtos_bsp\libucosii_bsp.a(altera_avalon_jtag_uart_init.o)
 .bss           0x000000000004ec0c        0x0 ../app_rtos_bsp\libucosii_bsp.a(altera_avalon_jtag_uart_ioctl.o)
 .bss           0x000000000004ec0c        0x0 ../app_rtos_bsp\libucosii_bsp.a(altera_avalon_jtag_uart_read.o)
 .bss           0x000000000004ec0c        0x0 ../app_rtos_bsp\libucosii_bsp.a(altera_avalon_jtag_uart_write.o)
 .bss           0x000000000004ec0c        0x0 ../app_rtos_bsp\libucosii_bsp.a(altera_avalon_spi.o)
 .bss           0x000000000004ec0c        0x0 ../app_rtos_bsp\libucosii_bsp.a(altera_avalon_timer_sc.o)
 .bss           0x000000000004ec0c        0x0 ../app_rtos_bsp\libucosii_bsp.a(alt_alarm_start.o)
 .bss           0x000000000004ec0c        0x0 ../app_rtos_bsp\libucosii_bsp.a(alt_close.o)
 .bss           0x000000000004ec0c        0x0 ../app_rtos_bsp\libucosii_bsp.a(alt_dcache_flush_all.o)
 .bss           0x000000000004ec0c        0x0 ../app_rtos_bsp\libucosii_bsp.a(alt_dev.o)
 .bss           0x000000000004ec0c        0x0 ../app_rtos_bsp\libucosii_bsp.a(alt_dev_llist_insert.o)
 .bss           0x000000000004ec0c        0x0 ../app_rtos_bsp\libucosii_bsp.a(alt_do_ctors.o)
 .bss           0x000000000004ec0c        0x0 ../app_rtos_bsp\libucosii_bsp.a(alt_do_dtors.o)
 .bss           0x000000000004ec0c        0x0 ../app_rtos_bsp\libucosii_bsp.a(alt_errno.o)
 .bss           0x000000000004ec0c        0x0 ../app_rtos_bsp\libucosii_bsp.a(alt_exception_entry.o)
 .bss           0x000000000004ec0c        0x0 ../app_rtos_bsp\libucosii_bsp.a(alt_icache_flush_all.o)
 .bss           0x000000000004ec0c        0x0 ../app_rtos_bsp\libucosii_bsp.a(alt_instruction_exception_entry.o)
 .bss           0x000000000004ec0c        0x0 ../app_rtos_bsp\libucosii_bsp.a(alt_io_redirect.o)
 .bss           0x000000000004ec0c        0x0 ../app_rtos_bsp\libucosii_bsp.a(alt_open.o)
 .bss           0x000000000004ec0c        0x0 ../app_rtos_bsp\libucosii_bsp.a(alt_release_fd.o)
 .bss           0x000000000004ec0c        0x0 ../app_rtos_bsp\libucosii_bsp.a(alt_tick.o)
 .bss           0x000000000004ec0c        0x0 ../app_rtos_bsp\libucosii_bsp.a(altera_nios2_gen2_irq.o)
 .bss           0x000000000004ec0c        0x0 ../app_rtos_bsp\libucosii_bsp.a(os_cpu_a.o)
 .bss           0x000000000004ec0c        0x0 ../app_rtos_bsp\libucosii_bsp.a(os_cpu_c.o)
 .bss           0x000000000004ec0c        0x0 ../app_rtos_bsp\libucosii_bsp.a(alt_find_dev.o)
 .bss           0x000000000004ec0c        0x0 ../app_rtos_bsp\libucosii_bsp.a(alt_find_file.o)
 .bss           0x000000000004ec0c        0x0 ../app_rtos_bsp\libucosii_bsp.a(alt_get_fd.o)
 .bss           0x000000000004ec0c        0x0 d:/programfiles/intelfpga_lite/18.1/nios2eds/bin/gnu/h-x86_64-mingw32/bin/../lib/gcc/nios2-elf/5.3.0/../../../../../H-x86_64-mingw32/nios2-elf/lib/mno-hw-mul\libc.a(lib_a-atexit.o)
 .bss           0x000000000004ec0c        0x0 d:/programfiles/intelfpga_lite/18.1/nios2eds/bin/gnu/h-x86_64-mingw32/bin/../lib/gcc/nios2-elf/5.3.0/../../../../../H-x86_64-mingw32/nios2-elf/lib/mno-hw-mul\libc.a(lib_a-exit.o)
 .bss           0x000000000004ec0c        0x0 d:/programfiles/intelfpga_lite/18.1/nios2eds/bin/gnu/h-x86_64-mingw32/bin/../lib/gcc/nios2-elf/5.3.0/../../../../../H-x86_64-mingw32/nios2-elf/lib/mno-hw-mul\libc.a(lib_a-impure.o)
 .bss           0x000000000004ec0c        0x0 d:/programfiles/intelfpga_lite/18.1/nios2eds/bin/gnu/h-x86_64-mingw32/bin/../lib/gcc/nios2-elf/5.3.0/../../../../../H-x86_64-mingw32/nios2-elf/lib/mno-hw-mul\libc.a(lib_a-int_errno.o)
 .bss           0x000000000004ec0c        0x0 d:/programfiles/intelfpga_lite/18.1/nios2eds/bin/gnu/h-x86_64-mingw32/bin/../lib/gcc/nios2-elf/5.3.0/../../../../../H-x86_64-mingw32/nios2-elf/lib/mno-hw-mul\libc.a(lib_a-memcmp.o)
 .bss           0x000000000004ec0c        0x0 d:/programfiles/intelfpga_lite/18.1/nios2eds/bin/gnu/h-x86_64-mingw32/bin/../lib/gcc/nios2-elf/5.3.0/../../../../../H-x86_64-mingw32/nios2-elf/lib/mno-hw-mul\libc.a(lib_a-memcpy.o)
 .bss           0x000000000004ec0c        0x0 d:/programfiles/intelfpga_lite/18.1/nios2eds/bin/gnu/h-x86_64-mingw32/bin/../lib/gcc/nios2-elf/5.3.0/../../../../../H-x86_64-mingw32/nios2-elf/lib/mno-hw-mul\libc.a(lib_a-memset.o)
 .bss           0x000000000004ec0c        0x0 d:/programfiles/intelfpga_lite/18.1/nios2eds/bin/gnu/h-x86_64-mingw32/bin/../lib/gcc/nios2-elf/5.3.0/../../../../../H-x86_64-mingw32/nios2-elf/lib/mno-hw-mul\libc.a(lib_a-strlen.o)
 .bss           0x000000000004ec0c        0x0 d:/programfiles/intelfpga_lite/18.1/nios2eds/bin/gnu/h-x86_64-mingw32/bin/../lib/gcc/nios2-elf/5.3.0/../../../../../H-x86_64-mingw32/nios2-elf/lib/mno-hw-mul\libc.a(lib_a-__atexit.o)
 .bss           0x000000000004ec0c        0x0 d:/programfiles/intelfpga_lite/18.1/nios2eds/bin/gnu/h-x86_64-mingw32/bin/../lib/gcc/nios2-elf/5.3.0/../../../../../H-x86_64-mingw32/nios2-elf/lib/mno-hw-mul\libc.a(lib_a-__call_atexit.o)
 .bss           0x000000000004ec0c        0x0 d:/programfiles/intelfpga_lite/18.1/nios2eds/bin/gnu/h-x86_64-mingw32/bin/../lib/gcc/nios2-elf/5.3.0/mno-hw-mul\libgcc.a(lib2-divmod.o)
 .bss           0x000000000004ec0c        0x0 d:/programfiles/intelfpga_lite/18.1/nios2eds/bin/gnu/h-x86_64-mingw32/bin/../lib/gcc/nios2-elf/5.3.0/mno-hw-mul\libgcc.a(lib2-mul.o)
 .bss           0x000000000004ec0c        0x0 ../app_rtos_bsp\libucosii_bsp.a(alt_exit.o)
 *(COMMON)
 COMMON         0x000000000004ec0c     0x3f40 obj/default/./app_rtos.o
                0x000000000004ec0c                uart_task_stk
                0x0000000000050bac                acc_task_stk
 COMMON         0x0000000000052b4c      0x100 ../app_rtos_bsp\libucosii_bsp.a(alt_irq_handler.o)
                0x0000000000052b4c                alt_irq
 COMMON         0x0000000000052c4c     0x3224 ../app_rtos_bsp\libucosii_bsp.a(os_core.o)
                0x0000000000052c4c                OSFlagTbl
                0x0000000000052fbc                OSMemTbl
                0x0000000000053bec                OSTaskStatStk
                0x00000000000543ec                OSQTbl
                0x00000000000545cc                OSTaskIdleStk
                0x0000000000054dcc                OSEventTbl
                0x000000000005590c                OSTCBTbl
                0x0000000000055e1c                OSTCBPrioTbl
                0x0000000000055e70                . = ALIGN (0x4)
                0x0000000000055e70                __bss_end = ABSOLUTE (.)

.onchip_mem     0x0000000000055e70        0x0
                [!provide]                        PROVIDE (_alt_partition_onchip_mem_start, ABSOLUTE (.))
 *(.onchip_mem .onchip_mem. onchip_mem.*)
                0x0000000000055e70                . = ALIGN (0x4)
                [!provide]                        PROVIDE (_alt_partition_onchip_mem_end, ABSOLUTE (.))
                0x0000000000055e70                _end = ABSOLUTE (.)
                0x0000000000055e70                end = ABSOLUTE (.)
                0x0000000000055e70                __alt_stack_base = ABSOLUTE (.)
                [!provide]                        PROVIDE (_alt_partition_onchip_mem_load_addr, LOADADDR (.onchip_mem))

.stab
 *(.stab)

.stabstr
 *(.stabstr)

.stab.excl
 *(.stab.excl)

.stab.exclstr
 *(.stab.exclstr)

.stab.index
 *(.stab.index)

.stab.indexstr
 *(.stab.indexstr)

.comment        0x0000000000000000       0x23
 *(.comment)
 .comment       0x0000000000000000       0x23 obj/default/./app_rtos.o
                                         0x24 (size before relaxing)
 .comment       0x0000000000000023       0x24 ../app_rtos_bsp\libucosii_bsp.a(alt_iic.o)
 .comment       0x0000000000000023       0x24 ../app_rtos_bsp\libucosii_bsp.a(alt_iic_isr_register.o)
 .comment       0x0000000000000023       0x24 ../app_rtos_bsp\libucosii_bsp.a(alt_irq_handler.o)
 .comment       0x0000000000000023       0x24 ../app_rtos_bsp\libucosii_bsp.a(alt_irq_vars.o)
 .comment       0x0000000000000023       0x24 ../app_rtos_bsp\libucosii_bsp.a(alt_load.o)
 .comment       0x0000000000000023       0x24 ../app_rtos_bsp\libucosii_bsp.a(alt_main.o)
 .comment       0x0000000000000023       0x24 ../app_rtos_bsp\libucosii_bsp.a(alt_env_lock.o)
 .comment       0x0000000000000023       0x24 ../app_rtos_bsp\libucosii_bsp.a(alt_malloc_lock.o)
 .comment       0x0000000000000023       0x24 ../app_rtos_bsp\libucosii_bsp.a(os_core.o)
 .comment       0x0000000000000023       0x24 ../app_rtos_bsp\libucosii_bsp.a(os_dbg.o)
 .comment       0x0000000000000023       0x24 ../app_rtos_bsp\libucosii_bsp.a(os_flag.o)
 .comment       0x0000000000000023       0x24 ../app_rtos_bsp\libucosii_bsp.a(os_mbox.o)
 .comment       0x0000000000000023       0x24 ../app_rtos_bsp\libucosii_bsp.a(os_mem.o)
 .comment       0x0000000000000023       0x24 ../app_rtos_bsp\libucosii_bsp.a(os_q.o)
 .comment       0x0000000000000023       0x24 ../app_rtos_bsp\libucosii_bsp.a(os_sem.o)
 .comment       0x0000000000000023       0x24 ../app_rtos_bsp\libucosii_bsp.a(os_task.o)
 .comment       0x0000000000000023       0x24 ../app_rtos_bsp\libucosii_bsp.a(os_time.o)
 .comment       0x0000000000000023       0x24 ../app_rtos_bsp\libucosii_bsp.a(alt_sys_init.o)
 .comment       0x0000000000000023       0x24 ../app_rtos_bsp\libucosii_bsp.a(altera_avalon_jtag_uart_fd.o)
 .comment       0x0000000000000023       0x24 ../app_rtos_bsp\libucosii_bsp.a(altera_avalon_jtag_uart_init.o)
 .comment       0x0000000000000023       0x24 ../app_rtos_bsp\libucosii_bsp.a(altera_avalon_jtag_uart_ioctl.o)
 .comment       0x0000000000000023       0x24 ../app_rtos_bsp\libucosii_bsp.a(altera_avalon_jtag_uart_read.o)
 .comment       0x0000000000000023       0x24 ../app_rtos_bsp\libucosii_bsp.a(altera_avalon_jtag_uart_write.o)
 .comment       0x0000000000000023       0x24 ../app_rtos_bsp\libucosii_bsp.a(altera_avalon_spi.o)
 .comment       0x0000000000000023       0x24 ../app_rtos_bsp\libucosii_bsp.a(altera_avalon_timer_sc.o)
 .comment       0x0000000000000023       0x24 ../app_rtos_bsp\libucosii_bsp.a(alt_alarm_start.o)
 .comment       0x0000000000000023       0x24 ../app_rtos_bsp\libucosii_bsp.a(alt_close.o)
 .comment       0x0000000000000023       0x24 ../app_rtos_bsp\libucosii_bsp.a(alt_dcache_flush_all.o)
 .comment       0x0000000000000023       0x24 ../app_rtos_bsp\libucosii_bsp.a(alt_dev.o)
 .comment       0x0000000000000023       0x24 ../app_rtos_bsp\libucosii_bsp.a(alt_dev_llist_insert.o)
 .comment       0x0000000000000023       0x24 ../app_rtos_bsp\libucosii_bsp.a(alt_do_ctors.o)
 .comment       0x0000000000000023       0x24 ../app_rtos_bsp\libucosii_bsp.a(alt_do_dtors.o)
 .comment       0x0000000000000023       0x24 ../app_rtos_bsp\libucosii_bsp.a(alt_errno.o)
 .comment       0x0000000000000023       0x24 ../app_rtos_bsp\libucosii_bsp.a(alt_icache_flush_all.o)
 .comment       0x0000000000000023       0x24 ../app_rtos_bsp\libucosii_bsp.a(alt_instruction_exception_entry.o)
 .comment       0x0000000000000023       0x24 ../app_rtos_bsp\libucosii_bsp.a(alt_io_redirect.o)
 .comment       0x0000000000000023       0x24 ../app_rtos_bsp\libucosii_bsp.a(alt_open.o)
 .comment       0x0000000000000023       0x24 ../app_rtos_bsp\libucosii_bsp.a(alt_release_fd.o)
 .comment       0x0000000000000023       0x24 ../app_rtos_bsp\libucosii_bsp.a(alt_tick.o)
 .comment       0x0000000000000023       0x24 ../app_rtos_bsp\libucosii_bsp.a(altera_nios2_gen2_irq.o)
 .comment       0x0000000000000023       0x24 ../app_rtos_bsp\libucosii_bsp.a(os_cpu_c.o)
 .comment       0x0000000000000023       0x24 ../app_rtos_bsp\libucosii_bsp.a(alt_find_dev.o)
 .comment       0x0000000000000023       0x24 ../app_rtos_bsp\libucosii_bsp.a(alt_find_file.o)
 .comment       0x0000000000000023       0x24 ../app_rtos_bsp\libucosii_bsp.a(alt_get_fd.o)
 .comment       0x0000000000000023       0x24 d:/programfiles/intelfpga_lite/18.1/nios2eds/bin/gnu/h-x86_64-mingw32/bin/../lib/gcc/nios2-elf/5.3.0/../../../../../H-x86_64-mingw32/nios2-elf/lib/mno-hw-mul\libc.a(lib_a-atexit.o)
 .comment       0x0000000000000023       0x24 d:/programfiles/intelfpga_lite/18.1/nios2eds/bin/gnu/h-x86_64-mingw32/bin/../lib/gcc/nios2-elf/5.3.0/../../../../../H-x86_64-mingw32/nios2-elf/lib/mno-hw-mul\libc.a(lib_a-exit.o)
 .comment       0x0000000000000023       0x24 d:/programfiles/intelfpga_lite/18.1/nios2eds/bin/gnu/h-x86_64-mingw32/bin/../lib/gcc/nios2-elf/5.3.0/../../../../../H-x86_64-mingw32/nios2-elf/lib/mno-hw-mul\libc.a(lib_a-impure.o)
 .comment       0x0000000000000023       0x24 d:/programfiles/intelfpga_lite/18.1/nios2eds/bin/gnu/h-x86_64-mingw32/bin/../lib/gcc/nios2-elf/5.3.0/../../../../../H-x86_64-mingw32/nios2-elf/lib/mno-hw-mul\libc.a(lib_a-int_errno.o)
 .comment       0x0000000000000023       0x24 d:/programfiles/intelfpga_lite/18.1/nios2eds/bin/gnu/h-x86_64-mingw32/bin/../lib/gcc/nios2-elf/5.3.0/../../../../../H-x86_64-mingw32/nios2-elf/lib/mno-hw-mul\libc.a(lib_a-memcmp.o)
 .comment       0x0000000000000023       0x24 d:/programfiles/intelfpga_lite/18.1/nios2eds/bin/gnu/h-x86_64-mingw32/bin/../lib/gcc/nios2-elf/5.3.0/../../../../../H-x86_64-mingw32/nios2-elf/lib/mno-hw-mul\libc.a(lib_a-memcpy.o)
 .comment       0x0000000000000023       0x24 d:/programfiles/intelfpga_lite/18.1/nios2eds/bin/gnu/h-x86_64-mingw32/bin/../lib/gcc/nios2-elf/5.3.0/../../../../../H-x86_64-mingw32/nios2-elf/lib/mno-hw-mul\libc.a(lib_a-memset.o)
 .comment       0x0000000000000023       0x24 d:/programfiles/intelfpga_lite/18.1/nios2eds/bin/gnu/h-x86_64-mingw32/bin/../lib/gcc/nios2-elf/5.3.0/../../../../../H-x86_64-mingw32/nios2-elf/lib/mno-hw-mul\libc.a(lib_a-strlen.o)
 .comment       0x0000000000000023       0x24 d:/programfiles/intelfpga_lite/18.1/nios2eds/bin/gnu/h-x86_64-mingw32/bin/../lib/gcc/nios2-elf/5.3.0/../../../../../H-x86_64-mingw32/nios2-elf/lib/mno-hw-mul\libc.a(lib_a-__atexit.o)
 .comment       0x0000000000000023       0x24 d:/programfiles/intelfpga_lite/18.1/nios2eds/bin/gnu/h-x86_64-mingw32/bin/../lib/gcc/nios2-elf/5.3.0/../../../../../H-x86_64-mingw32/nios2-elf/lib/mno-hw-mul\libc.a(lib_a-__call_atexit.o)
 .comment       0x0000000000000023       0x24 d:/programfiles/intelfpga_lite/18.1/nios2eds/bin/gnu/h-x86_64-mingw32/bin/../lib/gcc/nios2-elf/5.3.0/mno-hw-mul\libgcc.a(lib2-divmod.o)
 .comment       0x0000000000000023       0x24 d:/programfiles/intelfpga_lite/18.1/nios2eds/bin/gnu/h-x86_64-mingw32/bin/../lib/gcc/nios2-elf/5.3.0/mno-hw-mul\libgcc.a(lib2-mul.o)
 .comment       0x0000000000000023       0x24 ../app_rtos_bsp\libucosii_bsp.a(alt_exit.o)

.debug
 *(.debug)

.line
 *(.line)

.debug_srcinfo
 *(.debug_srcinfo)

.debug_sfnames
 *(.debug_sfnames)

.debug_aranges  0x0000000000000000      0x7d8
 *(.debug_aranges)
 .debug_aranges
                0x0000000000000000       0x28 ../app_rtos_bsp/obj/HAL/src/crt0.o
 .debug_aranges
                0x0000000000000028       0x20 obj/default/./app_rtos.o
 .debug_aranges
                0x0000000000000048       0x20 ../app_rtos_bsp\libucosii_bsp.a(alt_iic.o)
 .debug_aranges
                0x0000000000000068       0x20 ../app_rtos_bsp\libucosii_bsp.a(alt_iic_isr_register.o)
 .debug_aranges
                0x0000000000000088       0x30 ../app_rtos_bsp\libucosii_bsp.a(alt_irq_entry.o)
 .debug_aranges
                0x00000000000000b8       0x20 ../app_rtos_bsp\libucosii_bsp.a(alt_irq_handler.o)
 .debug_aranges
                0x00000000000000d8       0x18 ../app_rtos_bsp\libucosii_bsp.a(alt_irq_vars.o)
 .debug_aranges
                0x00000000000000f0       0x20 ../app_rtos_bsp\libucosii_bsp.a(alt_load.o)
 .debug_aranges
                0x0000000000000110       0x20 ../app_rtos_bsp\libucosii_bsp.a(alt_main.o)
 .debug_aranges
                0x0000000000000130       0x20 ../app_rtos_bsp\libucosii_bsp.a(alt_env_lock.o)
 .debug_aranges
                0x0000000000000150       0x20 ../app_rtos_bsp\libucosii_bsp.a(alt_malloc_lock.o)
 .debug_aranges
                0x0000000000000170       0x20 ../app_rtos_bsp\libucosii_bsp.a(os_core.o)
 .debug_aranges
                0x0000000000000190       0x20 ../app_rtos_bsp\libucosii_bsp.a(os_dbg.o)
 .debug_aranges
                0x00000000000001b0       0x20 ../app_rtos_bsp\libucosii_bsp.a(os_flag.o)
 .debug_aranges
                0x00000000000001d0       0x20 ../app_rtos_bsp\libucosii_bsp.a(os_mbox.o)
 .debug_aranges
                0x00000000000001f0       0x20 ../app_rtos_bsp\libucosii_bsp.a(os_mem.o)
 .debug_aranges
                0x0000000000000210       0x20 ../app_rtos_bsp\libucosii_bsp.a(os_q.o)
 .debug_aranges
                0x0000000000000230       0x20 ../app_rtos_bsp\libucosii_bsp.a(os_sem.o)
 .debug_aranges
                0x0000000000000250       0x20 ../app_rtos_bsp\libucosii_bsp.a(os_task.o)
 .debug_aranges
                0x0000000000000270       0x20 ../app_rtos_bsp\libucosii_bsp.a(os_time.o)
 .debug_aranges
                0x0000000000000290       0x20 ../app_rtos_bsp\libucosii_bsp.a(alt_sys_init.o)
 .debug_aranges
                0x00000000000002b0       0x20 ../app_rtos_bsp\libucosii_bsp.a(altera_avalon_jtag_uart_fd.o)
 .debug_aranges
                0x00000000000002d0       0x20 ../app_rtos_bsp\libucosii_bsp.a(altera_avalon_jtag_uart_init.o)
 .debug_aranges
                0x00000000000002f0       0x20 ../app_rtos_bsp\libucosii_bsp.a(altera_avalon_jtag_uart_ioctl.o)
 .debug_aranges
                0x0000000000000310       0x20 ../app_rtos_bsp\libucosii_bsp.a(altera_avalon_jtag_uart_read.o)
 .debug_aranges
                0x0000000000000330       0x20 ../app_rtos_bsp\libucosii_bsp.a(altera_avalon_jtag_uart_write.o)
 .debug_aranges
                0x0000000000000350       0x20 ../app_rtos_bsp\libucosii_bsp.a(altera_avalon_spi.o)
 .debug_aranges
                0x0000000000000370       0x20 ../app_rtos_bsp\libucosii_bsp.a(altera_avalon_timer_sc.o)
 .debug_aranges
                0x0000000000000390       0x20 ../app_rtos_bsp\libucosii_bsp.a(alt_alarm_start.o)
 .debug_aranges
                0x00000000000003b0       0x20 ../app_rtos_bsp\libucosii_bsp.a(alt_close.o)
 .debug_aranges
                0x00000000000003d0       0x20 ../app_rtos_bsp\libucosii_bsp.a(alt_dcache_flush_all.o)
 .debug_aranges
                0x00000000000003f0       0x20 ../app_rtos_bsp\libucosii_bsp.a(alt_dev.o)
 .debug_aranges
                0x0000000000000410       0x20 ../app_rtos_bsp\libucosii_bsp.a(alt_dev_llist_insert.o)
 .debug_aranges
                0x0000000000000430       0x20 ../app_rtos_bsp\libucosii_bsp.a(alt_do_ctors.o)
 .debug_aranges
                0x0000000000000450       0x20 ../app_rtos_bsp\libucosii_bsp.a(alt_do_dtors.o)
 .debug_aranges
                0x0000000000000470       0x18 ../app_rtos_bsp\libucosii_bsp.a(alt_errno.o)
 .debug_aranges
                0x0000000000000488       0x38 ../app_rtos_bsp\libucosii_bsp.a(alt_exception_entry.o)
 .debug_aranges
                0x00000000000004c0       0x20 ../app_rtos_bsp\libucosii_bsp.a(alt_icache_flush_all.o)
 .debug_aranges
                0x00000000000004e0       0x28 ../app_rtos_bsp\libucosii_bsp.a(alt_instruction_exception_entry.o)
 .debug_aranges
                0x0000000000000508       0x20 ../app_rtos_bsp\libucosii_bsp.a(alt_io_redirect.o)
 .debug_aranges
                0x0000000000000528       0x20 ../app_rtos_bsp\libucosii_bsp.a(alt_open.o)
 .debug_aranges
                0x0000000000000548       0x20 ../app_rtos_bsp\libucosii_bsp.a(alt_release_fd.o)
 .debug_aranges
                0x0000000000000568       0x20 ../app_rtos_bsp\libucosii_bsp.a(alt_tick.o)
 .debug_aranges
                0x0000000000000588       0x20 ../app_rtos_bsp\libucosii_bsp.a(altera_nios2_gen2_irq.o)
 .debug_aranges
                0x00000000000005a8       0x20 ../app_rtos_bsp\libucosii_bsp.a(os_cpu_a.o)
 .debug_aranges
                0x00000000000005c8       0x20 ../app_rtos_bsp\libucosii_bsp.a(os_cpu_c.o)
 .debug_aranges
                0x00000000000005e8       0x20 ../app_rtos_bsp\libucosii_bsp.a(alt_find_dev.o)
 .debug_aranges
                0x0000000000000608       0x20 ../app_rtos_bsp\libucosii_bsp.a(alt_find_file.o)
 .debug_aranges
                0x0000000000000628       0x20 ../app_rtos_bsp\libucosii_bsp.a(alt_get_fd.o)
 .debug_aranges
                0x0000000000000648       0x20 d:/programfiles/intelfpga_lite/18.1/nios2eds/bin/gnu/h-x86_64-mingw32/bin/../lib/gcc/nios2-elf/5.3.0/../../../../../H-x86_64-mingw32/nios2-elf/lib/mno-hw-mul\libc.a(lib_a-atexit.o)
 .debug_aranges
                0x0000000000000668       0x20 d:/programfiles/intelfpga_lite/18.1/nios2eds/bin/gnu/h-x86_64-mingw32/bin/../lib/gcc/nios2-elf/5.3.0/../../../../../H-x86_64-mingw32/nios2-elf/lib/mno-hw-mul\libc.a(lib_a-exit.o)
 .debug_aranges
                0x0000000000000688       0x18 d:/programfiles/intelfpga_lite/18.1/nios2eds/bin/gnu/h-x86_64-mingw32/bin/../lib/gcc/nios2-elf/5.3.0/../../../../../H-x86_64-mingw32/nios2-elf/lib/mno-hw-mul\libc.a(lib_a-impure.o)
 .debug_aranges
                0x00000000000006a0       0x18 d:/programfiles/intelfpga_lite/18.1/nios2eds/bin/gnu/h-x86_64-mingw32/bin/../lib/gcc/nios2-elf/5.3.0/../../../../../H-x86_64-mingw32/nios2-elf/lib/mno-hw-mul\libc.a(lib_a-int_errno.o)
 .debug_aranges
                0x00000000000006b8       0x20 d:/programfiles/intelfpga_lite/18.1/nios2eds/bin/gnu/h-x86_64-mingw32/bin/../lib/gcc/nios2-elf/5.3.0/../../../../../H-x86_64-mingw32/nios2-elf/lib/mno-hw-mul\libc.a(lib_a-memcmp.o)
 .debug_aranges
                0x00000000000006d8       0x20 d:/programfiles/intelfpga_lite/18.1/nios2eds/bin/gnu/h-x86_64-mingw32/bin/../lib/gcc/nios2-elf/5.3.0/../../../../../H-x86_64-mingw32/nios2-elf/lib/mno-hw-mul\libc.a(lib_a-memcpy.o)
 .debug_aranges
                0x00000000000006f8       0x20 d:/programfiles/intelfpga_lite/18.1/nios2eds/bin/gnu/h-x86_64-mingw32/bin/../lib/gcc/nios2-elf/5.3.0/../../../../../H-x86_64-mingw32/nios2-elf/lib/mno-hw-mul\libc.a(lib_a-memset.o)
 .debug_aranges
                0x0000000000000718       0x20 d:/programfiles/intelfpga_lite/18.1/nios2eds/bin/gnu/h-x86_64-mingw32/bin/../lib/gcc/nios2-elf/5.3.0/../../../../../H-x86_64-mingw32/nios2-elf/lib/mno-hw-mul\libc.a(lib_a-strlen.o)
 .debug_aranges
                0x0000000000000738       0x20 d:/programfiles/intelfpga_lite/18.1/nios2eds/bin/gnu/h-x86_64-mingw32/bin/../lib/gcc/nios2-elf/5.3.0/../../../../../H-x86_64-mingw32/nios2-elf/lib/mno-hw-mul\libc.a(lib_a-__atexit.o)
 .debug_aranges
                0x0000000000000758       0x20 d:/programfiles/intelfpga_lite/18.1/nios2eds/bin/gnu/h-x86_64-mingw32/bin/../lib/gcc/nios2-elf/5.3.0/../../../../../H-x86_64-mingw32/nios2-elf/lib/mno-hw-mul\libc.a(lib_a-__call_atexit.o)
 .debug_aranges
                0x0000000000000778       0x20 d:/programfiles/intelfpga_lite/18.1/nios2eds/bin/gnu/h-x86_64-mingw32/bin/../lib/gcc/nios2-elf/5.3.0/mno-hw-mul\libgcc.a(lib2-divmod.o)
 .debug_aranges
                0x0000000000000798       0x20 d:/programfiles/intelfpga_lite/18.1/nios2eds/bin/gnu/h-x86_64-mingw32/bin/../lib/gcc/nios2-elf/5.3.0/mno-hw-mul\libgcc.a(lib2-mul.o)
 .debug_aranges
                0x00000000000007b8       0x20 ../app_rtos_bsp\libucosii_bsp.a(alt_exit.o)

.debug_pubnames
 *(.debug_pubnames)

.debug_info     0x0000000000000000    0x12832
 *(.debug_info .gnu.linkonce.wi.*)
 .debug_info    0x0000000000000000       0x74 ../app_rtos_bsp/obj/HAL/src/crt0.o
 .debug_info    0x0000000000000074      0x39f obj/default/./app_rtos.o
 .debug_info    0x0000000000000413      0x350 ../app_rtos_bsp\libucosii_bsp.a(alt_iic.o)
 .debug_info    0x0000000000000763      0x1ef ../app_rtos_bsp\libucosii_bsp.a(alt_iic_isr_register.o)
 .debug_info    0x0000000000000952       0x7d ../app_rtos_bsp\libucosii_bsp.a(alt_irq_entry.o)
 .debug_info    0x00000000000009cf      0x1b0 ../app_rtos_bsp\libucosii_bsp.a(alt_irq_handler.o)
 .debug_info    0x0000000000000b7f       0x88 ../app_rtos_bsp\libucosii_bsp.a(alt_irq_vars.o)
 .debug_info    0x0000000000000c07      0x145 ../app_rtos_bsp\libucosii_bsp.a(alt_load.o)
 .debug_info    0x0000000000000d4c      0x26d ../app_rtos_bsp\libucosii_bsp.a(alt_main.o)
 .debug_info    0x0000000000000fb9      0xc67 ../app_rtos_bsp\libucosii_bsp.a(alt_env_lock.o)
 .debug_info    0x0000000000001c20      0xdad ../app_rtos_bsp\libucosii_bsp.a(alt_malloc_lock.o)
 .debug_info    0x00000000000029cd     0x15b9 ../app_rtos_bsp\libucosii_bsp.a(os_core.o)
 .debug_info    0x0000000000003f86      0xaa8 ../app_rtos_bsp\libucosii_bsp.a(os_dbg.o)
 .debug_info    0x0000000000004a2e      0xf9c ../app_rtos_bsp\libucosii_bsp.a(os_flag.o)
 .debug_info    0x00000000000059ca      0xa64 ../app_rtos_bsp\libucosii_bsp.a(os_mbox.o)
 .debug_info    0x000000000000642e      0x67a ../app_rtos_bsp\libucosii_bsp.a(os_mem.o)
 .debug_info    0x0000000000006aa8      0xda3 ../app_rtos_bsp\libucosii_bsp.a(os_q.o)
 .debug_info    0x000000000000784b      0xa04 ../app_rtos_bsp\libucosii_bsp.a(os_sem.o)
 .debug_info    0x000000000000824f     0x1117 ../app_rtos_bsp\libucosii_bsp.a(os_task.o)
 .debug_info    0x0000000000009366      0x6e9 ../app_rtos_bsp\libucosii_bsp.a(os_time.o)
 .debug_info    0x0000000000009a4f      0x626 ../app_rtos_bsp\libucosii_bsp.a(alt_sys_init.o)
 .debug_info    0x000000000000a075      0x67b ../app_rtos_bsp\libucosii_bsp.a(altera_avalon_jtag_uart_fd.o)
 .debug_info    0x000000000000a6f0      0x6b3 ../app_rtos_bsp\libucosii_bsp.a(altera_avalon_jtag_uart_init.o)
 .debug_info    0x000000000000ada3      0x3cd ../app_rtos_bsp\libucosii_bsp.a(altera_avalon_jtag_uart_ioctl.o)
 .debug_info    0x000000000000b170      0x57a ../app_rtos_bsp\libucosii_bsp.a(altera_avalon_jtag_uart_read.o)
 .debug_info    0x000000000000b6ea      0x579 ../app_rtos_bsp\libucosii_bsp.a(altera_avalon_jtag_uart_write.o)
 .debug_info    0x000000000000bc63      0x18d ../app_rtos_bsp\libucosii_bsp.a(altera_avalon_spi.o)
 .debug_info    0x000000000000bdf0      0x226 ../app_rtos_bsp\libucosii_bsp.a(altera_avalon_timer_sc.o)
 .debug_info    0x000000000000c016      0x2cc ../app_rtos_bsp\libucosii_bsp.a(alt_alarm_start.o)
 .debug_info    0x000000000000c2e2      0x355 ../app_rtos_bsp\libucosii_bsp.a(alt_close.o)
 .debug_info    0x000000000000c637       0x92 ../app_rtos_bsp\libucosii_bsp.a(alt_dcache_flush_all.o)
 .debug_info    0x000000000000c6c9      0x585 ../app_rtos_bsp\libucosii_bsp.a(alt_dev.o)
 .debug_info    0x000000000000cc4e      0x1a9 ../app_rtos_bsp\libucosii_bsp.a(alt_dev_llist_insert.o)
 .debug_info    0x000000000000cdf7       0x83 ../app_rtos_bsp\libucosii_bsp.a(alt_do_ctors.o)
 .debug_info    0x000000000000ce7a       0x83 ../app_rtos_bsp\libucosii_bsp.a(alt_do_dtors.o)
 .debug_info    0x000000000000cefd       0xa6 ../app_rtos_bsp\libucosii_bsp.a(alt_errno.o)
 .debug_info    0x000000000000cfa3       0x83 ../app_rtos_bsp\libucosii_bsp.a(alt_exception_entry.o)
 .debug_info    0x000000000000d026       0x92 ../app_rtos_bsp\libucosii_bsp.a(alt_icache_flush_all.o)
 .debug_info    0x000000000000d0b8      0x1e7 ../app_rtos_bsp\libucosii_bsp.a(alt_instruction_exception_entry.o)
 .debug_info    0x000000000000d29f      0x4d9 ../app_rtos_bsp\libucosii_bsp.a(alt_io_redirect.o)
 .debug_info    0x000000000000d778      0x3e4 ../app_rtos_bsp\libucosii_bsp.a(alt_open.o)
 .debug_info    0x000000000000db5c      0x2f9 ../app_rtos_bsp\libucosii_bsp.a(alt_release_fd.o)
 .debug_info    0x000000000000de55      0x2a7 ../app_rtos_bsp\libucosii_bsp.a(alt_tick.o)
 .debug_info    0x000000000000e0fc       0x92 ../app_rtos_bsp\libucosii_bsp.a(altera_nios2_gen2_irq.o)
 .debug_info    0x000000000000e18e       0x7c ../app_rtos_bsp\libucosii_bsp.a(os_cpu_a.o)
 .debug_info    0x000000000000e20a      0xcea ../app_rtos_bsp\libucosii_bsp.a(os_cpu_c.o)
 .debug_info    0x000000000000eef4      0x31d ../app_rtos_bsp\libucosii_bsp.a(alt_find_dev.o)
 .debug_info    0x000000000000f211      0x31a ../app_rtos_bsp\libucosii_bsp.a(alt_find_file.o)
 .debug_info    0x000000000000f52b      0x44b ../app_rtos_bsp\libucosii_bsp.a(alt_get_fd.o)
 .debug_info    0x000000000000f976       0xfe d:/programfiles/intelfpga_lite/18.1/nios2eds/bin/gnu/h-x86_64-mingw32/bin/../lib/gcc/nios2-elf/5.3.0/../../../../../H-x86_64-mingw32/nios2-elf/lib/mno-hw-mul\libc.a(lib_a-atexit.o)
 .debug_info    0x000000000000fa74      0x8e4 d:/programfiles/intelfpga_lite/18.1/nios2eds/bin/gnu/h-x86_64-mingw32/bin/../lib/gcc/nios2-elf/5.3.0/../../../../../H-x86_64-mingw32/nios2-elf/lib/mno-hw-mul\libc.a(lib_a-exit.o)
 .debug_info    0x0000000000010358      0x8a1 d:/programfiles/intelfpga_lite/18.1/nios2eds/bin/gnu/h-x86_64-mingw32/bin/../lib/gcc/nios2-elf/5.3.0/../../../../../H-x86_64-mingw32/nios2-elf/lib/mno-hw-mul\libc.a(lib_a-impure.o)
 .debug_info    0x0000000000010bf9       0x8a d:/programfiles/intelfpga_lite/18.1/nios2eds/bin/gnu/h-x86_64-mingw32/bin/../lib/gcc/nios2-elf/5.3.0/../../../../../H-x86_64-mingw32/nios2-elf/lib/mno-hw-mul\libc.a(lib_a-int_errno.o)
 .debug_info    0x0000000000010c83      0x11a d:/programfiles/intelfpga_lite/18.1/nios2eds/bin/gnu/h-x86_64-mingw32/bin/../lib/gcc/nios2-elf/5.3.0/../../../../../H-x86_64-mingw32/nios2-elf/lib/mno-hw-mul\libc.a(lib_a-memcmp.o)
 .debug_info    0x0000000000010d9d      0x144 d:/programfiles/intelfpga_lite/18.1/nios2eds/bin/gnu/h-x86_64-mingw32/bin/../lib/gcc/nios2-elf/5.3.0/../../../../../H-x86_64-mingw32/nios2-elf/lib/mno-hw-mul\libc.a(lib_a-memcpy.o)
 .debug_info    0x0000000000010ee1      0x121 d:/programfiles/intelfpga_lite/18.1/nios2eds/bin/gnu/h-x86_64-mingw32/bin/../lib/gcc/nios2-elf/5.3.0/../../../../../H-x86_64-mingw32/nios2-elf/lib/mno-hw-mul\libc.a(lib_a-memset.o)
 .debug_info    0x0000000000011002       0xe2 d:/programfiles/intelfpga_lite/18.1/nios2eds/bin/gnu/h-x86_64-mingw32/bin/../lib/gcc/nios2-elf/5.3.0/../../../../../H-x86_64-mingw32/nios2-elf/lib/mno-hw-mul\libc.a(lib_a-strlen.o)
 .debug_info    0x00000000000110e4      0x934 d:/programfiles/intelfpga_lite/18.1/nios2eds/bin/gnu/h-x86_64-mingw32/bin/../lib/gcc/nios2-elf/5.3.0/../../../../../H-x86_64-mingw32/nios2-elf/lib/mno-hw-mul\libc.a(lib_a-__atexit.o)
 .debug_info    0x0000000000011a18      0x965 d:/programfiles/intelfpga_lite/18.1/nios2eds/bin/gnu/h-x86_64-mingw32/bin/../lib/gcc/nios2-elf/5.3.0/../../../../../H-x86_64-mingw32/nios2-elf/lib/mno-hw-mul\libc.a(lib_a-__call_atexit.o)
 .debug_info    0x000000000001237d      0x2c6 d:/programfiles/intelfpga_lite/18.1/nios2eds/bin/gnu/h-x86_64-mingw32/bin/../lib/gcc/nios2-elf/5.3.0/mno-hw-mul\libgcc.a(lib2-divmod.o)
 .debug_info    0x0000000000012643       0xb4 d:/programfiles/intelfpga_lite/18.1/nios2eds/bin/gnu/h-x86_64-mingw32/bin/../lib/gcc/nios2-elf/5.3.0/mno-hw-mul\libgcc.a(lib2-mul.o)
 .debug_info    0x00000000000126f7      0x13b ../app_rtos_bsp\libucosii_bsp.a(alt_exit.o)

.debug_abbrev   0x0000000000000000     0x4b9e
 *(.debug_abbrev)
 .debug_abbrev  0x0000000000000000       0x12 ../app_rtos_bsp/obj/HAL/src/crt0.o
 .debug_abbrev  0x0000000000000012      0x159 obj/default/./app_rtos.o
 .debug_abbrev  0x000000000000016b      0x163 ../app_rtos_bsp\libucosii_bsp.a(alt_iic.o)
 .debug_abbrev  0x00000000000002ce      0x169 ../app_rtos_bsp\libucosii_bsp.a(alt_iic_isr_register.o)
 .debug_abbrev  0x0000000000000437       0x12 ../app_rtos_bsp\libucosii_bsp.a(alt_irq_entry.o)
 .debug_abbrev  0x0000000000000449      0x13a ../app_rtos_bsp\libucosii_bsp.a(alt_irq_handler.o)
 .debug_abbrev  0x0000000000000583       0x40 ../app_rtos_bsp\libucosii_bsp.a(alt_irq_vars.o)
 .debug_abbrev  0x00000000000005c3       0x9f ../app_rtos_bsp\libucosii_bsp.a(alt_load.o)
 .debug_abbrev  0x0000000000000662      0x139 ../app_rtos_bsp\libucosii_bsp.a(alt_main.o)
 .debug_abbrev  0x000000000000079b      0x1e3 ../app_rtos_bsp\libucosii_bsp.a(alt_env_lock.o)
 .debug_abbrev  0x000000000000097e      0x26d ../app_rtos_bsp\libucosii_bsp.a(alt_malloc_lock.o)
 .debug_abbrev  0x0000000000000beb      0x302 ../app_rtos_bsp\libucosii_bsp.a(os_core.o)
 .debug_abbrev  0x0000000000000eed       0xf7 ../app_rtos_bsp\libucosii_bsp.a(os_dbg.o)
 .debug_abbrev  0x0000000000000fe4      0x25a ../app_rtos_bsp\libucosii_bsp.a(os_flag.o)
 .debug_abbrev  0x000000000000123e      0x21f ../app_rtos_bsp\libucosii_bsp.a(os_mbox.o)
 .debug_abbrev  0x000000000000145d      0x228 ../app_rtos_bsp\libucosii_bsp.a(os_mem.o)
 .debug_abbrev  0x0000000000001685      0x248 ../app_rtos_bsp\libucosii_bsp.a(os_q.o)
 .debug_abbrev  0x00000000000018cd      0x262 ../app_rtos_bsp\libucosii_bsp.a(os_sem.o)
 .debug_abbrev  0x0000000000001b2f      0x247 ../app_rtos_bsp\libucosii_bsp.a(os_task.o)
 .debug_abbrev  0x0000000000001d76      0x20c ../app_rtos_bsp\libucosii_bsp.a(os_time.o)
 .debug_abbrev  0x0000000000001f82      0x1cc ../app_rtos_bsp\libucosii_bsp.a(alt_sys_init.o)
 .debug_abbrev  0x000000000000214e      0x16c ../app_rtos_bsp\libucosii_bsp.a(altera_avalon_jtag_uart_fd.o)
 .debug_abbrev  0x00000000000022ba      0x24f ../app_rtos_bsp\libucosii_bsp.a(altera_avalon_jtag_uart_init.o)
 .debug_abbrev  0x0000000000002509      0x156 ../app_rtos_bsp\libucosii_bsp.a(altera_avalon_jtag_uart_ioctl.o)
 .debug_abbrev  0x000000000000265f      0x1f8 ../app_rtos_bsp\libucosii_bsp.a(altera_avalon_jtag_uart_read.o)
 .debug_abbrev  0x0000000000002857      0x1f6 ../app_rtos_bsp\libucosii_bsp.a(altera_avalon_jtag_uart_write.o)
 .debug_abbrev  0x0000000000002a4d       0x8a ../app_rtos_bsp\libucosii_bsp.a(altera_avalon_spi.o)
 .debug_abbrev  0x0000000000002ad7      0x155 ../app_rtos_bsp\libucosii_bsp.a(altera_avalon_timer_sc.o)
 .debug_abbrev  0x0000000000002c2c      0x162 ../app_rtos_bsp\libucosii_bsp.a(alt_alarm_start.o)
 .debug_abbrev  0x0000000000002d8e      0x126 ../app_rtos_bsp\libucosii_bsp.a(alt_close.o)
 .debug_abbrev  0x0000000000002eb4       0x42 ../app_rtos_bsp\libucosii_bsp.a(alt_dcache_flush_all.o)
 .debug_abbrev  0x0000000000002ef6      0x11c ../app_rtos_bsp\libucosii_bsp.a(alt_dev.o)
 .debug_abbrev  0x0000000000003012      0x114 ../app_rtos_bsp\libucosii_bsp.a(alt_dev_llist_insert.o)
 .debug_abbrev  0x0000000000003126       0x79 ../app_rtos_bsp\libucosii_bsp.a(alt_do_ctors.o)
 .debug_abbrev  0x000000000000319f       0x79 ../app_rtos_bsp\libucosii_bsp.a(alt_do_dtors.o)
 .debug_abbrev  0x0000000000003218       0x5a ../app_rtos_bsp\libucosii_bsp.a(alt_errno.o)
 .debug_abbrev  0x0000000000003272       0x12 ../app_rtos_bsp\libucosii_bsp.a(alt_exception_entry.o)
 .debug_abbrev  0x0000000000003284       0x42 ../app_rtos_bsp\libucosii_bsp.a(alt_icache_flush_all.o)
 .debug_abbrev  0x00000000000032c6       0xdc ../app_rtos_bsp\libucosii_bsp.a(alt_instruction_exception_entry.o)
 .debug_abbrev  0x00000000000033a2      0x11b ../app_rtos_bsp\libucosii_bsp.a(alt_io_redirect.o)
 .debug_abbrev  0x00000000000034bd      0x14f ../app_rtos_bsp\libucosii_bsp.a(alt_open.o)
 .debug_abbrev  0x000000000000360c       0xe5 ../app_rtos_bsp\libucosii_bsp.a(alt_release_fd.o)
 .debug_abbrev  0x00000000000036f1      0x15a ../app_rtos_bsp\libucosii_bsp.a(alt_tick.o)
 .debug_abbrev  0x000000000000384b       0x42 ../app_rtos_bsp\libucosii_bsp.a(altera_nios2_gen2_irq.o)
 .debug_abbrev  0x000000000000388d       0x14 ../app_rtos_bsp\libucosii_bsp.a(os_cpu_a.o)
 .debug_abbrev  0x00000000000038a1      0x215 ../app_rtos_bsp\libucosii_bsp.a(os_cpu_c.o)
 .debug_abbrev  0x0000000000003ab6       0xf7 ../app_rtos_bsp\libucosii_bsp.a(alt_find_dev.o)
 .debug_abbrev  0x0000000000003bad       0xf7 ../app_rtos_bsp\libucosii_bsp.a(alt_find_file.o)
 .debug_abbrev  0x0000000000003ca4      0x19b ../app_rtos_bsp\libucosii_bsp.a(alt_get_fd.o)
 .debug_abbrev  0x0000000000003e3f       0xaa d:/programfiles/intelfpga_lite/18.1/nios2eds/bin/gnu/h-x86_64-mingw32/bin/../lib/gcc/nios2-elf/5.3.0/../../../../../H-x86_64-mingw32/nios2-elf/lib/mno-hw-mul\libc.a(lib_a-atexit.o)
 .debug_abbrev  0x0000000000003ee9      0x1e5 d:/programfiles/intelfpga_lite/18.1/nios2eds/bin/gnu/h-x86_64-mingw32/bin/../lib/gcc/nios2-elf/5.3.0/../../../../../H-x86_64-mingw32/nios2-elf/lib/mno-hw-mul\libc.a(lib_a-exit.o)
 .debug_abbrev  0x00000000000040ce      0x18f d:/programfiles/intelfpga_lite/18.1/nios2eds/bin/gnu/h-x86_64-mingw32/bin/../lib/gcc/nios2-elf/5.3.0/../../../../../H-x86_64-mingw32/nios2-elf/lib/mno-hw-mul\libc.a(lib_a-impure.o)
 .debug_abbrev  0x000000000000425d       0x37 d:/programfiles/intelfpga_lite/18.1/nios2eds/bin/gnu/h-x86_64-mingw32/bin/../lib/gcc/nios2-elf/5.3.0/../../../../../H-x86_64-mingw32/nios2-elf/lib/mno-hw-mul\libc.a(lib_a-int_errno.o)
 .debug_abbrev  0x0000000000004294       0x7f d:/programfiles/intelfpga_lite/18.1/nios2eds/bin/gnu/h-x86_64-mingw32/bin/../lib/gcc/nios2-elf/5.3.0/../../../../../H-x86_64-mingw32/nios2-elf/lib/mno-hw-mul\libc.a(lib_a-memcmp.o)
 .debug_abbrev  0x0000000000004313       0xa3 d:/programfiles/intelfpga_lite/18.1/nios2eds/bin/gnu/h-x86_64-mingw32/bin/../lib/gcc/nios2-elf/5.3.0/../../../../../H-x86_64-mingw32/nios2-elf/lib/mno-hw-mul\libc.a(lib_a-memcpy.o)
 .debug_abbrev  0x00000000000043b6       0xae d:/programfiles/intelfpga_lite/18.1/nios2eds/bin/gnu/h-x86_64-mingw32/bin/../lib/gcc/nios2-elf/5.3.0/../../../../../H-x86_64-mingw32/nios2-elf/lib/mno-hw-mul\libc.a(lib_a-memset.o)
 .debug_abbrev  0x0000000000004464       0x90 d:/programfiles/intelfpga_lite/18.1/nios2eds/bin/gnu/h-x86_64-mingw32/bin/../lib/gcc/nios2-elf/5.3.0/../../../../../H-x86_64-mingw32/nios2-elf/lib/mno-hw-mul\libc.a(lib_a-strlen.o)
 .debug_abbrev  0x00000000000044f4      0x21e d:/programfiles/intelfpga_lite/18.1/nios2eds/bin/gnu/h-x86_64-mingw32/bin/../lib/gcc/nios2-elf/5.3.0/../../../../../H-x86_64-mingw32/nios2-elf/lib/mno-hw-mul\libc.a(lib_a-__atexit.o)
 .debug_abbrev  0x0000000000004712      0x22e d:/programfiles/intelfpga_lite/18.1/nios2eds/bin/gnu/h-x86_64-mingw32/bin/../lib/gcc/nios2-elf/5.3.0/../../../../../H-x86_64-mingw32/nios2-elf/lib/mno-hw-mul\libc.a(lib_a-__call_atexit.o)
 .debug_abbrev  0x0000000000004940      0x10e d:/programfiles/intelfpga_lite/18.1/nios2eds/bin/gnu/h-x86_64-mingw32/bin/../lib/gcc/nios2-elf/5.3.0/mno-hw-mul\libgcc.a(lib2-divmod.o)
 .debug_abbrev  0x0000000000004a4e       0x6f d:/programfiles/intelfpga_lite/18.1/nios2eds/bin/gnu/h-x86_64-mingw32/bin/../lib/gcc/nios2-elf/5.3.0/mno-hw-mul\libgcc.a(lib2-mul.o)
 .debug_abbrev  0x0000000000004abd       0xe1 ../app_rtos_bsp\libucosii_bsp.a(alt_exit.o)

.debug_line     0x0000000000000000     0x586d
 *(.debug_line)
 .debug_line    0x0000000000000000       0x66 ../app_rtos_bsp/obj/HAL/src/crt0.o
 .debug_line    0x0000000000000066      0x170 obj/default/./app_rtos.o
 .debug_line    0x00000000000001d6       0xeb ../app_rtos_bsp\libucosii_bsp.a(alt_iic.o)
 .debug_line    0x00000000000002c1       0xdb ../app_rtos_bsp\libucosii_bsp.a(alt_iic_isr_register.o)
 .debug_line    0x000000000000039c       0x6b ../app_rtos_bsp\libucosii_bsp.a(alt_irq_entry.o)
 .debug_line    0x0000000000000407       0xc8 ../app_rtos_bsp\libucosii_bsp.a(alt_irq_handler.o)
 .debug_line    0x00000000000004cf       0x50 ../app_rtos_bsp\libucosii_bsp.a(alt_irq_vars.o)
 .debug_line    0x000000000000051f       0x8e ../app_rtos_bsp\libucosii_bsp.a(alt_load.o)
 .debug_line    0x00000000000005ad      0x12f ../app_rtos_bsp\libucosii_bsp.a(alt_main.o)
 .debug_line    0x00000000000006dc      0x1c4 ../app_rtos_bsp\libucosii_bsp.a(alt_env_lock.o)
 .debug_line    0x00000000000008a0      0x228 ../app_rtos_bsp\libucosii_bsp.a(alt_malloc_lock.o)
 .debug_line    0x0000000000000ac8      0x68b ../app_rtos_bsp\libucosii_bsp.a(os_core.o)
 .debug_line    0x0000000000001153       0xd2 ../app_rtos_bsp\libucosii_bsp.a(os_dbg.o)
 .debug_line    0x0000000000001225      0x4ff ../app_rtos_bsp\libucosii_bsp.a(os_flag.o)
 .debug_line    0x0000000000001724      0x2ff ../app_rtos_bsp\libucosii_bsp.a(os_mbox.o)
 .debug_line    0x0000000000001a23      0x23f ../app_rtos_bsp\libucosii_bsp.a(os_mem.o)
 .debug_line    0x0000000000001c62      0x3fb ../app_rtos_bsp\libucosii_bsp.a(os_q.o)
 .debug_line    0x000000000000205d      0x2e0 ../app_rtos_bsp\libucosii_bsp.a(os_sem.o)
 .debug_line    0x000000000000233d      0x52d ../app_rtos_bsp\libucosii_bsp.a(os_task.o)
 .debug_line    0x000000000000286a      0x1a8 ../app_rtos_bsp\libucosii_bsp.a(os_time.o)
 .debug_line    0x0000000000002a12      0x178 ../app_rtos_bsp\libucosii_bsp.a(alt_sys_init.o)
 .debug_line    0x0000000000002b8a      0x155 ../app_rtos_bsp\libucosii_bsp.a(altera_avalon_jtag_uart_fd.o)
 .debug_line    0x0000000000002cdf      0x225 ../app_rtos_bsp\libucosii_bsp.a(altera_avalon_jtag_uart_init.o)
 .debug_line    0x0000000000002f04      0x157 ../app_rtos_bsp\libucosii_bsp.a(altera_avalon_jtag_uart_ioctl.o)
 .debug_line    0x000000000000305b      0x1db ../app_rtos_bsp\libucosii_bsp.a(altera_avalon_jtag_uart_read.o)
 .debug_line    0x0000000000003236      0x1dc ../app_rtos_bsp\libucosii_bsp.a(altera_avalon_jtag_uart_write.o)
 .debug_line    0x0000000000003412       0xb7 ../app_rtos_bsp\libucosii_bsp.a(altera_avalon_spi.o)
 .debug_line    0x00000000000034c9       0xfd ../app_rtos_bsp\libucosii_bsp.a(altera_avalon_timer_sc.o)
 .debug_line    0x00000000000035c6       0xf9 ../app_rtos_bsp\libucosii_bsp.a(alt_alarm_start.o)
 .debug_line    0x00000000000036bf      0x181 ../app_rtos_bsp\libucosii_bsp.a(alt_close.o)
 .debug_line    0x0000000000003840       0x51 ../app_rtos_bsp\libucosii_bsp.a(alt_dcache_flush_all.o)
 .debug_line    0x0000000000003891      0x149 ../app_rtos_bsp\libucosii_bsp.a(alt_dev.o)
 .debug_line    0x00000000000039da       0xcf ../app_rtos_bsp\libucosii_bsp.a(alt_dev_llist_insert.o)
 .debug_line    0x0000000000003aa9       0x59 ../app_rtos_bsp\libucosii_bsp.a(alt_do_ctors.o)
 .debug_line    0x0000000000003b02       0x59 ../app_rtos_bsp\libucosii_bsp.a(alt_do_dtors.o)
 .debug_line    0x0000000000003b5b       0x51 ../app_rtos_bsp\libucosii_bsp.a(alt_errno.o)
 .debug_line    0x0000000000003bac       0xb3 ../app_rtos_bsp\libucosii_bsp.a(alt_exception_entry.o)
 .debug_line    0x0000000000003c5f       0x4f ../app_rtos_bsp\libucosii_bsp.a(alt_icache_flush_all.o)
 .debug_line    0x0000000000003cae       0xb9 ../app_rtos_bsp\libucosii_bsp.a(alt_instruction_exception_entry.o)
 .debug_line    0x0000000000003d67      0x151 ../app_rtos_bsp\libucosii_bsp.a(alt_io_redirect.o)
 .debug_line    0x0000000000003eb8      0x13a ../app_rtos_bsp\libucosii_bsp.a(alt_open.o)
 .debug_line    0x0000000000003ff2       0xbf ../app_rtos_bsp\libucosii_bsp.a(alt_release_fd.o)
 .debug_line    0x00000000000040b1       0xff ../app_rtos_bsp\libucosii_bsp.a(alt_tick.o)
 .debug_line    0x00000000000041b0       0x51 ../app_rtos_bsp\libucosii_bsp.a(altera_nios2_gen2_irq.o)
 .debug_line    0x0000000000004201       0x86 ../app_rtos_bsp\libucosii_bsp.a(os_cpu_a.o)
 .debug_line    0x0000000000004287      0x1cc ../app_rtos_bsp\libucosii_bsp.a(os_cpu_c.o)
 .debug_line    0x0000000000004453       0xc4 ../app_rtos_bsp\libucosii_bsp.a(alt_find_dev.o)
 .debug_line    0x0000000000004517       0xe0 ../app_rtos_bsp\libucosii_bsp.a(alt_find_file.o)
 .debug_line    0x00000000000045f7      0x128 ../app_rtos_bsp\libucosii_bsp.a(alt_get_fd.o)
 .debug_line    0x000000000000471f       0xe7 d:/programfiles/intelfpga_lite/18.1/nios2eds/bin/gnu/h-x86_64-mingw32/bin/../lib/gcc/nios2-elf/5.3.0/../../../../../H-x86_64-mingw32/nios2-elf/lib/mno-hw-mul\libc.a(lib_a-atexit.o)
 .debug_line    0x0000000000004806      0x1fc d:/programfiles/intelfpga_lite/18.1/nios2eds/bin/gnu/h-x86_64-mingw32/bin/../lib/gcc/nios2-elf/5.3.0/../../../../../H-x86_64-mingw32/nios2-elf/lib/mno-hw-mul\libc.a(lib_a-exit.o)
 .debug_line    0x0000000000004a02      0x160 d:/programfiles/intelfpga_lite/18.1/nios2eds/bin/gnu/h-x86_64-mingw32/bin/../lib/gcc/nios2-elf/5.3.0/../../../../../H-x86_64-mingw32/nios2-elf/lib/mno-hw-mul\libc.a(lib_a-impure.o)
 .debug_line    0x0000000000004b62       0x5f d:/programfiles/intelfpga_lite/18.1/nios2eds/bin/gnu/h-x86_64-mingw32/bin/../lib/gcc/nios2-elf/5.3.0/../../../../../H-x86_64-mingw32/nios2-elf/lib/mno-hw-mul\libc.a(lib_a-int_errno.o)
 .debug_line    0x0000000000004bc1      0x176 d:/programfiles/intelfpga_lite/18.1/nios2eds/bin/gnu/h-x86_64-mingw32/bin/../lib/gcc/nios2-elf/5.3.0/../../../../../H-x86_64-mingw32/nios2-elf/lib/mno-hw-mul\libc.a(lib_a-memcmp.o)
 .debug_line    0x0000000000004d37      0x18c d:/programfiles/intelfpga_lite/18.1/nios2eds/bin/gnu/h-x86_64-mingw32/bin/../lib/gcc/nios2-elf/5.3.0/../../../../../H-x86_64-mingw32/nios2-elf/lib/mno-hw-mul\libc.a(lib_a-memcpy.o)
 .debug_line    0x0000000000004ec3      0x18f d:/programfiles/intelfpga_lite/18.1/nios2eds/bin/gnu/h-x86_64-mingw32/bin/../lib/gcc/nios2-elf/5.3.0/../../../../../H-x86_64-mingw32/nios2-elf/lib/mno-hw-mul\libc.a(lib_a-memset.o)
 .debug_line    0x0000000000005052      0x16f d:/programfiles/intelfpga_lite/18.1/nios2eds/bin/gnu/h-x86_64-mingw32/bin/../lib/gcc/nios2-elf/5.3.0/../../../../../H-x86_64-mingw32/nios2-elf/lib/mno-hw-mul\libc.a(lib_a-strlen.o)
 .debug_line    0x00000000000051c1      0x21f d:/programfiles/intelfpga_lite/18.1/nios2eds/bin/gnu/h-x86_64-mingw32/bin/../lib/gcc/nios2-elf/5.3.0/../../../../../H-x86_64-mingw32/nios2-elf/lib/mno-hw-mul\libc.a(lib_a-__atexit.o)
 .debug_line    0x00000000000053e0      0x23a d:/programfiles/intelfpga_lite/18.1/nios2eds/bin/gnu/h-x86_64-mingw32/bin/../lib/gcc/nios2-elf/5.3.0/../../../../../H-x86_64-mingw32/nios2-elf/lib/mno-hw-mul\libc.a(lib_a-__call_atexit.o)
 .debug_line    0x000000000000561a      0x105 d:/programfiles/intelfpga_lite/18.1/nios2eds/bin/gnu/h-x86_64-mingw32/bin/../lib/gcc/nios2-elf/5.3.0/mno-hw-mul\libgcc.a(lib2-divmod.o)
 .debug_line    0x000000000000571f       0x80 d:/programfiles/intelfpga_lite/18.1/nios2eds/bin/gnu/h-x86_64-mingw32/bin/../lib/gcc/nios2-elf/5.3.0/mno-hw-mul\libgcc.a(lib2-mul.o)
 .debug_line    0x000000000000579f       0xce ../app_rtos_bsp\libucosii_bsp.a(alt_exit.o)

.debug_frame    0x0000000000000000     0x1e2c
 *(.debug_frame)
 .debug_frame   0x0000000000000000       0xe8 obj/default/./app_rtos.o
 .debug_frame   0x00000000000000e8       0xa4 ../app_rtos_bsp\libucosii_bsp.a(alt_iic.o)
 .debug_frame   0x000000000000018c       0x38 ../app_rtos_bsp\libucosii_bsp.a(alt_iic_isr_register.o)
 .debug_frame   0x00000000000001c4       0x38 ../app_rtos_bsp\libucosii_bsp.a(alt_irq_handler.o)
 .debug_frame   0x00000000000001fc       0x5c ../app_rtos_bsp\libucosii_bsp.a(alt_load.o)