Archive member included to satisfy reference by file (symbol)

d:/programfiles/intelfpga_lite/18.1/nios2eds/bin/gnu/h-x86_64-mingw32/bin/../lib/gcc/nios2-elf/5.3.0/../../../../../H-x86_64-mingw32/nios2-elf/lib/mno-hw-mul\libc.a(lib_a-impure.o)
                              obj/default/./app_rtos.o (_impure_ptr)
d:/programfiles/intelfpga_lite/18.1/nios2eds/bin/gnu/h-x86_64-mingw32/bin/../lib/gcc/nios2-elf/5.3.0/../../../../../H-x86_64-mingw32/nios2-elf/lib/mno-hw-mul\libc.a(lib_a-putc.o)
                              obj/default/./app_rtos.o (putc)
d:/programfiles/intelfpga_lite/18.1/nios2eds/bin/gnu/h-x86_64-mingw32/bin/../lib/gcc/nios2-elf/5.3.0/../../../../../H-x86_64-mingw32/nios2-elf/lib/mno-hw-mul\libc.a(lib_a-strlen.o)
                              obj/default/./app_rtos.o (strlen)
d:/programfiles/intelfpga_lite/18.1/nios2eds/bin/gnu/h-x86_64-mingw32/bin/../lib/gcc/nios2-elf/5.3.0/../../../../../H-x86_64-mingw32/nios2-elf/lib/mno-hw-mul\libc.a(lib_a-wbuf.o)
                              d:/programfiles/intelfpga_lite/18.1/nios2eds/bin/gnu/h-x86_64-mingw32/bin/../lib/gcc/nios2-elf/5.3.0/../../../../../H-x86_64-mingw32/nios2-elf/lib/mno-hw-mul\libc.a(lib_a-putc.o) (__swbuf_r)
d:/programfiles/intelfpga_lite/18.1/nios2eds/bin/gnu/h-x86_64-mingw32/bin/../lib/gcc/nios2-elf/5.3.0/../../../../../H-x86_64-mingw32/nios2-elf/lib/mno-hw-mul\libc.a(lib_a-wsetup.o)
                              d:/programfiles/intelfpga_lite/18.1/nios2eds/bin/gnu/h-x86_64-mingw32/bin/../lib/gcc/nios2-elf/5.3.0/../../../../../H-x86_64-mingw32/nios2-elf/lib/mno-hw-mul\libc.a(lib_a-wbuf.o) (__swsetup_r)
d:/programfiles/intelfpga_lite/18.1/nios2eds/bin/gnu/h-x86_64-mingw32/bin/../lib/gcc/nios2-elf/5.3.0/../../../../../H-x86_64-mingw32/nios2-elf/lib/mno-hw-mul\libc.a(lib_a-fflush.o)
                              d:/programfiles/intelfpga_lite/18.1/nios2eds/bin/gnu/h-x86_64-mingw32/bin/../lib/gcc/nios2-elf/5.3.0/../../../../../H-x86_64-mingw32/nios2-elf/lib/mno-hw-mul\libc.a(lib_a-wbuf.o) (_fflush_r)
d:/programfiles/intelfpga_lite/18.1/nios2eds/bin/gnu/h-x86_64-mingw32/bin/../lib/gcc/nios2-elf/5.3.0/../../../../../H-x86_64-mingw32/nios2-elf/lib/mno-hw-mul\libc.a(lib_a-findfp.o)
                              d:/programfiles/intelfpga_lite/18.1/nios2eds/bin/gnu/h-x86_64-mingw32/bin/../lib/gcc/nios2-elf/5.3.0/../../../../../H-x86_64-mingw32/nios2-elf/lib/mno-hw-mul\libc.a(lib_a-putc.o) (__sinit)
d:/programfiles/intelfpga_lite/18.1/nios2eds/bin/gnu/h-x86_64-mingw32/bin/../lib/gcc/nios2-elf/5.3.0/../../../../../H-x86_64-mingw32/nios2-elf/lib/mno-hw-mul\libc.a(lib_a-freer.o)
                              d:/programfiles/intelfpga_lite/18.1/nios2eds/bin/gnu/h-x86_64-mingw32/bin/../lib/gcc/nios2-elf/5.3.0/../../../../../H-x86_64-mingw32/nios2-elf/lib/mno-hw-mul\libc.a(lib_a-wsetup.o) (_free_r)
d:/programfiles/intelfpga_lite/18.1/nios2eds/bin/gnu/h-x86_64-mingw32/bin/../lib/gcc/nios2-elf/5.3.0/../../../../../H-x86_64-mingw32/nios2-elf/lib/mno-hw-mul\libc.a(lib_a-fwalk.o)
                              d:/programfiles/intelfpga_lite/18.1/nios2eds/bin/gnu/h-x86_64-mingw32/bin/../lib/gcc/nios2-elf/5.3.0/../../../../../H-x86_64-mingw32/nios2-elf/lib/mno-hw-mul\libc.a(lib_a-findfp.o) (_fwalk)
d:/programfiles/intelfpga_lite/18.1/nios2eds/bin/gnu/h-x86_64-mingw32/bin/../lib/gcc/nios2-elf/5.3.0/../../../../../H-x86_64-mingw32/nios2-elf/lib/mno-hw-mul\libc.a(lib_a-makebuf.o)
                              d:/programfiles/intelfpga_lite/18.1/nios2eds/bin/gnu/h-x86_64-mingw32/bin/../lib/gcc/nios2-elf/5.3.0/../../../../../H-x86_64-mingw32/nios2-elf/lib/mno-hw-mul\libc.a(lib_a-wsetup.o) (__smakebuf_r)
d:/programfiles/intelfpga_lite/18.1/nios2eds/bin/gnu/h-x86_64-mingw32/bin/../lib/gcc/nios2-elf/5.3.0/../../../../../H-x86_64-mingw32/nios2-elf/lib/mno-hw-mul\libc.a(lib_a-mallocr.o)
                              d:/programfiles/intelfpga_lite/18.1/nios2eds/bin/gnu/h-x86_64-mingw32/bin/../lib/gcc/nios2-elf/5.3.0/../../../../../H-x86_64-mingw32/nios2-elf/lib/mno-hw-mul\libc.a(lib_a-findfp.o) (_malloc_r)
d:/programfiles/intelfpga_lite/18.1/nios2eds/bin/gnu/h-x86_64-mingw32/bin/../lib/gcc/nios2-elf/5.3.0/../../../../../H-x86_64-mingw32/nios2-elf/lib/mno-hw-mul\libc.a(lib_a-memset.o)
                              d:/programfiles/intelfpga_lite/18.1/nios2eds/bin/gnu/h-x86_64-mingw32/bin/../lib/gcc/nios2-elf/5.3.0/../../../../../H-x86_64-mingw32/nios2-elf/lib/mno-hw-mul\libc.a(lib_a-findfp.o) (memset)
d:/programfiles/intelfpga_lite/18.1/nios2eds/bin/gnu/h-x86_64-mingw32/bin/../lib/gcc/nios2-elf/5.3.0/../../../../../H-x86_64-mingw32/nios2-elf/lib/mno-hw-mul\libc.a(lib_a-sbrkr.o)
                              d:/programfiles/intelfpga_lite/18.1/nios2eds/bin/gnu/h-x86_64-mingw32/bin/../lib/gcc/nios2-elf/5.3.0/../../../../../H-x86_64-mingw32/nios2-elf/lib/mno-hw-mul\libc.a(lib_a-freer.o) (_sbrk_r)
d:/programfiles/intelfpga_lite/18.1/nios2eds/bin/gnu/h-x86_64-mingw32/bin/../lib/gcc/nios2-elf/5.3.0/../../../../../H-x86_64-mingw32/nios2-elf/lib/mno-hw-mul\libc.a(lib_a-stdio.o)
[...]
Memory Configuration

Name             Origin             Length             Attributes
reset            0x0000000000040000 0x0000000000000020
onchip_mem       0x0000000000040020 0x00000000000257e0
*default*        0x0000000000000000 0xffffffffffffffff

Linker script and memory map

LOAD ../app_rtos_bsp/obj/HAL/src/crt0.o
LOAD obj/default/./app_rtos.o
LOAD d:/programfiles/intelfpga_lite/18.1/nios2eds/bin/gnu/h-x86_64-mingw32/bin/../lib/gcc/nios2-elf/5.3.0/../../../../../H-x86_64-mingw32/nios2-elf/lib/mno-hw-mul\libstdc++.a
LOAD d:/programfiles/intelfpga_lite/18.1/nios2eds/bin/gnu/h-x86_64-mingw32/bin/../lib/gcc/nios2-elf/5.3.0/../../../../../H-x86_64-mingw32/nios2-elf/lib/mno-hw-mul\libm.a
LOAD d:/programfiles/intelfpga_lite/18.1/nios2eds/bin/gnu/h-x86_64-mingw32/bin/../lib/gcc/nios2-elf/5.3.0/mno-hw-mul\libgcc.a
START GROUP
LOAD d:/programfiles/intelfpga_lite/18.1/nios2eds/bin/gnu/h-x86_64-mingw32/bin/../lib/gcc/nios2-elf/5.3.0/../../../../../H-x86_64-mingw32/nios2-elf/lib/mno-hw-mul\libc.a
LOAD d:/programfiles/intelfpga_lite/18.1/nios2eds/bin/gnu/h-x86_64-mingw32/bin/../lib/gcc/nios2-elf/5.3.0/mno-hw-mul\libgcc.a
LOAD ../app_rtos_bsp\libucosii_bsp.a
LOAD d:/programfiles/intelfpga_lite/18.1/nios2eds/bin/gnu/h-x86_64-mingw32/bin/../lib/gcc/nios2-elf/5.3.0/../../../../../H-x86_64-mingw32/nios2-elf/lib/mno-hw-mul\libm.a
END GROUP
LOAD d:/programfiles/intelfpga_lite/18.1/nios2eds/bin/gnu/h-x86_64-mingw32/bin/../lib/gcc/nios2-elf/5.3.0/mno-hw-mul\libgcc.a
                0x0000000000040000                __alt_mem_onchip_mem = 0x40000

.entry          0x0000000000040000       0x20
 *(.entry)
 .entry         0x0000000000040000       0x20 ../app_rtos_bsp/obj/HAL/src/crt0.o
                0x0000000000040000                __reset

.exceptions     0x0000000000040020      0x210
                0x0000000000040020                PROVIDE (__ram_exceptions_start, ABSOLUTE (.))
                0x0000000000040020                . = ALIGN (0x20)
 *(.irq)
 *(.exceptions.entry.label)
 .exceptions.entry.label
                0x0000000000040020        0x0 ../app_rtos_bsp\libucosii_bsp.a(alt_irq_entry.o)
                0x0000000000040020                alt_irq_entry
 .exceptions.entry.label
                0x0000000000040020        0x0 ../app_rtos_bsp\libucosii_bsp.a(alt_exception_entry.o)
                0x0000000000040020                alt_exception
 *(.exceptions.entry.user)
 *(.exceptions.entry.ecc_fatal)
 *(.exceptions.entry)
 .exceptions.entry
                0x0000000000040020       0x54 ../app_rtos_bsp\libucosii_bsp.a(alt_exception_entry.o)
 *(.exceptions.irqtest.user)
 *(.exceptions.irqtest)
 .exceptions.irqtest
                0x0000000000040074       0x10 ../app_rtos_bsp\libucosii_bsp.a(alt_irq_entry.o)
 *(.exceptions.irqhandler.user)
 *(.exceptions.irqhandler)
 .exceptions.irqhandler
                0x0000000000040084        0x4 ../app_rtos_bsp\libucosii_bsp.a(alt_irq_entry.o)
 *(.exceptions.irqreturn.user)
 *(.exceptions.irqreturn)
 .exceptions.irqreturn
                0x0000000000040088        0x4 ../app_rtos_bsp\libucosii_bsp.a(alt_irq_entry.o)
 *(.exceptions.notirq.label)
 .exceptions.notirq.label
                0x000000000004008c        0x0 ../app_rtos_bsp\libucosii_bsp.a(alt_irq_entry.o)
 *(.exceptions.notirq.user)
 *(.exceptions.notirq)
 .exceptions.notirq
                0x000000000004008c        0x8 ../app_rtos_bsp\libucosii_bsp.a(alt_exception_entry.o)
 *(.exceptions.soft.user)
 *(.exceptions.soft)
 *(.exceptions.unknown.user)
 *(.exceptions.unknown)
 .exceptions.unknown
                0x0000000000040094       0x14 ../app_rtos_bsp\libucosii_bsp.a(alt_exception_entry.o)
 *(.exceptions.exit.label)
 .exceptions.exit.label
                0x00000000000400a8        0x0 ../app_rtos_bsp\libucosii_bsp.a(alt_irq_entry.o)
 .exceptions.exit.label
                0x00000000000400a8        0x0 ../app_rtos_bsp\libucosii_bsp.a(alt_exception_entry.o)
 *(.exceptions.exit.user)
 *(.exceptions.exit)
 .exceptions.exit
                0x00000000000400a8       0x54 ../app_rtos_bsp\libucosii_bsp.a(alt_exception_entry.o)
 *(.exceptions)
 .exceptions    0x00000000000400fc       0xd4 ../app_rtos_bsp\libucosii_bsp.a(alt_irq_handler.o)
                0x00000000000400fc                alt_irq_handler
 .exceptions    0x00000000000401d0       0x60 ../app_rtos_bsp\libucosii_bsp.a(alt_instruction_exception_entry.o)
                0x00000000000401d0                alt_instruction_exception_entry
                0x0000000000040230                PROVIDE (__ram_exceptions_end, ABSOLUTE (.))
                0x0000000000040020                PROVIDE (__flash_exceptions_start, LOADADDR (.exceptions))

.text           0x0000000000040230     0xcec0
                [!provide]                        PROVIDE (stext, ABSOLUTE (.))
 *(.interp)
 *(.hash)
 *(.dynsym)
 *(.dynstr)
 *(.gnu.version)
 *(.gnu.version_d)
 *(.gnu.version_r)
 *(.rel.init)
 *(.rela.init)
 *(.rel.text .rel.text.* .rel.gnu.linkonce.t.*)
 *(.rela.text .rela.text.* .rela.gnu.linkonce.t.*)
 *(.rel.fini)
 *(.rela.fini)
 *(.rel.rodata .rel.rodata.* .rel.gnu.linkonce.r.*)
 *(.rela.rodata .rela.rodata.* .rela.gnu.linkonce.r.*)
 *(.rel.data .rel.data.* .rel.gnu.linkonce.d.*)
 *(.rela.data .rela.data.* .rela.gnu.linkonce.d.*)
 *(.rel.tdata .rel.tdata.* .rel.gnu.linkonce.td.*)
 *(.rela.tdata .rela.tdata.* .rela.gnu.linkonce.td.*)
 *(.rel.tbss .rel.tbss.* .rel.gnu.linkonce.tb.*)
 *(.rela.tbss .rela.tbss.* .rela.gnu.linkonce.tb.*)
 *(.rel.ctors)
 *(.rela.ctors)
 *(.rel.dtors)
 *(.rela.dtors)
 *(.rel.got)
 *(.rela.got)
 *(.rel.sdata .rel.sdata.* .rel.gnu.linkonce.s.*)
 *(.rela.sdata .rela.sdata.* .rela.gnu.linkonce.s.*)
 *(.rel.sbss .rel.sbss.* .rel.gnu.linkonce.sb.*)
 *(.rela.sbss .rela.sbss.* .rela.gnu.linkonce.sb.*)
 *(.rel.sdata2 .rel.sdata2.* .rel.gnu.linkonce.s2.*)
 *(.rela.sdata2 .rela.sdata2.* .rela.gnu.linkonce.s2.*)
 *(.rel.sbss2 .rel.sbss2.* .rel.gnu.linkonce.sb2.*)
 *(.rela.sbss2 .rela.sbss2.* .rela.gnu.linkonce.sb2.*)
 *(.rel.bss .rel.bss.* .rel.gnu.linkonce.b.*)
 *(.rela.bss .rela.bss.* .rela.gnu.linkonce.b.*)
 *(.rel.plt)
 *(.rela.plt)
 *(.rel.dyn)
 *(.init)
 *(.plt)
 *(.text .stub .text.* .gnu.linkonce.t.*)
 .text          0x0000000000040230       0x3c ../app_rtos_bsp/obj/HAL/src/crt0.o
                0x0000000000040230                _start
 .text          0x000000000004026c      0x208 obj/default/./app_rtos.o
                0x000000000004026c                task1
                0x0000000000040314                task2
                0x00000000000403c8                main
 .text          0x0000000000040474        0x0 d:/programfiles/intelfpga_lite/18.1/nios2eds/bin/gnu/h-x86_64-mingw32/bin/../lib/gcc/nios2-elf/5.3.0/../../../../../H-x86_64-mingw32/nios2-elf/lib/mno-hw-mul\libc.a(lib_a-impure.o)
 .text          0x0000000000040474        0x0 d:/programfiles/intelfpga_lite/18.1/nios2eds/bin/gnu/h-x86_64-mingw32/bin/../lib/gcc/nios2-elf/5.3.0/../../../../../H-x86_64-mingw32/nios2-elf/lib/mno-hw-mul\libc.a(lib_a-putc.o)
 .text._putc_r  0x0000000000040474       0xa0 d:/programfiles/intelfpga_lite/18.1/nios2eds/bin/gnu/h-x86_64-mingw32/bin/../lib/gcc/nios2-elf/5.3.0/../../../../../H-x86_64-mingw32/nios2-elf/lib/mno-hw-mul\libc.a(lib_a-putc.o)
                0x0000000000040474                _putc_r
 .text.putc     0x0000000000040514       0xc8 d:/programfiles/intelfpga_lite/18.1/nios2eds/bin/gnu/h-x86_64-mingw32/bin/../lib/gcc/nios2-elf/5.3.0/../../../../../H-x86_64-mingw32/nios2-elf/lib/mno-hw-mul\libc.a(lib_a-putc.o)
                0x0000000000040514                putc
 .text          0x00000000000405dc        0x0 d:/programfiles/intelfpga_lite/18.1/nios2eds/bin/gnu/h-x86_64-mingw32/bin/../lib/gcc/nios2-elf/5.3.0/../../../../../H-x86_64-mingw32/nios2-elf/lib/mno-hw-mul\libc.a(lib_a-strlen.o)
 .text.strlen   0x00000000000405dc       0x98 d:/programfiles/intelfpga_lite/18.1/nios2eds/bin/gnu/h-x86_64-mingw32/bin/../lib/gcc/nios2-elf/5.3.0/../../../../../H-x86_64-mingw32/nios2-elf/lib/mno-hw-mul\libc.a(lib_a-strlen.o)
                0x00000000000405dc                strlen
 .text          0x0000000000040674        0x0 d:/programfiles/intelfpga_lite/18.1/nios2eds/bin/gnu/h-x86_64-mingw32/bin/../lib/gcc/nios2-elf/5.3.0/../../../../../H-x86_64-mingw32/nios2-elf/lib/mno-hw-mul\libc.a(lib_a-wbuf.o)
 .text.__swbuf_r
                0x0000000000040674      0x140 d:/programfiles/intelfpga_lite/18.1/nios2eds/bin/gnu/h-x86_64-mingw32/bin/../lib/gcc/nios2-elf/5.3.0/../../../../../H-x86_64-mingw32/nios2-elf/lib/mno-hw-mul\libc.a(lib_a-wbuf.o)
                0x0000000000040674                __swbuf_r
 .text.__swbuf  0x00000000000407b4       0x18 d:/programfiles/intelfpga_lite/18.1/nios2eds/bin/gnu/h-x86_64-mingw32/bin/../lib/gcc/nios2-elf/5.3.0/../../../../../H-x86_64-mingw32/nios2-elf/lib/mno-hw-mul\libc.a(lib_a-wbuf.o)
                0x00000000000407b4                __swbuf
 .text          0x00000000000407cc        0x0 d:/programfiles/intelfpga_lite/18.1/nios2eds/bin/gnu/h-x86_64-mingw32/bin/../lib/gcc/nios2-elf/5.3.0/../../../../../H-x86_64-mingw32/nios2-elf/lib/mno-hw-mul\libc.a(lib_a-wsetup.o)
 .text.__swsetup_r
                0x00000000000407cc      0x154 d:/programfiles/intelfpga_lite/18.1/nios2eds/bin/gnu/h-x86_64-mingw32/bin/../lib/gcc/nios2-elf/5.3.0/../../../../../H-x86_64-mingw32/nios2-elf/lib/mno-hw-mul\libc.a(lib_a-wsetup.o)
                0x00000000000407cc                __swsetup_r
 .text          0x0000000000040920        0x0 d:/programfiles/intelfpga_lite/18.1/nios2eds/bin/gnu/h-x86_64-mingw32/bin/../lib/gcc/nios2-elf/5.3.0/../../../../../H-x86_64-mingw32/nios2-elf/lib/mno-hw-mul\libc.a(lib_a-fflush.o)
 .text.__sflush_r
                0x0000000000040920      0x21c d:/programfiles/intelfpga_lite/18.1/nios2eds/bin/gnu/h-x86_64-mingw32/bin/../lib/gcc/nios2-elf/5.3.0/../../../../../H-x86_64-mingw32/nios2-elf/lib/mno-hw-mul\libc.a(lib_a-fflush.o)
                0x0000000000040920                __sflush_r
 .text._fflush_r
                0x0000000000040b3c       0x5c d:/programfiles/intelfpga_lite/18.1/nios2eds/bin/gnu/h-x86_64-mingw32/bin/../lib/gcc/nios2-elf/5.3.0/../../../../../H-x86_64-mingw32/nios2-elf/lib/mno-hw-mul\libc.a(lib_a-fflush.o)
                0x0000000000040b3c                _fflush_r
 .text.fflush   0x0000000000040b98       0x30 d:/programfiles/intelfpga_lite/18.1/nios2eds/bin/gnu/h-x86_64-mingw32/bin/../lib/gcc/nios2-elf/5.3.0/../../../../../H-x86_64-mingw32/nios2-elf/lib/mno-hw-mul\libc.a(lib_a-fflush.o)
                0x0000000000040b98                fflush
 .text          0x0000000000040bc8        0x0 d:/programfiles/intelfpga_lite/18.1/nios2eds/bin/gnu/h-x86_64-mingw32/bin/../lib/gcc/nios2-elf/5.3.0/../../../../../H-x86_64-mingw32/nios2-elf/lib/mno-hw-mul\libc.a(lib_a-findfp.o)
 .text.__fp_unlock
                0x0000000000040bc8        0x8 d:/programfiles/intelfpga_lite/18.1/nios2eds/bin/gnu/h-x86_64-mingw32/bin/../lib/gcc/nios2-elf/5.3.0/../../../../../H-x86_64-mingw32/nios2-elf/lib/mno-hw-mul\libc.a(lib_a-findfp.o)
 .text._cleanup_r
                0x0000000000040bd0        0xc d:/programfiles/intelfpga_lite/18.1/nios2eds/bin/gnu/h-x86_64-mingw32/bin/../lib/gcc/nios2-elf/5.3.0/../../../../../H-x86_64-mingw32/nios2-elf/lib/mno-hw-mul\libc.a(lib_a-findfp.o)
                0x0000000000040bd0                _cleanup_r
 .text.__sinit.part.1
                0x0000000000040bdc      0x19c d:/programfiles/intelfpga_lite/18.1/nios2eds/bin/gnu/h-x86_64-mingw32/bin/../lib/gcc/nios2-elf/5.3.0/../../../../../H-x86_64-mingw32/nios2-elf/lib/mno-hw-mul\libc.a(lib_a-findfp.o)
 .text.__fp_lock
                0x0000000000040d78        0x8 d:/programfiles/intelfpga_lite/18.1/nios2eds/bin/gnu/h-x86_64-mingw32/bin/../lib/gcc/nios2-elf/5.3.0/../../../../../H-x86_64-mingw32/nios2-elf/lib/mno-hw-mul\libc.a(lib_a-findfp.o)
 .text.__sfmoreglue
                0x0000000000040d80       0x78 d:/programfiles/intelfpga_lite/18.1/nios2eds/bin/gnu/h-x86_64-mingw32/bin/../lib/gcc/nios2-elf/5.3.0/../../../../../H-x86_64-mingw32/nios2-elf/lib/mno-hw-mul\libc.a(lib_a-findfp.o)
                0x0000000000040d80                __sfmoreglue
 .text.__sfp    0x0000000000040df8      0x118 d:/programfiles/intelfpga_lite/18.1/nios2eds/bin/gnu/h-x86_64-mingw32/bin/../lib/gcc/nios2-elf/5.3.0/../../../../../H-x86_64-mingw32/nios2-elf/lib/mno-hw-mul\libc.a(lib_a-findfp.o)
                0x0000000000040df8                __sfp
 .text._cleanup
                0x0000000000040f10       0x18 d:/programfiles/intelfpga_lite/18.1/nios2eds/bin/gnu/h-x86_64-mingw32/bin/../lib/gcc/nios2-elf/5.3.0/../../../../../H-x86_64-mingw32/nios2-elf/lib/mno-hw-mul\libc.a(lib_a-findfp.o)
                0x0000000000040f10                _cleanup
 .text.__sinit  0x0000000000040f28       0x10 d:/programfiles/intelfpga_lite/18.1/nios2eds/bin/gnu/h-x86_64-mingw32/bin/../lib/gcc/nios2-elf/5.3.0/../../../../../H-x86_64-mingw32/nios2-elf/lib/mno-hw-mul\libc.a(lib_a-findfp.o)
                0x0000000000040f28                __sinit
 .text.__sfp_lock_acquire
                0x0000000000040f38        0x4 d:/programfiles/intelfpga_lite/18.1/nios2eds/bin/gnu/h-x86_64-mingw32/bin/../lib/gcc/nios2-elf/5.3.0/../../../../../H-x86_64-mingw32/nios2-elf/lib/mno-hw-mul\libc.a(lib_a-findfp.o)
                0x0000000000040f38                __sfp_lock_acquire
 .text.__sfp_lock_release
                0x0000000000040f3c        0x4 d:/programfiles/intelfpga_lite/18.1/nios2eds/bin/gnu/h-x86_64-mingw32/bin/../lib/gcc/nios2-elf/5.3.0/../../../../../H-x86_64-mingw32/nios2-elf/lib/mno-hw-mul\libc.a(lib_a-findfp.o)
                0x0000000000040f3c                __sfp_lock_release
 .text.__sinit_lock_acquire
                0x0000000000040f40        0x4 d:/programfiles/intelfpga_lite/18.1/nios2eds/bin/gnu/h-x86_64-mingw32/bin/../lib/gcc/nios2-elf/5.3.0/../../../../../H-x86_64-mingw32/nios2-elf/lib/mno-hw-mul\libc.a(lib_a-findfp.o)
                0x0000000000040f40                __sinit_lock_acquire
 .text.__sinit_lock_release
                0x0000000000040f44        0x4 d:/programfiles/intelfpga_lite/18.1/nios2eds/bin/gnu/h-x86_64-mingw32/bin/../lib/gcc/nios2-elf/5.3.0/../../../../../H-x86_64-mingw32/nios2-elf/lib/mno-hw-mul\libc.a(lib_a-findfp.o)
                0x0000000000040f44                __sinit_lock_release
 .text.__fp_lock_all
                0x0000000000040f48       0x18 d:/programfiles/intelfpga_lite/18.1/nios2eds/bin/gnu/h-x86_64-mingw32/bin/../lib/gcc/nios2-elf/5.3.0/../../../../../H-x86_64-mingw32/nios2-elf/lib/mno-hw-mul\libc.a(lib_a-findfp.o)
                0x0000000000040f48                __fp_lock_all
 .text.__fp_unlock_all
                0x0000000000040f60       0x18 d:/programfiles/intelfpga_lite/18.1/nios2eds/bin/gnu/h-x86_64-mingw32/bin/../lib/gcc/nios2-elf/5.3.0/../../../../../H-x86_64-mingw32/nios2-elf/lib/mno-hw-mul\libc.a(lib_a-findfp.o)
                0x0000000000040f60                __fp_unlock_all
 .text          0x0000000000040f78        0x0 d:/programfiles/intelfpga_lite/18.1/nios2eds/bin/gnu/h-x86_64-mingw32/bin/../lib/gcc/nios2-elf/5.3.0/../../../../../H-x86_64-mingw32/nios2-elf/lib/mno-hw-mul\libc.a(lib_a-freer.o)
 .text._malloc_trim_r
                0x0000000000040f78      0x124 d:/programfiles/intelfpga_lite/18.1/nios2eds/bin/gnu/h-x86_64-mingw32/bin/../lib/gcc/nios2-elf/5.3.0/../../../../../H-x86_64-mingw32/nios2-elf/lib/mno-hw-mul\libc.a(lib_a-freer.o)
                0x0000000000040f78                _malloc_trim_r
 .text._free_r  0x000000000004109c      0x310 d:/programfiles/intelfpga_lite/18.1/nios2eds/bin/gnu/h-x86_64-mingw32/bin/../lib/gcc/nios2-elf/5.3.0/../../../../../H-x86_64-mingw32/nios2-elf/lib/mno-hw-mul\libc.a(lib_a-freer.o)
                0x000000000004109c                _free_r
 .text          0x00000000000413ac        0x0 d:/programfiles/intelfpga_lite/18.1/nios2eds/bin/gnu/h-x86_64-mingw32/bin/../lib/gcc/nios2-elf/5.3.0/../../../../../H-x86_64-mingw32/nios2-elf/lib/mno-hw-mul\libc.a(lib_a-fwalk.o)
 .text._fwalk   0x00000000000413ac       0xc4 d:/programfiles/intelfpga_lite/18.1/nios2eds/bin/gnu/h-x86_64-mingw32/bin/../lib/gcc/nios2-elf/5.3.0/../../../../../H-x86_64-mingw32/nios2-elf/lib/mno-hw-mul\libc.a(lib_a-fwalk.o)
                0x00000000000413ac                _fwalk
 .text._fwalk_reent
                0x0000000000041470       0xc4 d:/programfiles/intelfpga_lite/18.1/nios2eds/bin/gnu/h-x86_64-mingw32/bin/../lib/gcc/nios2-elf/5.3.0/../../../../../H-x86_64-mingw32/nios2-elf/lib/mno-hw-mul\libc.a(lib_a-fwalk.o)
                0x0000000000041470                _fwalk_reent
 .text          0x0000000000041534        0x0 d:/programfiles/intelfpga_lite/18.1/nios2eds/bin/gnu/h-x86_64-mingw32/bin/../lib/gcc/nios2-elf/5.3.0/../../../../../H-x86_64-mingw32/nios2-elf/lib/mno-hw-mul\libc.a(lib_a-makebuf.o)
 .text.__smakebuf_r
                0x0000000000041534      0x1bc d:/programfiles/intelfpga_lite/18.1/nios2eds/bin/gnu/h-x86_64-mingw32/bin/../lib/gcc/nios2-elf/5.3.0/../../../../../H-x86_64-mingw32/nios2-elf/lib/mno-hw-mul\libc.a(lib_a-makebuf.o)
                0x0000000000041534                __smakebuf_r
 .text          0x00000000000416f0        0x0 d:/programfiles/intelfpga_lite/18.1/nios2eds/bin/gnu/h-x86_64-mingw32/bin/../lib/gcc/nios2-elf/5.3.0/../../../../../H-x86_64-mingw32/nios2-elf/lib/mno-hw-mul\libc.a(lib_a-mallocr.o)
 .text._malloc_r
                0x00000000000416f0      0x80c d:/programfiles/intelfpga_lite/18.1/nios2eds/bin/gnu/h-x86_64-mingw32/bin/../lib/gcc/nios2-elf/5.3.0/../../../../../H-x86_64-mingw32/nios2-elf/lib/mno-hw-mul\libc.a(lib_a-mallocr.o)
                0x00000000000416f0                _malloc_r
 .text          0x0000000000041efc        0x0 d:/programfiles/intelfpga_lite/18.1/nios2eds/bin/gnu/h-x86_64-mingw32/bin/../lib/gcc/nios2-elf/5.3.0/../../../../../H-x86_64-mingw32/nios2-elf/lib/mno-hw-mul\libc.a(lib_a-memset.o)
 .text.memset   0x0000000000041efc      0x128 d:/programfiles/intelfpga_lite/18.1/nios2eds/bin/gnu/h-x86_64-mingw32/bin/../lib/gcc/nios2-elf/5.3.0/../../../../../H-x86_64-mingw32/nios2-elf/lib/mno-hw-mul\libc.a(lib_a-memset.o)
                0x0000000000041efc                memset
 .text          0x0000000000042024        0x0 d:/programfiles/intelfpga_lite/18.1/nios2eds/bin/gnu/h-x86_64-mingw32/bin/../lib/gcc/nios2-elf/5.3.0/../../../../../H-x86_64-mingw32/nios2-elf/lib/mno-hw-mul\libc.a(lib_a-sbrkr.o)
 .text._sbrk_r  0x0000000000042024       0x54 d:/programfiles/intelfpga_lite/18.1/nios2eds/bin/gnu/h-x86_64-mingw32/bin/../lib/gcc/nios2-elf/5.3.0/../../../../../H-x86_64-mingw32/nios2-elf/lib/mno-hw-mul\libc.a(lib_a-sbrkr.o)
                0x0000000000042024                _sbrk_r
 .text          0x0000000000042078        0x0 d:/programfiles/intelfpga_lite/18.1/nios2eds/bin/gnu/h-x86_64-mingw32/bin/../lib/gcc/nios2-elf/5.3.0/../../../../../H-x86_64-mingw32/nios2-elf/lib/mno-hw-mul\libc.a(lib_a-stdio.o)
 .text.__sread  0x0000000000042078       0x54 d:/programfiles/intelfpga_lite/18.1/nios2eds/bin/gnu/h-x86_64-mingw32/bin/../lib/gcc/nios2-elf/5.3.0/../../../../../H-x86_64-mingw32/nios2-elf/lib/mno-hw-mul\libc.a(lib_a-stdio.o)
                0x0000000000042078                __sread
 .text.__seofread
                0x00000000000420cc        0x8 d:/programfiles/intelfpga_lite/18.1/nios2eds/bin/gnu/h-x86_64-mingw32/bin/../lib/gcc/nios2-elf/5.3.0/../../../../../H-x86_64-mingw32/nios2-elf/lib/mno-hw-mul\libc.a(lib_a-stdio.o)
                0x00000000000420cc                __seofread
 .text.__swrite
                0x00000000000420d4       0x7c d:/programfiles/intelfpga_lite/18.1/nios2eds/bin/gnu/h-x86_64-mingw32/bin/../lib/gcc/nios2-elf/5.3.0/../../../../../H-x86_64-mingw32/nios2-elf/lib/mno-hw-mul\libc.a(lib_a-stdio.o)
                0x00000000000420d4                __swrite
 .text.__sseek  0x0000000000042150       0x5c d:/programfiles/intelfpga_lite/18.1/nios2eds/bin/gnu/h-x86_64-mingw32/bin/../lib/gcc/nios2-elf/5.3.0/../../../../../H-x86_64-mingw32/nios2-elf/lib/mno-hw-mul\libc.a(lib_a-stdio.o)
                0x0000000000042150                __sseek
 .text.__sclose
                0x00000000000421ac        0x8 d:/programfiles/intelfpga_lite/18.1/nios2eds/bin/gnu/h-x86_64-mingw32/bin/../lib/gcc/nios2-elf/5.3.0/../../../../../H-x86_64-mingw32/nios2-elf/lib/mno-hw-mul\libc.a(lib_a-stdio.o)
                0x00000000000421ac                __sclose
 .text          0x00000000000421b4        0x0 d:/programfiles/intelfpga_lite/18.1/nios2eds/bin/gnu/h-x86_64-mingw32/bin/../lib/gcc/nios2-elf/5.3.0/../../../../../H-x86_64-mingw32/nios2-elf/lib/mno-hw-mul\libc.a(lib_a-writer.o)
 .text._write_r
                0x00000000000421b4       0x60 d:/programfiles/intelfpga_lite/18.1/nios2eds/bin/gnu/h-x86_64-mingw32/bin/../lib/gcc/nios2-elf/5.3.0/../../../../../H-x86_64-mingw32/nios2-elf/lib/mno-hw-mul\libc.a(lib_a-writer.o)
                0x00000000000421b4                _write_r
 .text          0x0000000000042214        0x0 d:/programfiles/intelfpga_lite/18.1/nios2eds/bin/gnu/h-x86_64-mingw32/bin/../lib/gcc/nios2-elf/5.3.0/../../../../../H-x86_64-mingw32/nios2-elf/lib/mno-hw-mul\libc.a(closer.o)
 .text._close_r
                0x0000000000042214       0x54 d:/programfiles/intelfpga_lite/18.1/nios2eds/bin/gnu/h-x86_64-mingw32/bin/../lib/gcc/nios2-elf/5.3.0/../../../../../H-x86_64-mingw32/nios2-elf/lib/mno-hw-mul\libc.a(closer.o)
                0x0000000000042214                _close_r
 .text          0x0000000000042268        0x0 d:/programfiles/intelfpga_lite/18.1/nios2eds/bin/gnu/h-x86_64-mingw32/bin/../lib/gcc/nios2-elf/5.3.0/../../../../../H-x86_64-mingw32/nios2-elf/lib/mno-hw-mul\libc.a(lib_a-fclose.o)
 .text._fclose_r
                0x0000000000042268       0xf0 d:/programfiles/intelfpga_lite/18.1/nios2eds/bin/gnu/h-x86_64-mingw32/bin/../lib/gcc/nios2-elf/5.3.0/../../../../../H-x86_64-mingw32/nios2-elf/lib/mno-hw-mul\libc.a(lib_a-fclose.o)
                0x0000000000042268                _fclose_r
 .text.fclose   0x0000000000042358       0x14 d:/programfiles/intelfpga_lite/18.1/nios2eds/bin/gnu/h-x86_64-mingw32/bin/../lib/gcc/nios2-elf/5.3.0/../../../../../H-x86_64-mingw32/nios2-elf/lib/mno-hw-mul\libc.a(lib_a-fclose.o)
                0x0000000000042358                fclose
 .text          0x000000000004236c        0x0 d:/programfiles/intelfpga_lite/18.1/nios2eds/bin/gnu/h-x86_64-mingw32/bin/../lib/gcc/nios2-elf/5.3.0/../../../../../H-x86_64-mingw32/nios2-elf/lib/mno-hw-mul\libc.a(lib_a-fstatr.o)
 .text._fstat_r
                0x000000000004236c       0x5c d:/programfiles/intelfpga_lite/18.1/nios2eds/bin/gnu/h-x86_64-mingw32/bin/../lib/gcc/nios2-elf/5.3.0/../../../../../H-x86_64-mingw32/nios2-elf/lib/mno-hw-mul\libc.a(lib_a-fstatr.o)
                0x000000000004236c                _fstat_r
 .text          0x00000000000423c8        0x0 d:/programfiles/intelfpga_lite/18.1/nios2eds/bin/gnu/h-x86_64-mingw32/bin/../lib/gcc/nios2-elf/5.3.0/../../../../../H-x86_64-mingw32/nios2-elf/lib/mno-hw-mul\libc.a(lib_a-int_errno.o)
 .text          0x00000000000423c8        0x0 d:/programfiles/intelfpga_lite/18.1/nios2eds/bin/gnu/h-x86_64-mingw32/bin/../lib/gcc/nios2-elf/5.3.0/../../../../../H-x86_64-mingw32/nios2-elf/lib/mno-hw-mul\libc.a(lib_a-isattyr.o)
 .text._isatty_r
                0x00000000000423c8       0x54 d:/programfiles/intelfpga_lite/18.1/nios2eds/bin/gnu/h-x86_64-mingw32/bin/../lib/gcc/nios2-elf/5.3.0/../../../../../H-x86_64-mingw32/nios2-elf/lib/mno-hw-mul\libc.a(lib_a-isattyr.o)
                0x00000000000423c8                _isatty_r
 .text          0x000000000004241c        0x0 d:/programfiles/intelfpga_lite/18.1/nios2eds/bin/gnu/h-x86_64-mingw32/bin/../lib/gcc/nios2-elf/5.3.0/../../../../../H-x86_64-mingw32/nios2-elf/lib/mno-hw-mul\libc.a(lib_a-lseekr.o)
 .text._lseek_r
                0x000000000004241c       0x60 d:/programfiles/intelfpga_lite/18.1/nios2eds/bin/gnu/h-x86_64-mingw32/bin/../lib/gcc/nios2-elf/5.3.0/../../../../../H-x86_64-mingw32/nios2-elf/lib/mno-hw-mul\libc.a(lib_a-lseekr.o)
                0x000000000004241c                _lseek_r
 .text          0x000000000004247c        0x0 d:/programfiles/intelfpga_lite/18.1/nios2eds/bin/gnu/h-x86_64-mingw32/bin/../lib/gcc/nios2-elf/5.3.0/../../../../../H-x86_64-mingw32/nios2-elf/lib/mno-hw-mul\libc.a(lib_a-readr.o)
 .text._read_r  0x000000000004247c       0x60 d:/programfiles/intelfpga_lite/18.1/nios2eds/bin/gnu/h-x86_64-mingw32/bin/../lib/gcc/nios2-elf/5.3.0/../../../../../H-x86_64-mingw32/nios2-elf/lib/mno-hw-mul\libc.a(lib_a-readr.o)
                0x000000000004247c                _read_r
 .text          0x00000000000424dc       0x28 d:/programfiles/intelfpga_lite/18.1/nios2eds/bin/gnu/h-x86_64-mingw32/bin/../lib/gcc/nios2-elf/5.3.0/mno-hw-mul\libgcc.a(lib2-mul.o)
                0x00000000000424dc                __mulsi3
 .text          0x0000000000042504      0x114 ../app_rtos_bsp\libucosii_bsp.a(alt_close.o)
                0x0000000000042540                close
 .text          0x0000000000042618       0x2c ../app_rtos_bsp\libucosii_bsp.a(alt_dev.o)
 .text          0x0000000000042644        0x0 ../app_rtos_bsp\libucosii_bsp.a(alt_errno.o)
 .text          0x0000000000042644       0xf4 ../app_rtos_bsp\libucosii_bsp.a(alt_fstat.o)
                0x0000000000042680                fstat
 .text          0x0000000000042738       0xe8 ../app_rtos_bsp\libucosii_bsp.a(alt_isatty.o)
                0x0000000000042774                isatty
 .text          0x0000000000042820       0xec ../app_rtos_bsp\libucosii_bsp.a(alt_load.o)
                0x0000000000042888                alt_load
 .text          0x000000000004290c      0x118 ../app_rtos_bsp\libucosii_bsp.a(alt_lseek.o)
                0x0000000000042948                lseek
 .text          0x0000000000042a24       0xbc ../app_rtos_bsp\libucosii_bsp.a(alt_main.o)
                0x0000000000042a24                alt_main
 .text          0x0000000000042ae0      0x140 ../app_rtos_bsp\libucosii_bsp.a(alt_read.o)
                0x0000000000042b1c                read
 .text          0x0000000000042c20       0x84 ../app_rtos_bsp\libucosii_bsp.a(alt_release_fd.o)
                0x0000000000042c20                alt_release_fd
 .text          0x0000000000042ca4       0xb0 ../app_rtos_bsp\libucosii_bsp.a(alt_sbrk.o)
                0x0000000000042ca4                sbrk
 .text          0x0000000000042d54      0x13c ../app_rtos_bsp\libucosii_bsp.a(alt_write.o)
                0x0000000000042d90                write
 .text          0x0000000000042e90      0x124 ../app_rtos_bsp\libucosii_bsp.a(alt_env_lock.o)
                0x0000000000042e90                __env_lock
                0x0000000000042f54                __env_unlock
 .text          0x0000000000042fb4      0x1ec ../app_rtos_bsp\libucosii_bsp.a(alt_malloc_lock.o)
                0x0000000000042fb4                __malloc_lock
                0x00000000000430d4                __malloc_unlock
 .text          0x00000000000431a0     0x2014 ../app_rtos_bsp\libucosii_bsp.a(os_core.o)
                0x00000000000431a0                OSEventNameGet
                0x00000000000432c0                OSEventNameSet
                0x0000000000043400                OSEventPendMulti
                0x0000000000043a10                OSInit
                0x0000000000043a68                OSIntEnter
                0x0000000000043ab4                OSIntExit
                0x0000000000043bac                OSSchedLock
                0x0000000000043c38                OSSchedUnlock
                0x0000000000043d14                OSStart
                0x0000000000043d84                OSStatInit
                0x0000000000043e34                OSTimeTick
                0x0000000000044054                OSVersion
                0x0000000000044074                OS_Dummy
                0x0000000000044094                OS_EventTaskRdy
                0x000000000004422c                OS_EventTaskWait
                0x000000000004433c                OS_EventTaskWaitMulti
                0x000000000004448c                OS_EventTaskRemove
                0x0000000000044544                OS_EventTaskRemoveMulti
                0x0000000000044644                OS_EventWaitListInit
                0x0000000000044a24                OS_MemClr
                0x0000000000044a78                OS_MemCopy
                0x0000000000044ae0                OS_Sched
                0x0000000000044c24                OS_StrCopy
                0x0000000000044c98                OS_StrLen
                0x0000000000044cec                OS_TaskIdle
                0x0000000000044d48                OS_TaskStat
                0x0000000000044e14                OS_TaskStatStkChk
                0x0000000000044ee0                OS_TCBInit
 .text          0x00000000000451b4      0x190 ../app_rtos_bsp\libucosii_bsp.a(os_dbg.o)
                0x00000000000451b4                OSDebugInit
 .text          0x0000000000045344     0x1714 ../app_rtos_bsp\libucosii_bsp.a(os_flag.o)
                0x0000000000045344                OSFlagAccept
                0x000000000004564c                OSFlagCreate
                0x0000000000045754                OSFlagDel
                0x000000000004599c                OSFlagNameGet
                0x0000000000045ac4                OSFlagNameSet
                0x0000000000045c10                OSFlagPend
                0x00000000000461c8                OSFlagPendGetFlagsRdy
                0x0000000000046228                OSFlagPost
                0x00000000000465bc                OSFlagQuery
                0x00000000000467e0                OS_FlagInit
                0x00000000000469b4                OS_FlagUnlink
 .text          0x0000000000046a58      0x760 ../app_rtos_bsp\libucosii_bsp.a(os_mem.o)
                0x0000000000046a58                OSMemCreate
                0x0000000000046c2c                OSMemGet
                0x0000000000046d1c                OSMemNameGet
                0x0000000000046e0c                OSMemNameSet
                0x0000000000046f20                OSMemPut
                0x0000000000046ff8                OSMemQuery
                0x00000000000470e0                OS_MemInit
 .text          0x00000000000471b8     0x1104 ../app_rtos_bsp\libucosii_bsp.a(os_q.o)
                0x00000000000471b8                OSQAccept
                0x00000000000472f8                OSQCreate
                0x00000000000474a4                OSQDel
                0x0000000000047724                OSQFlush
                0x00000000000477dc                OSQPend
                0x0000000000047a68                OSQPendAbort
                0x0000000000047bd4                OSQPost
                0x0000000000047d3c                OSQPostFront
                0x0000000000047eac                OSQPostOpt
                0x00000000000480b8                OSQQuery
                0x0000000000048214                OS_QInit
 .text          0x00000000000482bc      0xa60 ../app_rtos_bsp\libucosii_bsp.a(os_sem.o)
                0x00000000000482bc                OSSemAccept
                0x000000000004836c                OSSemCreate
                0x0000000000048444                OSSemDel
                0x0000000000048684                OSSemPend
                0x0000000000048890                OSSemPendAbort
                0x00000000000489fc                OSSemPost
                0x0000000000048b0c                OSSemQuery
                0x0000000000048c1c                OSSemSet
 .text          0x0000000000048d1c     0x176c ../app_rtos_bsp\libucosii_bsp.a(os_task.o)
                0x0000000000048d1c                OSTaskChangePrio
                0x000000000004920c                OSTaskCreate
                0x00000000000493b8                OSTaskCreateExt
                0x000000000004959c                OSTaskDel
                0x00000000000498e0                OSTaskDelReq
                0x0000000000049a30                OSTaskNameGet
                0x0000000000049bc8                OSTaskNameSet
                0x0000000000049d7c                OSTaskResume
                0x0000000000049f50                OSTaskStkChk
                0x000000000004a110                OSTaskSuspend
                0x000000000004a2f4                OSTaskQuery
                0x000000000004a418                OS_TaskStkClr
 .text          0x000000000004a488      0x510 ../app_rtos_bsp\libucosii_bsp.a(os_time.o)
                0x000000000004a488                OSTimeDly
                0x000000000004a58c                OSTimeDlyHMSM
                0x000000000004a708                OSTimeDlyResume
                0x000000000004a8dc                OSTimeGet
                0x000000000004a938                OSTimeSet
 .text          0x000000000004a998       0xd0 ../app_rtos_bsp\libucosii_bsp.a(alt_sys_init.o)
                0x000000000004a9cc                alt_irq_init
                0x000000000004aa04                alt_sys_init
 .text          0x000000000004aa68      0x164 ../app_rtos_bsp\libucosii_bsp.a(altera_avalon_jtag_uart_fd.o)
                0x000000000004aa68                altera_avalon_jtag_uart_read_fd
                0x000000000004aac8                altera_avalon_jtag_uart_write_fd
                0x000000000004ab28                altera_avalon_jtag_uart_close_fd
                0x000000000004ab78                altera_avalon_jtag_uart_ioctl_fd
 .text          0x000000000004abcc      0x558 ../app_rtos_bsp\libucosii_bsp.a(altera_avalon_jtag_uart_init.o)
                0x000000000004abcc                altera_avalon_jtag_uart_init
                0x000000000004b0bc                altera_avalon_jtag_uart_close
 .text          0x000000000004b124       0xf0 ../app_rtos_bsp\libucosii_bsp.a(altera_avalon_jtag_uart_ioctl.o)
                0x000000000004b124                altera_avalon_jtag_uart_ioctl
 .text          0x000000000004b214      0x2bc ../app_rtos_bsp\libucosii_bsp.a(altera_avalon_jtag_uart_read.o)
                0x000000000004b214                altera_avalon_jtag_uart_read
 .text          0x000000000004b4d0      0x2c4 ../app_rtos_bsp\libucosii_bsp.a(altera_avalon_jtag_uart_write.o)
                0x000000000004b4d0                altera_avalon_jtag_uart_write
 .text          0x000000000004b794       0xf4 ../app_rtos_bsp\libucosii_bsp.a(altera_avalon_timer_sc.o)
                0x000000000004b80c                alt_avalon_timer_sc_init
 .text          0x000000000004b888      0x12c ../app_rtos_bsp\libucosii_bsp.a(alt_alarm_start.o)
                0x000000000004b888                alt_alarm_start
 .text          0x000000000004b9b4       0x20 ../app_rtos_bsp\libucosii_bsp.a(alt_dcache_flush_all.o)
                0x000000000004b9b4                alt_dcache_flush_all
 .text          0x000000000004b9d4       0xe0 ../app_rtos_bsp\libucosii_bsp.a(alt_dev_llist_insert.o)
                0x000000000004ba10                alt_dev_llist_insert
 .text          0x000000000004bab4       0x60 ../app_rtos_bsp\libucosii_bsp.a(alt_do_ctors.o)
                0x000000000004bab4                _do_ctors
 .text          0x000000000004bb14       0x60 ../app_rtos_bsp\libucosii_bsp.a(alt_do_dtors.o)
                0x000000000004bb14                _do_dtors
 .text          0x000000000004bb74       0x20 ../app_rtos_bsp\libucosii_bsp.a(alt_icache_flush_all.o)
                0x000000000004bb74                alt_icache_flush_all
 .text          0x000000000004bb94      0x1b0 ../app_rtos_bsp\libucosii_bsp.a(alt_iic.o)
                0x000000000004bb94                alt_ic_isr_register
                0x000000000004bbe4                alt_ic_irq_enable
                0x000000000004bc6c                alt_ic_irq_disable
                0x000000000004bcf8                alt_ic_irq_enabled
 .text          0x000000000004bd44       0xf0 ../app_rtos_bsp\libucosii_bsp.a(alt_iic_isr_register.o)
                0x000000000004bd44                alt_iic_isr_register
 .text          0x000000000004be34      0x160 ../app_rtos_bsp\libucosii_bsp.a(alt_io_redirect.o)
                0x000000000004bf18                alt_io_redirect
 .text          0x000000000004bf94        0x0 ../app_rtos_bsp\libucosii_bsp.a(alt_irq_entry.o)
 .text          0x000000000004bf94        0x0 ../app_rtos_bsp\libucosii_bsp.a(alt_irq_handler.o)
 .text          0x000000000004bf94        0x0 ../app_rtos_bsp\libucosii_bsp.a(alt_irq_vars.o)
 .text          0x000000000004bf94      0x284 ../app_rtos_bsp\libucosii_bsp.a(alt_open.o)
                0x000000000004c0bc                open
 .text          0x000000000004c218      0x1a4 ../app_rtos_bsp\libucosii_bsp.a(alt_tick.o)
                0x000000000004c218                alt_alarm_stop
                0x000000000004c2b4                alt_tick
 .text          0x000000000004c3bc       0x24 ../app_rtos_bsp\libucosii_bsp.a(altera_nios2_gen2_irq.o)
                0x000000000004c3bc                altera_nios2_gen2_irq_init
 .text          0x000000000004c3e0       0xd0 ../app_rtos_bsp\libucosii_bsp.a(os_cpu_a.o)
                0x000000000004c3e0                OSCtxSw
                0x000000000004c3e0                OSIntCtxSw
                0x000000000004c46c                OSStartHighRdy
                0x000000000004c48c                OSStartTsk
 .text          0x000000000004c4b0      0x288 ../app_rtos_bsp\libucosii_bsp.a(os_cpu_c.o)
                0x000000000004c4b0                OSTaskStkInit
                0x000000000004c60c                OSTaskCreateHook
                0x000000000004c630                OSTaskDelHook
                0x000000000004c654                OSTaskSwHook
                0x000000000004c674                OSTaskStatHook
                0x000000000004c694                OSTimeTickHook
                0x000000000004c6b4                OSInitHookBegin
                0x000000000004c6d4                OSInitHookEnd
                0x000000000004c6f4                OSTaskIdleHook
                0x000000000004c714                OSTCBInitHook
 .text          0x000000000004c738        0x0 ../app_rtos_bsp\libucosii_bsp.a(alt_exception_entry.o)
 .text          0x000000000004c738       0x90 ../app_rtos_bsp\libucosii_bsp.a(alt_find_dev.o)
                0x000000000004c738                alt_find_dev
 .text          0x000000000004c7c8      0x108 ../app_rtos_bsp\libucosii_bsp.a(alt_find_file.o)
                0x000000000004c7c8                alt_find_file
 .text          0x000000000004c8d0       0xf4 ../app_rtos_bsp\libucosii_bsp.a(alt_get_fd.o)
                0x000000000004c8d0                alt_get_fd
 .text          0x000000000004c9c4       0x9c ../app_rtos_bsp\libucosii_bsp.a(alt_instruction_exception_entry.o)
                0x000000000004c9c4                alt_exception_cause_generated_bad_addr
 .text          0x000000000004ca60        0x0 d:/programfiles/intelfpga_lite/18.1/nios2eds/bin/gnu/h-x86_64-mingw32/bin/../lib/gcc/nios2-elf/5.3.0/../../../../../H-x86_64-mingw32/nios2-elf/lib/mno-hw-mul\libc.a(lib_a-atexit.o)
 .text.atexit   0x000000000004ca60       0x14 d:/programfiles/intelfpga_lite/18.1/nios2eds/bin/gnu/h-x86_64-mingw32/bin/../lib/gcc/nios2-elf/5.3.0/../../../../../H-x86_64-mingw32/nios2-elf/lib/mno-hw-mul\libc.a(lib_a-atexit.o)
                0x000000000004ca60                atexit
 .text          0x000000000004ca74        0x0 d:/programfiles/intelfpga_lite/18.1/nios2eds/bin/gnu/h-x86_64-mingw32/bin/../lib/gcc/nios2-elf/5.3.0/../../../../../H-x86_64-mingw32/nios2-elf/lib/mno-hw-mul\libc.a(lib_a-exit.o)
 .text.exit     0x000000000004ca74       0x38 d:/programfiles/intelfpga_lite/18.1/nios2eds/bin/gnu/h-x86_64-mingw32/bin/../lib/gcc/nios2-elf/5.3.0/../../../../../H-x86_64-mingw32/nios2-elf/lib/mno-hw-mul\libc.a(lib_a-exit.o)
                0x000000000004ca74                exit
 .text          0x000000000004caac        0x0 d:/programfiles/intelfpga_lite/18.1/nios2eds/bin/gnu/h-x86_64-mingw32/bin/../lib/gcc/nios2-elf/5.3.0/../../../../../H-x86_64-mingw32/nios2-elf/lib/mno-hw-mul\libc.a(lib_a-memcmp.o)
 .text.memcmp   0x000000000004caac       0x7c d:/programfiles/intelfpga_lite/18.1/nios2eds/bin/gnu/h-x86_64-mingw32/bin/../lib/gcc/nios2-elf/5.3.0/../../../../../H-x86_64-mingw32/nios2-elf/lib/mno-hw-mul\libc.a(lib_a-memcmp.o)
                0x000000000004caac                memcmp
 .text          0x000000000004cb28        0x0 d:/programfiles/intelfpga_lite/18.1/nios2eds/bin/gnu/h-x86_64-mingw32/bin/../lib/gcc/nios2-elf/5.3.0/../../../../../H-x86_64-mingw32/nios2-elf/lib/mno-hw-mul\libc.a(lib_a-memcpy.o)
 .text.memcpy   0x000000000004cb28      0x148 d:/programfiles/intelfpga_lite/18.1/nios2eds/bin/gnu/h-x86_64-mingw32/bin/../lib/gcc/nios2-elf/5.3.0/../../../../../H-x86_64-mingw32/nios2-elf/lib/mno-hw-mul\libc.a(lib_a-memcpy.o)
                0x000000000004cb28                memcpy
 .text          0x000000000004cc70        0x0 d:/programfiles/intelfpga_lite/18.1/nios2eds/bin/gnu/h-x86_64-mingw32/bin/../lib/gcc/nios2-elf/5.3.0/../../../../../H-x86_64-mingw32/nios2-elf/lib/mno-hw-mul\libc.a(lib_a-__atexit.o)
 .text.__register_exitproc
                0x000000000004cc70      0x118 d:/programfiles/intelfpga_lite/18.1/nios2eds/bin/gnu/h-x86_64-mingw32/bin/../lib/gcc/nios2-elf/5.3.0/../../../../../H-x86_64-mingw32/nios2-elf/lib/mno-hw-mul\libc.a(lib_a-__atexit.o)
                0x000000000004cc70                __register_exitproc
 .text          0x000000000004cd88        0x0 d:/programfiles/intelfpga_lite/18.1/nios2eds/bin/gnu/h-x86_64-mingw32/bin/../lib/gcc/nios2-elf/5.3.0/../../../../../H-x86_64-mingw32/nios2-elf/lib/mno-hw-mul\libc.a(lib_a-__call_atexit.o)
 .text.__call_exitprocs
                0x000000000004cd88      0x180 d:/programfiles/intelfpga_lite/18.1/nios2eds/bin/gnu/h-x86_64-mingw32/bin/../lib/gcc/nios2-elf/5.3.0/../../../../../H-x86_64-mingw32/nios2-elf/lib/mno-hw-mul\libc.a(lib_a-__call_atexit.o)
                0x000000000004cd88                __call_exitprocs
 .text          0x000000000004cf08      0x1b4 d:/programfiles/intelfpga_lite/18.1/nios2eds/bin/gnu/h-x86_64-mingw32/bin/../lib/gcc/nios2-elf/5.3.0/mno-hw-mul\libgcc.a(lib2-divmod.o)
                0x000000000004cf08                __divsi3
                0x000000000004cf8c                __modsi3
                0x000000000004d000                __udivsi3
                0x000000000004d064                __umodsi3
 .text          0x000000000004d0bc       0x34 ../app_rtos_bsp\libucosii_bsp.a(alt_exit.o)
                0x000000000004d0bc                _exit
 *(.gnu.warning.*)
 *(.fini)
                [!provide]                        PROVIDE (__etext, ABSOLUTE (.))
                [!provide]                        PROVIDE (_etext, ABSOLUTE (.))
                [!provide]                        PROVIDE (etext, ABSOLUTE (.))
 *(.eh_frame_hdr)
                0x000000000004d0f0                . = ALIGN (0x4)
                [!provide]                        PROVIDE (__preinit_array_start, ABSOLUTE (.))
 *(.preinit_array)
                [!provide]                        PROVIDE (__preinit_array_end, ABSOLUTE (.))
                [!provide]                        PROVIDE (__init_array_start, ABSOLUTE (.))
 *(.init_array)
                [!provide]                        PROVIDE (__init_array_end, ABSOLUTE (.))
                [!provide]                        PROVIDE (__fini_array_start, ABSOLUTE (.))
 *(.fini_array)
                [!provide]                        PROVIDE (__fini_array_end, ABSOLUTE (.))
 *(.eh_frame)
 *(.gcc_except_table .gcc_except_table.*)
 *(.dynamic)
                0x000000000004d0f0                PROVIDE (__CTOR_LIST__, ABSOLUTE (.))
 *(.ctors)
 *(SORT(.ctors.*))
                0x000000000004d0f0                PROVIDE (__CTOR_END__, ABSOLUTE (.))
                0x000000000004d0f0                PROVIDE (__DTOR_LIST__, ABSOLUTE (.))
 *(.dtors)
 *(SORT(.dtors.*))
                0x000000000004d0f0                PROVIDE (__DTOR_END__, ABSOLUTE (.))
 *(.jcr)
                0x000000000004d0f0                . = ALIGN (0x4)

.rodata         0x000000000004d0f0      0x154
                0x000000000004d0f0                PROVIDE (__ram_rodata_start, ABSOLUTE (.))
                0x000000000004d0f0                . = ALIGN (0x4)
 *(.rodata .rodata.* .gnu.linkonce.r.*)
 .rodata.str1.4
                0x000000000004d0f0        0x4 d:/programfiles/intelfpga_lite/18.1/nios2eds/bin/gnu/h-x86_64-mingw32/bin/../lib/gcc/nios2-elf/5.3.0/../../../../../H-x86_64-mingw32/nios2-elf/lib/mno-hw-mul\libc.a(lib_a-impure.o)
                                          0x2 (size before relaxing)
 .rodata        0x000000000004d0f4        0xa ../app_rtos_bsp\libucosii_bsp.a(alt_dev.o)
 *fill*         0x000000000004d0fe        0x2 
 .rodata        0x000000000004d100        0xf ../app_rtos_bsp\libucosii_bsp.a(alt_main.o)
 *fill*         0x000000000004d10f        0x1 
 .rodata        0x000000000004d110      0x11e ../app_rtos_bsp\libucosii_bsp.a(os_core.o)
                0x000000000004d110                OSUnMapTbl
 *fill*         0x000000000004d22e        0x2 
 .rodata        0x000000000004d230        0xf ../app_rtos_bsp\libucosii_bsp.a(alt_sys_init.o)
 *fill*         0x000000000004d23f        0x1 
 .rodata        0x000000000004d240        0x2 ../app_rtos_bsp\libucosii_bsp.a(os_cpu_c.o)
 *(.rodata1)
                0x000000000004d244                . = ALIGN (0x4)
 *fill*         0x000000000004d242        0x2 
                0x000000000004d244                PROVIDE (__ram_rodata_end, ABSOLUTE (.))
                0x000000000004d0f0                PROVIDE (__flash_rodata_start, LOADADDR (.rodata))

.rwdata         0x000000000004d244     0x1af4 load address 0x000000000004ed38
                0x000000000004d244                PROVIDE (__ram_rwdata_start, ABSOLUTE (.))
                0x000000000004d244                . = ALIGN (0x4)
 *(.got.plt)
 *(.got)
 *(.data1)
 *(.data .data.* .gnu.linkonce.d.*)
 .data          0x000000000004d244        0x0 ../app_rtos_bsp/obj/HAL/src/crt0.o
 .data          0x000000000004d244        0x0 obj/default/./app_rtos.o
 .data          0x000000000004d244        0x0 d:/programfiles/intelfpga_lite/18.1/nios2eds/bin/gnu/h-x86_64-mingw32/bin/../lib/gcc/nios2-elf/5.3.0/../../../../../H-x86_64-mingw32/nios2-elf/lib/mno-hw-mul\libc.a(lib_a-impure.o)
 .data.impure_data
                0x000000000004d244      0x424 d:/programfiles/intelfpga_lite/18.1/nios2eds/bin/gnu/h-x86_64-mingw32/bin/../lib/gcc/nios2-elf/5.3.0/../../../../../H-x86_64-mingw32/nios2-elf/lib/mno-hw-mul\libc.a(lib_a-impure.o)
 .data          0x000000000004d668        0x0 d:/programfiles/intelfpga_lite/18.1/nios2eds/bin/gnu/h-x86_64-mingw32/bin/../lib/gcc/nios2-elf/5.3.0/../../../../../H-x86_64-mingw32/nios2-elf/lib/mno-hw-mul\libc.a(lib_a-putc.o)
 .data          0x000000000004d668        0x0 d:/programfiles/intelfpga_lite/18.1/nios2eds/bin/gnu/h-x86_64-mingw32/bin/../lib/gcc/nios2-elf/5.3.0/../../../../../H-x86_64-mingw32/nios2-elf/lib/mno-hw-mul\libc.a(lib_a-strlen.o)
 .data          0x000000000004d668        0x0 d:/programfiles/intelfpga_lite/18.1/nios2eds/bin/gnu/h-x86_64-mingw32/bin/../lib/gcc/nios2-elf/5.3.0/../../../../../H-x86_64-mingw32/nios2-elf/lib/mno-hw-mul\libc.a(lib_a-wbuf.o)
 .data          0x000000000004d668        0x0 d:/programfiles/intelfpga_lite/18.1/nios2eds/bin/gnu/h-x86_64-mingw32/bin/../lib/gcc/nios2-elf/5.3.0/../../../../../H-x86_64-mingw32/nios2-elf/lib/mno-hw-mul\libc.a(lib_a-wsetup.o)
 .data          0x000000000004d668        0x0 d:/programfiles/intelfpga_lite/18.1/nios2eds/bin/gnu/h-x86_64-mingw32/bin/../lib/gcc/nios2-elf/5.3.0/../../../../../H-x86_64-mingw32/nios2-elf/lib/mno-hw-mul\libc.a(lib_a-fflush.o)
 .data          0x000000000004d668        0x0 d:/programfiles/intelfpga_lite/18.1/nios2eds/bin/gnu/h-x86_64-mingw32/bin/../lib/gcc/nios2-elf/5.3.0/../../../../../H-x86_64-mingw32/nios2-elf/lib/mno-hw-mul\libc.a(lib_a-findfp.o)
 .data          0x000000000004d668        0x0 d:/programfiles/intelfpga_lite/18.1/nios2eds/bin/gnu/h-x86_64-mingw32/bin/../lib/gcc/nios2-elf/5.3.0/../../../../../H-x86_64-mingw32/nios2-elf/lib/mno-hw-mul\libc.a(lib_a-freer.o)
 .data          0x000000000004d668        0x0 d:/programfiles/intelfpga_lite/18.1/nios2eds/bin/gnu/h-x86_64-mingw32/bin/../lib/gcc/nios2-elf/5.3.0/../../../../../H-x86_64-mingw32/nios2-elf/lib/mno-hw-mul\libc.a(lib_a-fwalk.o)
 .data          0x000000000004d668        0x0 d:/programfiles/intelfpga_lite/18.1/nios2eds/bin/gnu/h-x86_64-mingw32/bin/../lib/gcc/nios2-elf/5.3.0/../../../../../H-x86_64-mingw32/nios2-elf/lib/mno-hw-mul\libc.a(lib_a-makebuf.o)
 .data          0x000000000004d668        0x0 d:/programfiles/intelfpga_lite/18.1/nios2eds/bin/gnu/h-x86_64-mingw32/bin/../lib/gcc/nios2-elf/5.3.0/../../../../../H-x86_64-mingw32/nios2-elf/lib/mno-hw-mul\libc.a(lib_a-mallocr.o)
 .data.__malloc_av_
                0x000000000004d668      0x408 d:/programfiles/intelfpga_lite/18.1/nios2eds/bin/gnu/h-x86_64-mingw32/bin/../lib/gcc/nios2-elf/5.3.0/../../../../../H-x86_64-mingw32/nios2-elf/lib/mno-hw-mul\libc.a(lib_a-mallocr.o)
                0x000000000004d668                __malloc_av_
 .data          0x000000000004da70        0x0 d:/programfiles/intelfpga_lite/18.1/nios2eds/bin/gnu/h-x86_64-mingw32/bin/../lib/gcc/nios2-elf/5.3.0/../../../../../H-x86_64-mingw32/nios2-elf/lib/mno-hw-mul\libc.a(lib_a-memset.o)
 .data          0x000000000004da70        0x0 d:/programfiles/intelfpga_lite/18.1/nios2eds/bin/gnu/h-x86_64-mingw32/bin/../lib/gcc/nios2-elf/5.3.0/../../../../../H-x86_64-mingw32/nios2-elf/lib/mno-hw-mul\libc.a(lib_a-sbrkr.o)
 .data          0x000000000004da70        0x0 d:/programfiles/intelfpga_lite/18.1/nios2eds/bin/gnu/h-x86_64-mingw32/bin/../lib/gcc/nios2-elf/5.3.0/../../../../../H-x86_64-mingw32/nios2-elf/lib/mno-hw-mul\libc.a(lib_a-stdio.o)
 .data          0x000000000004da70        0x0 d:/programfiles/intelfpga_lite/18.1/nios2eds/bin/gnu/h-x86_64-mingw32/bin/../lib/gcc/nios2-elf/5.3.0/../../../../../H-x86_64-mingw32/nios2-elf/lib/mno-hw-mul\libc.a(lib_a-writer.o)
 .data          0x000000000004da70        0x0 d:/programfiles/intelfpga_lite/18.1/nios2eds/bin/gnu/h-x86_64-mingw32/bin/../lib/gcc/nios2-elf/5.3.0/../../../../../H-x86_64-mingw32/nios2-elf/lib/mno-hw-mul\libc.a(closer.o)
 .data          0x000000000004da70        0x0 d:/programfiles/intelfpga_lite/18.1/nios2eds/bin/gnu/h-x86_64-mingw32/bin/../lib/gcc/nios2-elf/5.3.0/../../../../../H-x86_64-mingw32/nios2-elf/lib/mno-hw-mul\libc.a(lib_a-fclose.o)
 .data          0x000000000004da70        0x0 d:/programfiles/intelfpga_lite/18.1/nios2eds/bin/gnu/h-x86_64-mingw32/bin/../lib/gcc/nios2-elf/5.3.0/../../../../../H-x86_64-mingw32/nios2-elf/lib/mno-hw-mul\libc.a(lib_a-fstatr.o)
 .data          0x000000000004da70        0x0 d:/programfiles/intelfpga_lite/18.1/nios2eds/bin/gnu/h-x86_64-mingw32/bin/../lib/gcc/nios2-elf/5.3.0/../../../../../H-x86_64-mingw32/nios2-elf/lib/mno-hw-mul\libc.a(lib_a-int_errno.o)
 .data          0x000000000004da70        0x0 d:/programfiles/intelfpga_lite/18.1/nios2eds/bin/gnu/h-x86_64-mingw32/bin/../lib/gcc/nios2-elf/5.3.0/../../../../../H-x86_64-mingw32/nios2-elf/lib/mno-hw-mul\libc.a(lib_a-isattyr.o)
 .data          0x000000000004da70        0x0 d:/programfiles/intelfpga_lite/18.1/nios2eds/bin/gnu/h-x86_64-mingw32/bin/../lib/gcc/nios2-elf/5.3.0/../../../../../H-x86_64-mingw32/nios2-elf/lib/mno-hw-mul\libc.a(lib_a-lseekr.o)
 .data          0x000000000004da70        0x0 d:/programfiles/intelfpga_lite/18.1/nios2eds/bin/gnu/h-x86_64-mingw32/bin/../lib/gcc/nios2-elf/5.3.0/../../../../../H-x86_64-mingw32/nios2-elf/lib/mno-hw-mul\libc.a(lib_a-readr.o)
 .data          0x000000000004da70        0x0 d:/programfiles/intelfpga_lite/18.1/nios2eds/bin/gnu/h-x86_64-mingw32/bin/../lib/gcc/nios2-elf/5.3.0/mno-hw-mul\libgcc.a(lib2-mul.o)
 .data          0x000000000004da70        0x0 ../app_rtos_bsp\libucosii_bsp.a(alt_close.o)
 .data          0x000000000004da70      0x1a8 ../app_rtos_bsp\libucosii_bsp.a(alt_dev.o)
                0x000000000004da70                alt_dev_null
                0x000000000004da98                alt_fd_list
 .data          0x000000000004dc18        0x0 ../app_rtos_bsp\libucosii_bsp.a(alt_errno.o)
 .data          0x000000000004dc18        0x0 ../app_rtos_bsp\libucosii_bsp.a(alt_fstat.o)
 .data          0x000000000004dc18        0x0 ../app_rtos_bsp\libucosii_bsp.a(alt_isatty.o)
 .data          0x000000000004dc18        0x0 ../app_rtos_bsp\libucosii_bsp.a(alt_load.o)
 .data          0x000000000004dc18        0x0 ../app_rtos_bsp\libucosii_bsp.a(alt_lseek.o)
 .data          0x000000000004dc18        0x0 ../app_rtos_bsp\libucosii_bsp.a(alt_main.o)
 .data          0x000000000004dc18        0x0 ../app_rtos_bsp\libucosii_bsp.a(alt_read.o)
 .data          0x000000000004dc18        0x0 ../app_rtos_bsp\libucosii_bsp.a(alt_release_fd.o)
 .data          0x000000000004dc18        0x0 ../app_rtos_bsp\libucosii_bsp.a(alt_sbrk.o)
 .data          0x000000000004dc18        0x0 ../app_rtos_bsp\libucosii_bsp.a(alt_write.o)
 .data          0x000000000004dc18        0x0 ../app_rtos_bsp\libucosii_bsp.a(alt_env_lock.o)
 .data          0x000000000004dc18        0x0 ../app_rtos_bsp\libucosii_bsp.a(alt_malloc_lock.o)
 .data          0x000000000004dc18        0x0 ../app_rtos_bsp\libucosii_bsp.a(os_core.o)
 .data          0x000000000004dc18        0x0 ../app_rtos_bsp\libucosii_bsp.a(os_dbg.o)
 .data          0x000000000004dc18        0x0 ../app_rtos_bsp\libucosii_bsp.a(os_flag.o)
 .data          0x000000000004dc18        0x0 ../app_rtos_bsp\libucosii_bsp.a(os_mem.o)
 .data          0x000000000004dc18        0x0 ../app_rtos_bsp\libucosii_bsp.a(os_q.o)
 .data          0x000000000004dc18        0x0 ../app_rtos_bsp\libucosii_bsp.a(os_sem.o)
 .data          0x000000000004dc18        0x0 ../app_rtos_bsp\libucosii_bsp.a(os_task.o)
 .data          0x000000000004dc18        0x0 ../app_rtos_bsp\libucosii_bsp.a(os_time.o)
 .data          0x000000000004dc18     0x106c ../app_rtos_bsp\libucosii_bsp.a(alt_sys_init.o)
 .data          0x000000000004ec84        0x0 ../app_rtos_bsp\libucosii_bsp.a(altera_avalon_jtag_uart_fd.o)
 .data          0x000000000004ec84        0x0 ../app_rtos_bsp\libucosii_bsp.a(altera_avalon_jtag_uart_init.o)
 .data          0x000000000004ec84        0x0 ../app_rtos_bsp\libucosii_bsp.a(altera_avalon_jtag_uart_ioctl.o)
 .data          0x000000000004ec84        0x0 ../app_rtos_bsp\libucosii_bsp.a(altera_avalon_jtag_uart_read.o)
 .data          0x000000000004ec84        0x0 ../app_rtos_bsp\libucosii_bsp.a(altera_avalon_jtag_uart_write.o)
 .data          0x000000000004ec84        0x0 ../app_rtos_bsp\libucosii_bsp.a(altera_avalon_timer_sc.o)
 .data          0x000000000004ec84        0x0 ../app_rtos_bsp\libucosii_bsp.a(alt_alarm_start.o)
 .data          0x000000000004ec84        0x0 ../app_rtos_bsp\libucosii_bsp.a(alt_dcache_flush_all.o)
 .data          0x000000000004ec84        0x0 ../app_rtos_bsp\libucosii_bsp.a(alt_dev_llist_insert.o)
 .data          0x000000000004ec84        0x0 ../app_rtos_bsp\libucosii_bsp.a(alt_do_ctors.o)
 .data          0x000000000004ec84        0x0 ../app_rtos_bsp\libucosii_bsp.a(alt_do_dtors.o)
 .data          0x000000000004ec84        0x0 ../app_rtos_bsp\libucosii_bsp.a(alt_icache_flush_all.o)
 .data          0x000000000004ec84        0x0 ../app_rtos_bsp\libucosii_bsp.a(alt_iic.o)
 .data          0x000000000004ec84        0x0 ../app_rtos_bsp\libucosii_bsp.a(alt_iic_isr_register.o)
 .data          0x000000000004ec84        0x0 ../app_rtos_bsp\libucosii_bsp.a(alt_io_redirect.o)
 .data          0x000000000004ec84        0x0 ../app_rtos_bsp\libucosii_bsp.a(alt_irq_entry.o)
 .data          0x000000000004ec84        0x0 ../app_rtos_bsp\libucosii_bsp.a(alt_irq_handler.o)
 .data          0x000000000004ec84        0x0 ../app_rtos_bsp\libucosii_bsp.a(alt_irq_vars.o)
 .data          0x000000000004ec84        0x0 ../app_rtos_bsp\libucosii_bsp.a(alt_open.o)
 .data          0x000000000004ec84        0x0 ../app_rtos_bsp\libucosii_bsp.a(alt_tick.o)
 .data          0x000000000004ec84        0x0 ../app_rtos_bsp\libucosii_bsp.a(altera_nios2_gen2_irq.o)
 .data          0x000000000004ec84        0x0 ../app_rtos_bsp\libucosii_bsp.a(os_cpu_a.o)
 .data          0x000000000004ec84        0x0 ../app_rtos_bsp\libucosii_bsp.a(os_cpu_c.o)
 .data          0x000000000004ec84        0x0 ../app_rtos_bsp\libucosii_bsp.a(alt_exception_entry.o)
 .data          0x000000000004ec84        0x0 ../app_rtos_bsp\libucosii_bsp.a(alt_find_dev.o)
 .data          0x000000000004ec84        0x0 ../app_rtos_bsp\libucosii_bsp.a(alt_find_file.o)
 .data          0x000000000004ec84        0x0 ../app_rtos_bsp\libucosii_bsp.a(alt_get_fd.o)
 .data          0x000000000004ec84        0x0 ../app_rtos_bsp\libucosii_bsp.a(alt_instruction_exception_entry.o)
 .data          0x000000000004ec84        0x0 d:/programfiles/intelfpga_lite/18.1/nios2eds/bin/gnu/h-x86_64-mingw32/bin/../lib/gcc/nios2-elf/5.3.0/../../../../../H-x86_64-mingw32/nios2-elf/lib/mno-hw-mul\libc.a(lib_a-atexit.o)
 .data          0x000000000004ec84        0x0 d:/programfiles/intelfpga_lite/18.1/nios2eds/bin/gnu/h-x86_64-mingw32/bin/../lib/gcc/nios2-elf/5.3.0/../../../../../H-x86_64-mingw32/nios2-elf/lib/mno-hw-mul\libc.a(lib_a-exit.o)
 .data          0x000000000004ec84        0x0 d:/programfiles/intelfpga_lite/18.1/nios2eds/bin/gnu/h-x86_64-mingw32/bin/../lib/gcc/nios2-elf/5.3.0/../../../../../H-x86_64-mingw32/nios2-elf/lib/mno-hw-mul\libc.a(lib_a-memcmp.o)
 .data          0x000000000004ec84        0x0 d:/programfiles/intelfpga_lite/18.1/nios2eds/bin/gnu/h-x86_64-mingw32/bin/../lib/gcc/nios2-elf/5.3.0/../../../../../H-x86_64-mingw32/nios2-elf/lib/mno-hw-mul\libc.a(lib_a-memcpy.o)
 .data          0x000000000004ec84        0x0 d:/programfiles/intelfpga_lite/18.1/nios2eds/bin/gnu/h-x86_64-mingw32/bin/../lib/gcc/nios2-elf/5.3.0/../../../../../H-x86_64-mingw32/nios2-elf/lib/mno-hw-mul\libc.a(lib_a-__atexit.o)
 .data          0x000000000004ec84        0x0 d:/programfiles/intelfpga_lite/18.1/nios2eds/bin/gnu/h-x86_64-mingw32/bin/../lib/gcc/nios2-elf/5.3.0/../../../../../H-x86_64-mingw32/nios2-elf/lib/mno-hw-mul\libc.a(lib_a-__call_atexit.o)
 .data          0x000000000004ec84        0x0 d:/programfiles/intelfpga_lite/18.1/nios2eds/bin/gnu/h-x86_64-mingw32/bin/../lib/gcc/nios2-elf/5.3.0/mno-hw-mul\libgcc.a(lib2-divmod.o)
 .data          0x000000000004ec84        0x0 ../app_rtos_bsp\libucosii_bsp.a(alt_exit.o)
                0x0000000000056c84                _gp = ABSOLUTE ((. + 0x8000))
                [!provide]                        PROVIDE (gp, _gp)
 *(.rwdata .rwdata.*)
 *(.sdata .sdata.* .gnu.linkonce.s.*)
 .sdata._global_impure_ptr
                0x000000000004ec84        0x4 d:/programfiles/intelfpga_lite/18.1/nios2eds/bin/gnu/h-x86_64-mingw32/bin/../lib/gcc/nios2-elf/5.3.0/../../../../../H-x86_64-mingw32/nios2-elf/lib/mno-hw-mul\libc.a(lib_a-impure.o)
                0x000000000004ec84                _global_impure_ptr
 .sdata._impure_ptr
                0x000000000004ec88        0x4 d:/programfiles/intelfpga_lite/18.1/nios2eds/bin/gnu/h-x86_64-mingw32/bin/../lib/gcc/nios2-elf/5.3.0/../../../../../H-x86_64-mingw32/nios2-elf/lib/mno-hw-mul\libc.a(lib_a-impure.o)
                0x000000000004ec88                _impure_ptr
 .sdata.__malloc_sbrk_base
                0x000000000004ec8c        0x4 d:/programfiles/intelfpga_lite/18.1/nios2eds/bin/gnu/h-x86_64-mingw32/bin/../lib/gcc/nios2-elf/5.3.0/../../../../../H-x86_64-mingw32/nios2-elf/lib/mno-hw-mul\libc.a(lib_a-mallocr.o)
                0x000000000004ec8c                __malloc_sbrk_base
 .sdata.__malloc_trim_threshold
                0x000000000004ec90        0x4 d:/programfiles/intelfpga_lite/18.1/nios2eds/bin/gnu/h-x86_64-mingw32/bin/../lib/gcc/nios2-elf/5.3.0/../../../../../H-x86_64-mingw32/nios2-elf/lib/mno-hw-mul\libc.a(lib_a-mallocr.o)
                0x000000000004ec90                __malloc_trim_threshold
 .sdata         0x000000000004ec94       0x14 ../app_rtos_bsp\libucosii_bsp.a(alt_dev.o)
                0x000000000004ec94                alt_fs_list
                0x000000000004ec9c                alt_dev_list
                0x000000000004eca4                alt_max_fd
 .sdata         0x000000000004eca8        0x4 ../app_rtos_bsp\libucosii_bsp.a(alt_errno.o)
                0x000000000004eca8                alt_errno
 .sdata         0x000000000004ecac        0x4 ../app_rtos_bsp\libucosii_bsp.a(alt_sbrk.o)
 .sdata         0x000000000004ecb0        0x4 ../app_rtos_bsp\libucosii_bsp.a(alt_env_lock.o)
 .sdata         0x000000000004ecb4        0x4 ../app_rtos_bsp\libucosii_bsp.a(alt_malloc_lock.o)
 .sdata         0x000000000004ecb8       0x72 ../app_rtos_bsp\libucosii_bsp.a(os_dbg.o)
                0x000000000004ecb8                OSDebugEn
                0x000000000004ecbc                OSEndiannessTest
                0x000000000004ecc0                OSEventEn
                0x000000000004ecc2                OSEventMax
                0x000000000004ecc4                OSEventNameSize
                0x000000000004ecc6                OSEventSize
                0x000000000004ecc8                OSEventTblSize
                0x000000000004ecca                OSEventMultiEn
                0x000000000004eccc                OSFlagEn
                0x000000000004ecce                OSFlagGrpSize
                0x000000000004ecd0                OSFlagNodeSize
                0x000000000004ecd2                OSFlagWidth
                0x000000000004ecd4                OSFlagMax
                0x000000000004ecd6                OSFlagNameSize
                0x000000000004ecd8                OSLowestPrio
                0x000000000004ecda                OSMboxEn
                0x000000000004ecdc                OSMemEn
                0x000000000004ecde                OSMemMax
                0x000000000004ece0                OSMemNameSize
                0x000000000004ece2                OSMemSize
                0x000000000004ece4                OSMemTblSize
                0x000000000004ece6                OSMutexEn
                0x000000000004ece8                OSPtrSize
                0x000000000004ecea                OSQEn
                0x000000000004ecec                OSQMax
                0x000000000004ecee                OSQSize
                0x000000000004ecf0                OSRdyTblSize
                0x000000000004ecf2                OSSemEn
                0x000000000004ecf4                OSStkWidth
                0x000000000004ecf6                OSTaskCreateEn
                0x000000000004ecf8                OSTaskCreateExtEn
                0x000000000004ecfa                OSTaskDelEn
                0x000000000004ecfc                OSTaskIdleStkSize
                0x000000000004ecfe                OSTaskProfileEn
                0x000000000004ed00                OSTaskMax
                0x000000000004ed02                OSTaskNameSize
                0x000000000004ed04                OSTaskStatEn
                0x000000000004ed06                OSTaskStatStkSize
                0x000000000004ed08                OSTaskStatStkChkEn
                0x000000000004ed0a                OSTaskSwHookEn
                0x000000000004ed0c                OSTCBPrioTblMax
                0x000000000004ed0e                OSTCBSize
                0x000000000004ed10                OSTicksPerSec
                0x000000000004ed12                OSTimeTickHookEn
                0x000000000004ed14                OSVersionNbr
                0x000000000004ed16                OSTmrEn
                0x000000000004ed18                OSTmrCfgMax
                0x000000000004ed1a                OSTmrCfgNameSize
                0x000000000004ed1c                OSTmrCfgWheelSize
                0x000000000004ed1e                OSTmrCfgTicksPerSec
                0x000000000004ed20                OSTmrSize
                0x000000000004ed22                OSTmrTblSize
                0x000000000004ed24                OSTmrWheelSize
                0x000000000004ed26                OSTmrWheelTblSize
                0x000000000004ed28                OSDataSize
 *fill*         0x000000000004ed2a        0x2 
 .sdata         0x000000000004ed2c        0x4 ../app_rtos_bsp\libucosii_bsp.a(alt_irq_vars.o)
                0x000000000004ed2c                alt_priority_mask
 .sdata         0x000000000004ed30        0x8 ../app_rtos_bsp\libucosii_bsp.a(alt_tick.o)
                0x000000000004ed30                alt_alarm_list
 *(.sdata2 .sdata2.* .gnu.linkonce.s2.*)
                0x000000000004ed38                . = ALIGN (0x4)
                0x000000000004ed38                _edata = ABSOLUTE (.)
                [!provide]                        PROVIDE (edata, ABSOLUTE (.))
                0x000000000004ed38                PROVIDE (__ram_rwdata_end, ABSOLUTE (.))
                0x000000000004ed38                PROVIDE (__flash_rwdata_start, LOADADDR (.rwdata))

.bss            0x000000000005082c     0x73dc
                0x000000000005082c                __bss_start = ABSOLUTE (.)
                [!provide]                        PROVIDE (__sbss_start, ABSOLUTE (.))
                [!provide]                        PROVIDE (___sbss_start, ABSOLUTE (.))
 *(.dynsbss)
 *(.sbss .sbss.* .gnu.linkonce.sb.*)
 .sbss.__malloc_max_total_mem
                0x000000000005082c        0x4 d:/programfiles/intelfpga_lite/18.1/nios2eds/bin/gnu/h-x86_64-mingw32/bin/../lib/gcc/nios2-elf/5.3.0/../../../../../H-x86_64-mingw32/nios2-elf/lib/mno-hw-mul\libc.a(lib_a-mallocr.o)
                0x000000000005082c                __malloc_max_total_mem
 .sbss.__malloc_max_sbrked_mem
                0x0000000000050830        0x4 d:/programfiles/intelfpga_lite/18.1/nios2eds/bin/gnu/h-x86_64-mingw32/bin/../lib/gcc/nios2-elf/5.3.0/../../../../../H-x86_64-mingw32/nios2-elf/lib/mno-hw-mul\libc.a(lib_a-mallocr.o)
                0x0000000000050830                __malloc_max_sbrked_mem
 .sbss.__malloc_top_pad
                0x0000000000050834        0x4 d:/programfiles/intelfpga_lite/18.1/nios2eds/bin/gnu/h-x86_64-mingw32/bin/../lib/gcc/nios2-elf/5.3.0/../../../../../H-x86_64-mingw32/nios2-elf/lib/mno-hw-mul\libc.a(lib_a-mallocr.o)
                0x0000000000050834                __malloc_top_pad
 .sbss          0x0000000000050838        0x4 d:/programfiles/intelfpga_lite/18.1/nios2eds/bin/gnu/h-x86_64-mingw32/bin/../lib/gcc/nios2-elf/5.3.0/../../../../../H-x86_64-mingw32/nios2-elf/lib/mno-hw-mul\libc.a(lib_a-int_errno.o)
                0x0000000000050838                errno
 .sbss          0x000000000005083c        0x4 ../app_rtos_bsp\libucosii_bsp.a(alt_dev.o)
                0x000000000005083c                alt_fd_list_lock
 .sbss          0x0000000000050840        0xc ../app_rtos_bsp\libucosii_bsp.a(alt_main.o)
                0x0000000000050840                alt_argc
                0x0000000000050844                alt_argv
                0x0000000000050848                alt_envp
 .sbss          0x000000000005084c        0x8 ../app_rtos_bsp\libucosii_bsp.a(alt_env_lock.o)
                0x0000000000050850                alt_envsem
 .sbss          0x0000000000050854        0x8 ../app_rtos_bsp\libucosii_bsp.a(alt_malloc_lock.o)
                0x0000000000050858                alt_heapsem
 .sbss          0x000000000005085c       0x50 ../app_rtos_bsp\libucosii_bsp.a(os_core.o)
                0x000000000005085c                OSLockNesting
                0x000000000005085d                OSRunning
                0x0000000000050860                OSIdleCtr
                0x0000000000050864                OSPrioHighRdy
                0x0000000000050865                OSPrioCur
                0x0000000000050868                OSTCBList
                0x000000000005086c                OSTickStepState
                0x0000000000050870                OSCtxSwCtr
                0x0000000000050874                OSIdleCtrMax
                0x0000000000050878                OSTCBFreeList
                0x000000000005087c                OSCPUUsage
                0x000000000005087d                OSTaskCtr
                0x0000000000050880                OSMemFreeList
                0x0000000000050884                OSTCBHighRdy
                0x0000000000050888                OSQFreeList
                0x000000000005088c                OSRdyGrp
                0x000000000005088d                OSRdyTbl
                0x0000000000050890                OSEventFreeList
                0x0000000000050894                OSIntNesting
                0x0000000000050898                OSTCBCur
                0x000000000005089c                OSTime
                0x00000000000508a0                OSFlagFreeList
                0x00000000000508a4                OSStatRdy
                0x00000000000508a8                OSIdleCtrRun
 .sbss          0x00000000000508ac        0x4 ../app_rtos_bsp\libucosii_bsp.a(alt_irq_vars.o)
                0x00000000000508ac                alt_irq_active
 .sbss          0x00000000000508b0        0x8 ../app_rtos_bsp\libucosii_bsp.a(alt_tick.o)
                0x00000000000508b0                _alt_tick_rate
                0x00000000000508b4                _alt_nticks
 .sbss          0x00000000000508b8        0x4 ../app_rtos_bsp\libucosii_bsp.a(alt_instruction_exception_entry.o)
                0x00000000000508b8                alt_instruction_exception_handler
 *(.sbss2 .sbss2.* .gnu.linkonce.sb2.*)
 *(.scommon)
                [!provide]                        PROVIDE (__sbss_end, ABSOLUTE (.))
                [!provide]                        PROVIDE (___sbss_end, ABSOLUTE (.))
 *(.dynbss)
 *(.bss .bss.* .gnu.linkonce.b.*)
 .bss           0x00000000000508bc        0x0 ../app_rtos_bsp/obj/HAL/src/crt0.o
 .bss           0x00000000000508bc        0x0 obj/default/./app_rtos.o
 .bss           0x00000000000508bc        0x0 d:/programfiles/intelfpga_lite/18.1/nios2eds/bin/gnu/h-x86_64-mingw32/bin/../lib/gcc/nios2-elf/5.3.0/../../../../../H-x86_64-mingw32/nios2-elf/lib/mno-hw-mul\libc.a(lib_a-impure.o)
 .bss           0x00000000000508bc        0x0 d:/programfiles/intelfpga_lite/18.1/nios2eds/bin/gnu/h-x86_64-mingw32/bin/../lib/gcc/nios2-elf/5.3.0/../../../../../H-x86_64-mingw32/nios2-elf/lib/mno-hw-mul\libc.a(lib_a-putc.o)
 .bss           0x00000000000508bc        0x0 d:/programfiles/intelfpga_lite/18.1/nios2eds/bin/gnu/h-x86_64-mingw32/bin/../lib/gcc/nios2-elf/5.3.0/../../../../../H-x86_64-mingw32/nios2-elf/lib/mno-hw-mul\libc.a(lib_a-strlen.o)
 .bss           0x00000000000508bc        0x0 d:/programfiles/intelfpga_lite/18.1/nios2eds/bin/gnu/h-x86_64-mingw32/bin/../lib/gcc/nios2-elf/5.3.0/../../../../../H-x86_64-mingw32/nios2-elf/lib/mno-hw-mul\libc.a(lib_a-wbuf.o)
 .bss           0x00000000000508bc        0x0 d:/programfiles/intelfpga_lite/18.1/nios2eds/bin/gnu/h-x86_64-mingw32/bin/../lib/gcc/nios2-elf/5.3.0/../../../../../H-x86_64-mingw32/nios2-elf/lib/mno-hw-mul\libc.a(lib_a-wsetup.o)
 .bss           0x00000000000508bc        0x0 d:/programfiles/intelfpga_lite/18.1/nios2eds/bin/gnu/h-x86_64-mingw32/bin/../lib/gcc/nios2-elf/5.3.0/../../../../../H-x86_64-mingw32/nios2-elf/lib/mno-hw-mul\libc.a(lib_a-fflush.o)
 .bss           0x00000000000508bc        0x0 d:/programfiles/intelfpga_lite/18.1/nios2eds/bin/gnu/h-x86_64-mingw32/bin/../lib/gcc/nios2-elf/5.3.0/../../../../../H-x86_64-mingw32/nios2-elf/lib/mno-hw-mul\libc.a(lib_a-findfp.o)
 .bss           0x00000000000508bc        0x0 d:/programfiles/intelfpga_lite/18.1/nios2eds/bin/gnu/h-x86_64-mingw32/bin/../lib/gcc/nios2-elf/5.3.0/../../../../../H-x86_64-mingw32/nios2-elf/lib/mno-hw-mul\libc.a(lib_a-freer.o)
 .bss           0x00000000000508bc        0x0 d:/programfiles/intelfpga_lite/18.1/nios2eds/bin/gnu/h-x86_64-mingw32/bin/../lib/gcc/nios2-elf/5.3.0/../../../../../H-x86_64-mingw32/nios2-elf/lib/mno-hw-mul\libc.a(lib_a-fwalk.o)
 .bss           0x00000000000508bc        0x0 d:/programfiles/intelfpga_lite/18.1/nios2eds/bin/gnu/h-x86_64-mingw32/bin/../lib/gcc/nios2-elf/5.3.0/../../../../../H-x86_64-mingw32/nios2-elf/lib/mno-hw-mul\libc.a(lib_a-makebuf.o)
 .bss           0x00000000000508bc        0x0 d:/programfiles/intelfpga_lite/18.1/nios2eds/bin/gnu/h-x86_64-mingw32/bin/../lib/gcc/nios2-elf/5.3.0/../../../../../H-x86_64-mingw32/nios2-elf/lib/mno-hw-mul\libc.a(lib_a-mallocr.o)
 .bss.__malloc_current_mallinfo
                0x00000000000508bc       0x28 d:/programfiles/intelfpga_lite/18.1/nios2eds/bin/gnu/h-x86_64-mingw32/bin/../lib/gcc/nios2-elf/5.3.0/../../../../../H-x86_64-mingw32/nios2-elf/lib/mno-hw-mul\libc.a(lib_a-mallocr.o)
                0x00000000000508bc                __malloc_current_mallinfo
 .bss           0x00000000000508e4        0x0 d:/programfiles/intelfpga_lite/18.1/nios2eds/bin/gnu/h-x86_64-mingw32/bin/../lib/gcc/nios2-elf/5.3.0/../../../../../H-x86_64-mingw32/nios2-elf/lib/mno-hw-mul\libc.a(lib_a-memset.o)
 .bss           0x00000000000508e4        0x0 d:/programfiles/intelfpga_lite/18.1/nios2eds/bin/gnu/h-x86_64-mingw32/bin/../lib/gcc/nios2-elf/5.3.0/../../../../../H-x86_64-mingw32/nios2-elf/lib/mno-hw-mul\libc.a(lib_a-sbrkr.o)
 .bss           0x00000000000508e4        0x0 d:/programfiles/intelfpga_lite/18.1/nios2eds/bin/gnu/h-x86_64-mingw32/bin/../lib/gcc/nios2-elf/5.3.0/../../../../../H-x86_64-mingw32/nios2-elf/lib/mno-hw-mul\libc.a(lib_a-stdio.o)
 .bss           0x00000000000508e4        0x0 d:/programfiles/intelfpga_lite/18.1/nios2eds/bin/gnu/h-x86_64-mingw32/bin/../lib/gcc/nios2-elf/5.3.0/../../../../../H-x86_64-mingw32/nios2-elf/lib/mno-hw-mul\libc.a(lib_a-writer.o)
 .bss           0x00000000000508e4        0x0 d:/programfiles/intelfpga_lite/18.1/nios2eds/bin/gnu/h-x86_64-mingw32/bin/../lib/gcc/nios2-elf/5.3.0/../../../../../H-x86_64-mingw32/nios2-elf/lib/mno-hw-mul\libc.a(closer.o)
 .bss           0x00000000000508e4        0x0 d:/programfiles/intelfpga_lite/18.1/nios2eds/bin/gnu/h-x86_64-mingw32/bin/../lib/gcc/nios2-elf/5.3.0/../../../../../H-x86_64-mingw32/nios2-elf/lib/mno-hw-mul\libc.a(lib_a-fclose.o)
 .bss           0x00000000000508e4        0x0 d:/programfiles/intelfpga_lite/18.1/nios2eds/bin/gnu/h-x86_64-mingw32/bin/../lib/gcc/nios2-elf/5.3.0/../../../../../H-x86_64-mingw32/nios2-elf/lib/mno-hw-mul\libc.a(lib_a-fstatr.o)
 .bss           0x00000000000508e4        0x0 d:/programfiles/intelfpga_lite/18.1/nios2eds/bin/gnu/h-x86_64-mingw32/bin/../lib/gcc/nios2-elf/5.3.0/../../../../../H-x86_64-mingw32/nios2-elf/lib/mno-hw-mul\libc.a(lib_a-int_errno.o)
 .bss           0x00000000000508e4        0x0 d:/programfiles/intelfpga_lite/18.1/nios2eds/bin/gnu/h-x86_64-mingw32/bin/../lib/gcc/nios2-elf/5.3.0/../../../../../H-x86_64-mingw32/nios2-elf/lib/mno-hw-mul\libc.a(lib_a-isattyr.o)
 .bss           0x00000000000508e4        0x0 d:/programfiles/intelfpga_lite/18.1/nios2eds/bin/gnu/h-x86_64-mingw32/bin/../lib/gcc/nios2-elf/5.3.0/../../../../../H-x86_64-mingw32/nios2-elf/lib/mno-hw-mul\libc.a(lib_a-lseekr.o)
 .bss           0x00000000000508e4        0x0 d:/programfiles/intelfpga_lite/18.1/nios2eds/bin/gnu/h-x86_64-mingw32/bin/../lib/gcc/nios2-elf/5.3.0/../../../../../H-x86_64-mingw32/nios2-elf/lib/mno-hw-mul\libc.a(lib_a-readr.o)
 .bss           0x00000000000508e4        0x0 d:/programfiles/intelfpga_lite/18.1/nios2eds/bin/gnu/h-x86_64-mingw32/bin/../lib/gcc/nios2-elf/5.3.0/mno-hw-mul\libgcc.a(lib2-mul.o)
 .bss           0x00000000000508e4        0x0 ../app_rtos_bsp\libucosii_bsp.a(alt_close.o)
 .bss           0x00000000000508e4        0x0 ../app_rtos_bsp\libucosii_bsp.a(alt_dev.o)
 .bss           0x00000000000508e4        0x0 ../app_rtos_bsp\libucosii_bsp.a(alt_errno.o)
 .bss           0x00000000000508e4        0x0 ../app_rtos_bsp\libucosii_bsp.a(alt_fstat.o)
 .bss           0x00000000000508e4        0x0 ../app_rtos_bsp\libucosii_bsp.a(alt_isatty.o)
 .bss           0x00000000000508e4        0x0 ../app_rtos_bsp\libucosii_bsp.a(alt_load.o)
 .bss           0x00000000000508e4        0x0 ../app_rtos_bsp\libucosii_bsp.a(alt_lseek.o)
 .bss           0x00000000000508e4        0x0 ../app_rtos_bsp\libucosii_bsp.a(alt_main.o)
 .bss           0x00000000000508e4        0x0 ../app_rtos_bsp\libucosii_bsp.a(alt_read.o)
 .bss           0x00000000000508e4        0x0 ../app_rtos_bsp\libucosii_bsp.a(alt_release_fd.o)
 .bss           0x00000000000508e4        0x0 ../app_rtos_bsp\libucosii_bsp.a(alt_sbrk.o)
 .bss           0x00000000000508e4        0x0 ../app_rtos_bsp\libucosii_bsp.a(alt_write.o)
 .bss           0x00000000000508e4        0x0 ../app_rtos_bsp\libucosii_bsp.a(alt_env_lock.o)
 .bss           0x00000000000508e4        0x0 ../app_rtos_bsp\libucosii_bsp.a(alt_malloc_lock.o)
 .bss           0x00000000000508e4        0x0 ../app_rtos_bsp\libucosii_bsp.a(os_core.o)
 .bss           0x00000000000508e4        0x0 ../app_rtos_bsp\libucosii_bsp.a(os_dbg.o)
 .bss           0x00000000000508e4        0x0 ../app_rtos_bsp\libucosii_bsp.a(os_flag.o)
 .bss           0x00000000000508e4        0x0 ../app_rtos_bsp\libucosii_bsp.a(os_mem.o)
 .bss           0x00000000000508e4        0x0 ../app_rtos_bsp\libucosii_bsp.a(os_q.o)
 .bss           0x00000000000508e4        0x0 ../app_rtos_bsp\libucosii_bsp.a(os_sem.o)
 .bss           0x00000000000508e4        0x0 ../app_rtos_bsp\libucosii_bsp.a(os_task.o)
 .bss           0x00000000000508e4        0x0 ../app_rtos_bsp\libucosii_bsp.a(os_time.o)
 .bss           0x00000000000508e4        0x0 ../app_rtos_bsp\libucosii_bsp.a(alt_sys_init.o)
 .bss           0x00000000000508e4        0x0 ../app_rtos_bsp\libucosii_bsp.a(altera_avalon_jtag_uart_fd.o)
 .bss           0x00000000000508e4        0x0 ../app_rtos_bsp\libucosii_bsp.a(altera_avalon_jtag_uart_init.o)
 .bss           0x00000000000508e4        0x0 ../app_rtos_bsp\libucosii_bsp.a(altera_avalon_jtag_uart_ioctl.o)
 .bss           0x00000000000508e4        0x0 ../app_rtos_bsp\libucosii_bsp.a(altera_avalon_jtag_uart_read.o)
 .bss           0x00000000000508e4        0x0 ../app_rtos_bsp\libucosii_bsp.a(altera_avalon_jtag_uart_write.o)
 .bss           0x00000000000508e4        0x0 ../app_rtos_bsp\libucosii_bsp.a(altera_avalon_timer_sc.o)
 .bss           0x00000000000508e4        0x0 ../app_rtos_bsp\libucosii_bsp.a(alt_alarm_start.o)
 .bss           0x00000000000508e4        0x0 ../app_rtos_bsp\libucosii_bsp.a(alt_dcache_flush_all.o)
 .bss           0x00000000000508e4        0x0 ../app_rtos_bsp\libucosii_bsp.a(alt_dev_llist_insert.o)
 .bss           0x00000000000508e4        0x0 ../app_rtos_bsp\libucosii_bsp.a(alt_do_ctors.o)
 .bss           0x00000000000508e4        0x0 ../app_rtos_bsp\libucosii_bsp.a(alt_do_dtors.o)
 .bss           0x00000000000508e4        0x0 ../app_rtos_bsp\libucosii_bsp.a(alt_icache_flush_all.o)
 .bss           0x00000000000508e4        0x0 ../app_rtos_bsp\libucosii_bsp.a(alt_iic.o)
 .bss           0x00000000000508e4        0x0 ../app_rtos_bsp\libucosii_bsp.a(alt_iic_isr_register.o)
 .bss           0x00000000000508e4        0x0 ../app_rtos_bsp\libucosii_bsp.a(alt_io_redirect.o)
 .bss           0x00000000000508e4        0x0 ../app_rtos_bsp\libucosii_bsp.a(alt_irq_entry.o)
 .bss           0x00000000000508e4        0x0 ../app_rtos_bsp\libucosii_bsp.a(alt_irq_handler.o)
 .bss           0x00000000000508e4        0x0 ../app_rtos_bsp\libucosii_bsp.a(alt_irq_vars.o)
 .bss           0x00000000000508e4        0x0 ../app_rtos_bsp\libucosii_bsp.a(alt_open.o)
 .bss           0x00000000000508e4        0x0 ../app_rtos_bsp\libucosii_bsp.a(alt_tick.o)
 .bss           0x00000000000508e4        0x0 ../app_rtos_bsp\libucosii_bsp.a(altera_nios2_gen2_irq.o)
 .bss           0x00000000000508e4        0x0 ../app_rtos_bsp\libucosii_bsp.a(os_cpu_a.o)
 .bss           0x00000000000508e4        0x0 ../app_rtos_bsp\libucosii_bsp.a(os_cpu_c.o)
 .bss           0x00000000000508e4        0x0 ../app_rtos_bsp\libucosii_bsp.a(alt_exception_entry.o)
 .bss           0x00000000000508e4        0x0 ../app_rtos_bsp\libucosii_bsp.a(alt_find_dev.o)
 .bss           0x00000000000508e4        0x0 ../app_rtos_bsp\libucosii_bsp.a(alt_find_file.o)
 .bss           0x00000000000508e4        0x0 ../app_rtos_bsp\libucosii_bsp.a(alt_get_fd.o)
 .bss           0x00000000000508e4        0x0 ../app_rtos_bsp\libucosii_bsp.a(alt_instruction_exception_entry.o)
 .bss           0x00000000000508e4        0x0 d:/programfiles/intelfpga_lite/18.1/nios2eds/bin/gnu/h-x86_64-mingw32/bin/../lib/gcc/nios2-elf/5.3.0/../../../../../H-x86_64-mingw32/nios2-elf/lib/mno-hw-mul\libc.a(lib_a-atexit.o)
 .bss           0x00000000000508e4        0x0 d:/programfiles/intelfpga_lite/18.1/nios2eds/bin/gnu/h-x86_64-mingw32/bin/../lib/gcc/nios2-elf/5.3.0/../../../../../H-x86_64-mingw32/nios2-elf/lib/mno-hw-mul\libc.a(lib_a-exit.o)
 .bss           0x00000000000508e4        0x0 d:/programfiles/intelfpga_lite/18.1/nios2eds/bin/gnu/h-x86_64-mingw32/bin/../lib/gcc/nios2-elf/5.3.0/../../../../../H-x86_64-mingw32/nios2-elf/lib/mno-hw-mul\libc.a(lib_a-memcmp.o)
 .bss           0x00000000000508e4        0x0 d:/programfiles/intelfpga_lite/18.1/nios2eds/bin/gnu/h-x86_64-mingw32/bin/../lib/gcc/nios2-elf/5.3.0/../../../../../H-x86_64-mingw32/nios2-elf/lib/mno-hw-mul\libc.a(lib_a-memcpy.o)
 .bss           0x00000000000508e4        0x0 d:/programfiles/intelfpga_lite/18.1/nios2eds/bin/gnu/h-x86_64-mingw32/bin/../lib/gcc/nios2-elf/5.3.0/../../../../../H-x86_64-mingw32/nios2-elf/lib/mno-hw-mul\libc.a(lib_a-__atexit.o)
 .bss           0x00000000000508e4        0x0 d:/programfiles/intelfpga_lite/18.1/nios2eds/bin/gnu/h-x86_64-mingw32/bin/../lib/gcc/nios2-elf/5.3.0/../../../../../H-x86_64-mingw32/nios2-elf/lib/mno-hw-mul\libc.a(lib_a-__call_atexit.o)
 .bss           0x00000000000508e4        0x0 d:/programfiles/intelfpga_lite/18.1/nios2eds/bin/gnu/h-x86_64-mingw32/bin/../lib/gcc/nios2-elf/5.3.0/mno-hw-mul\libgcc.a(lib2-divmod.o)
 .bss           0x00000000000508e4        0x0 ../app_rtos_bsp\libucosii_bsp.a(alt_exit.o)
 *(COMMON)
 COMMON         0x00000000000508e4     0x4000 obj/default/./app_rtos.o
                0x00000000000508e4                task1_stk
                0x00000000000528e4                task2_stk
 COMMON         0x00000000000548e4     0x3224 ../app_rtos_bsp\libucosii_bsp.a(os_core.o)
                0x00000000000548e4                OSFlagTbl
                0x0000000000054c54                OSMemTbl
                0x0000000000055884                OSTaskStatStk
                0x0000000000056084                OSQTbl
                0x0000000000056264                OSTaskIdleStk
                0x0000000000056a64                OSEventTbl
                0x00000000000575a4                OSTCBTbl
                0x0000000000057ab4                OSTCBPrioTbl
 COMMON         0x0000000000057b08      0x100 ../app_rtos_bsp\libucosii_bsp.a(alt_irq_handler.o)
                0x0000000000057b08                alt_irq
                0x0000000000057c08                . = ALIGN (0x4)
                0x0000000000057c08                __bss_end = ABSOLUTE (.)

.onchip_mem     0x0000000000057c08        0x0
                [!provide]                        PROVIDE (_alt_partition_onchip_mem_start, ABSOLUTE (.))
 *(.onchip_mem .onchip_mem. onchip_mem.*)
                0x0000000000057c08                . = ALIGN (0x4)
                [!provide]                        PROVIDE (_alt_partition_onchip_mem_end, ABSOLUTE (.))
                0x0000000000057c08                _end = ABSOLUTE (.)
                0x0000000000057c08                end = ABSOLUTE (.)
                0x0000000000057c08                __alt_stack_base = ABSOLUTE (.)
                [!provide]                        PROVIDE (_alt_partition_onchip_mem_load_addr, LOADADDR (.onchip_mem))

.stab
 *(.stab)

.stabstr
 *(.stabstr)

.stab.excl
 *(.stab.excl)

.stab.exclstr
 *(.stab.exclstr)

.stab.index
 *(.stab.index)

.stab.indexstr
 *(.stab.indexstr)

.comment        0x0000000000000000       0x23
 *(.comment)
 .comment       0x0000000000000000       0x23 obj/default/./app_rtos.o
                                         0x24 (size before relaxing)
 .comment       0x0000000000000023       0x24 d:/programfiles/intelfpga_lite/18.1/nios2eds/bin/gnu/h-x86_64-mingw32/bin/../lib/gcc/nios2-elf/5.3.0/../../../../../H-x86_64-mingw32/nios2-elf/lib/mno-hw-mul\libc.a(lib_a-impure.o)
 .comment       0x0000000000000023       0x24 d:/programfiles/intelfpga_lite/18.1/nios2eds/bin/gnu/h-x86_64-mingw32/bin/../lib/gcc/nios2-elf/5.3.0/../../../../../H-x86_64-mingw32/nios2-elf/lib/mno-hw-mul\libc.a(lib_a-putc.o)
 .comment       0x0000000000000023       0x24 d:/programfiles/intelfpga_lite/18.1/nios2eds/bin/gnu/h-x86_64-mingw32/bin/../lib/gcc/nios2-elf/5.3.0/../../../../../H-x86_64-mingw32/nios2-elf/lib/mno-hw-mul\libc.a(lib_a-strlen.o)
 .comment       0x0000000000000023       0x24 d:/programfiles/intelfpga_lite/18.1/nios2eds/bin/gnu/h-x86_64-mingw32/bin/../lib/gcc/nios2-elf/5.3.0/../../../../../H-x86_64-mingw32/nios2-elf/lib/mno-hw-mul\libc.a(lib_a-wbuf.o)
 .comment       0x0000000000000023       0x24 d:/programfiles/intelfpga_lite/18.1/nios2eds/bin/gnu/h-x86_64-mingw32/bin/../lib/gcc/nios2-elf/5.3.0/../../../../../H-x86_64-mingw32/nios2-elf/lib/mno-hw-mul\libc.a(lib_a-wsetup.o)
 .comment       0x0000000000000023       0x24 d:/programfiles/intelfpga_lite/18.1/nios2eds/bin/gnu/h-x86_64-mingw32/bin/../lib/gcc/nios2-elf/5.3.0/../../../../../H-x86_64-mingw32/nios2-elf/lib/mno-hw-mul\libc.a(lib_a-fflush.o)
 .comment       0x0000000000000023       0x24 d:/programfiles/intelfpga_lite/18.1/nios2eds/bin/gnu/h-x86_64-mingw32/bin/../lib/gcc/nios2-elf/5.3.0/../../../../../H-x86_64-mingw32/nios2-elf/lib/mno-hw-mul\libc.a(lib_a-findfp.o)
 .comment       0x0000000000000023       0x24 d:/programfiles/intelfpga_lite/18.1/nios2eds/bin/gnu/h-x86_64-mingw32/bin/../lib/gcc/nios2-elf/5.3.0/../../../../../H-x86_64-mingw32/nios2-elf/lib/mno-hw-mul\libc.a(lib_a-freer.o)
 .comment       0x0000000000000023       0x24 d:/programfiles/intelfpga_lite/18.1/nios2eds/bin/gnu/h-x86_64-mingw32/bin/../lib/gcc/nios2-elf/5.3.0/../../../../../H-x86_64-mingw32/nios2-elf/lib/mno-hw-mul\libc.a(lib_a-fwalk.o)
 .comment       0x0000000000000023       0x24 d:/programfiles/intelfpga_lite/18.1/nios2eds/bin/gnu/h-x86_64-mingw32/bin/../lib/gcc/nios2-elf/5.3.0/../../../../../H-x86_64-mingw32/nios2-elf/lib/mno-hw-mul\libc.a(lib_a-makebuf.o)
 .comment       0x0000000000000023       0x24 d:/programfiles/intelfpga_lite/18.1/nios2eds/bin/gnu/h-x86_64-mingw32/bin/../lib/gcc/nios2-elf/5.3.0/../../../../../H-x86_64-mingw32/nios2-elf/lib/mno-hw-mul\libc.a(lib_a-mallocr.o)
 .comment       0x0000000000000023       0x24 d:/programfiles/intelfpga_lite/18.1/nios2eds/bin/gnu/h-x86_64-mingw32/bin/../lib/gcc/nios2-elf/5.3.0/../../../../../H-x86_64-mingw32/nios2-elf/lib/mno-hw-mul\libc.a(lib_a-memset.o)
 .comment       0x0000000000000023       0x24 d:/programfiles/intelfpga_lite/18.1/nios2eds/bin/gnu/h-x86_64-mingw32/bin/../lib/gcc/nios2-elf/5.3.0/../../../../../H-x86_64-mingw32/nios2-elf/lib/mno-hw-mul\libc.a(lib_a-sbrkr.o)
 .comment       0x0000000000000023       0x24 d:/programfiles/intelfpga_lite/18.1/nios2eds/bin/gnu/h-x86_64-mingw32/bin/../lib/gcc/nios2-elf/5.3.0/../../../../../H-x86_64-mingw32/nios2-elf/lib/mno-hw-mul\libc.a(lib_a-stdio.o)
 .comment       0x0000000000000023       0x24 d:/programfiles/intelfpga_lite/18.1/nios2eds/bin/gnu/h-x86_64-mingw32/bin/../lib/gcc/nios2-elf/5.3.0/../../../../../H-x86_64-mingw32/nios2-elf/lib/mno-hw-mul\libc.a(lib_a-writer.o)
 .comment       0x0000000000000023       0x24 d:/programfiles/intelfpga_lite/18.1/nios2eds/bin/gnu/h-x86_64-mingw32/bin/../lib/gcc/nios2-elf/5.3.0/../../../../../H-x86_64-mingw32/nios2-elf/lib/mno-hw-mul\libc.a(closer.o)
 .comment       0x0000000000000023       0x24 d:/programfiles/intelfpga_lite/18.1/nios2eds/bin/gnu/h-x86_64-mingw32/bin/../lib/gcc/nios2-elf/5.3.0/../../../../../H-x86_64-mingw32/nios2-elf/lib/mno-hw-mul\libc.a(lib_a-fclose.o)
 .comment       0x0000000000000023       0x24 d:/programfiles/intelfpga_lite/18.1/nios2eds/bin/gnu/h-x86_64-mingw32/bin/../lib/gcc/nios2-elf/5.3.0/../../../../../H-x86_64-mingw32/nios2-elf/lib/mno-hw-mul\libc.a(lib_a-fstatr.o)
 .comment       0x0000000000000023       0x24 d:/programfiles/intelfpga_lite/18.1/nios2eds/bin/gnu/h-x86_64-mingw32/bin/../lib/gcc/nios2-elf/5.3.0/../../../../../H-x86_64-mingw32/nios2-elf/lib/mno-hw-mul\libc.a(lib_a-int_errno.o)
 .comment       0x0000000000000023       0x24 d:/programfiles/intelfpga_lite/18.1/nios2eds/bin/gnu/h-x86_64-mingw32/bin/../lib/gcc/nios2-elf/5.3.0/../../../../../H-x86_64-mingw32/nios2-elf/lib/mno-hw-mul\libc.a(lib_a-isattyr.o)
 .comment       0x0000000000000023       0x24 d:/programfiles/intelfpga_lite/18.1/nios2eds/bin/gnu/h-x86_64-mingw32/bin/../lib/gcc/nios2-elf/5.3.0/../../../../../H-x86_64-mingw32/nios2-elf/lib/mno-hw-mul\libc.a(lib_a-lseekr.o)
 .comment       0x0000000000000023       0x24 d:/programfiles/intelfpga_lite/18.1/nios2eds/bin/gnu/h-x86_64-mingw32/bin/../lib/gcc/nios2-elf/5.3.0/../../../../../H-x86_64-mingw32/nios2-elf/lib/mno-hw-mul\libc.a(lib_a-readr.o)
 .comment       0x0000000000000023       0x24 d:/programfiles/intelfpga_lite/18.1/nios2eds/bin/gnu/h-x86_64-mingw32/bin/../lib/gcc/nios2-elf/5.3.0/mno-hw-mul\libgcc.a(lib2-mul.o)
 .comment       0x0000000000000023       0x24 ../app_rtos_bsp\libucosii_bsp.a(alt_close.o)
 .comment       0x0000000000000023       0x24 ../app_rtos_bsp\libucosii_bsp.a(alt_dev.o)
 .comment       0x0000000000000023       0x24 ../app_rtos_bsp\libucosii_bsp.a(alt_errno.o)
 .comment       0x0000000000000023       0x24 ../app_rtos_bsp\libucosii_bsp.a(alt_fstat.o)
 .comment       0x0000000000000023       0x24 ../app_rtos_bsp\libucosii_bsp.a(alt_isatty.o)
 .comment       0x0000000000000023       0x24 ../app_rtos_bsp\libucosii_bsp.a(alt_load.o)
 .comment       0x0000000000000023       0x24 ../app_rtos_bsp\libucosii_bsp.a(alt_lseek.o)
 .comment       0x0000000000000023       0x24 ../app_rtos_bsp\libucosii_bsp.a(alt_main.o)
 .comment       0x0000000000000023       0x24 ../app_rtos_bsp\libucosii_bsp.a(alt_read.o)
 .comment       0x0000000000000023       0x24 ../app_rtos_bsp\libucosii_bsp.a(alt_release_fd.o)
 .comment       0x0000000000000023       0x24 ../app_rtos_bsp\libucosii_bsp.a(alt_sbrk.o)
 .comment       0x0000000000000023       0x24 ../app_rtos_bsp\libucosii_bsp.a(alt_write.o)
 .comment       0x0000000000000023       0x24 ../app_rtos_bsp\libucosii_bsp.a(alt_env_lock.o)
 .comment       0x0000000000000023       0x24 ../app_rtos_bsp\libucosii_bsp.a(alt_malloc_lock.o)
 .comment       0x0000000000000023       0x24 ../app_rtos_bsp\libucosii_bsp.a(os_core.o)
 .comment       0x0000000000000023       0x24 ../app_rtos_bsp\libucosii_bsp.a(os_dbg.o)
 .comment       0x0000000000000023       0x24 ../app_rtos_bsp\libucosii_bsp.a(os_flag.o)
 .comment       0x0000000000000023       0x24 ../app_rtos_bsp\libucosii_bsp.a(os_mem.o)
 .comment       0x0000000000000023       0x24 ../app_rtos_bsp\libucosii_bsp.a(os_q.o)
 .comment       0x0000000000000023       0x24 ../app_rtos_bsp\libucosii_bsp.a(os_sem.o)
 .comment       0x0000000000000023       0x24 ../app_rtos_bsp\libucosii_bsp.a(os_task.o)
 .comment       0x0000000000000023       0x24 ../app_rtos_bsp\libucosii_bsp.a(os_time.o)
 .comment       0x0000000000000023       0x24 ../app_rtos_bsp\libucosii_bsp.a(alt_sys_init.o)
 .comment       0x0000000000000023       0x24 ../app_rtos_bsp\libucosii_bsp.a(altera_avalon_jtag_uart_fd.o)
 .comment       0x0000000000000023       0x24 ../app_rtos_bsp\libucosii_bsp.a(altera_avalon_jtag_uart_init.o)
 .comment       0x0000000000000023       0x24 ../app_rtos_bsp\libucosii_bsp.a(altera_avalon_jtag_uart_ioctl.o)
 .comment       0x0000000000000023       0x24 ../app_rtos_bsp\libucosii_bsp.a(altera_avalon_jtag_uart_read.o)
 .comment       0x0000000000000023       0x24 ../app_rtos_bsp\libucosii_bsp.a(altera_avalon_jtag_uart_write.o)
 .comment       0x0000000000000023       0x24 ../app_rtos_bsp\libucosii_bsp.a(altera_avalon_timer_sc.o)
 .comment       0x0000000000000023       0x24 ../app_rtos_bsp\libucosii_bsp.a(alt_alarm_start.o)
 .comment       0x0000000000000023       0x24 ../app_rtos_bsp\libucosii_bsp.a(alt_dcache_flush_all.o)
 .comment       0x0000000000000023       0x24 ../app_rtos_bsp\libucosii_bsp.a(alt_dev_llist_insert.o)
 .comment       0x0000000000000023       0x24 ../app_rtos_bsp\libucosii_bsp.a(alt_do_ctors.o)
 .comment       0x0000000000000023       0x24 ../app_rtos_bsp\libucosii_bsp.a(alt_do_dtors.o)
 .comment       0x0000000000000023       0x24 ../app_rtos_bsp\libucosii_bsp.a(alt_icache_flush_all.o)
 .comment       0x0000000000000023       0x24 ../app_rtos_bsp\libucosii_bsp.a(alt_iic.o)
 .comment       0x0000000000000023       0x24 ../app_rtos_bsp\libucosii_bsp.a(alt_iic_isr_register.o)
 .comment       0x0000000000000023       0x24 ../app_rtos_bsp\libucosii_bsp.a(alt_io_redirect.o)
 .comment       0x0000000000000023       0x24 ../app_rtos_bsp\libucosii_bsp.a(alt_irq_handler.o)
 .comment       0x0000000000000023       0x24 ../app_rtos_bsp\libucosii_bsp.a(alt_irq_vars.o)
 .comment       0x0000000000000023       0x24 ../app_rtos_bsp\libucosii_bsp.a(alt_open.o)
 .comment       0x0000000000000023       0x24 ../app_rtos_bsp\libucosii_bsp.a(alt_tick.o)
 .comment       0x0000000000000023       0x24 ../app_rtos_bsp\libucosii_bsp.a(altera_nios2_gen2_irq.o)
 .comment       0x0000000000000023       0x24 ../app_rtos_bsp\libucosii_bsp.a(os_cpu_c.o)
 .comment       0x0000000000000023       0x24 ../app_rtos_bsp\libucosii_bsp.a(alt_find_dev.o)
 .comment       0x0000000000000023       0x24 ../app_rtos_bsp\libucosii_bsp.a(alt_find_file.o)
 .comment       0x0000000000000023       0x24 ../app_rtos_bsp\libucosii_bsp.a(alt_get_fd.o)
 .comment       0x0000000000000023       0x24 ../app_rtos_bsp\libucosii_bsp.a(alt_instruction_exception_entry.o)
 .comment       0x0000000000000023       0x24 d:/programfiles/intelfpga_lite/18.1/nios2eds/bin/gnu/h-x86_64-mingw32/bin/../lib/gcc/nios2-elf/5.3.0/../../../../../H-x86_64-mingw32/nios2-elf/lib/mno-hw-mul\libc.a(lib_a-atexit.o)
 .comment       0x0000000000000023       0x24 d:/programfiles/intelfpga_lite/18.1/nios2eds/bin/gnu/h-x86_64-mingw32/bin/../lib/gcc/nios2-elf/5.3.0/../../../../../H-x86_64-mingw32/nios2-elf/lib/mno-hw-mul\libc.a(lib_a-exit.o)
 .comment       0x0000000000000023       0x24 d:/programfiles/intelfpga_lite/18.1/nios2eds/bin/gnu/h-x86_64-mingw32/bin/../lib/gcc/nios2-elf/5.3.0/../../../../../H-x86_64-mingw32/nios2-elf/lib/mno-hw-mul\libc.a(lib_a-memcmp.o)
 .comment       0x0000000000000023       0x24 d:/programfiles/intelfpga_lite/18.1/nios2eds/bin/gnu/h-x86_64-mingw32/bin/../lib/gcc/nios2-elf/5.3.0/../../../../../H-x86_64-mingw32/nios2-elf/lib/mno-hw-mul\libc.a(lib_a-memcpy.o)
 .comment       0x0000000000000023       0x24 d:/programfiles/intelfpga_lite/18.1/nios2eds/bin/gnu/h-x86_64-mingw32/bin/../lib/gcc/nios2-elf/5.3.0/../../../../../H-x86_64-mingw32/nios2-elf/lib/mno-hw-mul\libc.a(lib_a-__atexit.o)